[1.720s] Invoking command in '/home/qkenrrltk2/xycar_ws/src/my_motor': PYTHONPATH=/home/qkenrrltk2/xycar_ws/src/build/my_motor/prefix_override:/usr/lib/python3/dist-packages/colcon_core/task/python/colcon_distutils_commands:/home/qkenrrltk2/xycar_ws/src/install/my_motor/lib/python3.10/site-packages:${PYTHONPATH} /usr/bin/python3 -W ignore:setup.py install is deprecated -W ignore:easy_install command is deprecated setup.py egg_info --egg-base ../build/my_motor build --build-base /home/qkenrrltk2/xycar_ws/src/build/my_motor/build install --record /home/qkenrrltk2/xycar_ws/src/build/my_motor/install.log --single-version-externally-managed install_data
[1.926s] running egg_info
[1.926s] writing ../build/my_motor/my_motor.egg-info/PKG-INFO
[1.927s] writing dependency_links to ../build/my_motor/my_motor.egg-info/dependency_links.txt
[1.927s] writing entry points to ../build/my_motor/my_motor.egg-info/entry_points.txt
[1.927s] writing requirements to ../build/my_motor/my_motor.egg-info/requires.txt
[1.927s] writing top-level names to ../build/my_motor/my_motor.egg-info/top_level.txt
[1.929s] reading manifest file '../build/my_motor/my_motor.egg-info/SOURCES.txt'
[1.930s] adding license file 'LICENSE'
[1.930s] writing manifest file '../build/my_motor/my_motor.egg-info/SOURCES.txt'
[1.930s] running build
[1.931s] running build_py
[1.931s] running install
[1.931s] running install_lib
[1.934s] running install_data
[1.934s] running install_egg_info
[1.935s] removing '/home/qkenrrltk2/xycar_ws/src/install/my_motor/lib/python3.10/site-packages/my_motor-0.0.0-py3.10.egg-info' (and everything under it)
[1.935s] Copying ../build/my_motor/my_motor.egg-info to /home/qkenrrltk2/xycar_ws/src/install/my_motor/lib/python3.10/site-packages/my_motor-0.0.0-py3.10.egg-info
[1.937s] running install_scripts
[1.955s] Installing go script to /home/qkenrrltk2/xycar_ws/src/install/my_motor/lib/my_motor
[1.956s] Installing go_stop script to /home/qkenrrltk2/xycar_ws/src/install/my_motor/lib/my_motor
[1.956s] writing list of installed files to '/home/qkenrrltk2/xycar_ws/src/build/my_motor/install.log'
[1.989s] Invoked command in '/home/qkenrrltk2/xycar_ws/src/my_motor' returned '0': PYTHONPATH=/home/qkenrrltk2/xycar_ws/src/build/my_motor/prefix_override:/usr/lib/python3/dist-packages/colcon_core/task/python/colcon_distutils_commands:/home/qkenrrltk2/xycar_ws/src/install/my_motor/lib/python3.10/site-packages:${PYTHONPATH} /usr/bin/python3 -W ignore:setup.py install is deprecated -W ignore:easy_install command is deprecated setup.py egg_info --egg-base ../build/my_motor build --build-base /home/qkenrrltk2/xycar_ws/src/build/my_motor/build install --record /home/qkenrrltk2/xycar_ws/src/build/my_motor/install.log --single-version-externally-managed install_data
