[0.904s] Invoking command in '/home/qkenrrltk2/xycar_ws/src/kookmin9_viewer': AMENT_PREFIX_PATH=/home/qkenrrltk2/xycar_ws/src/install/xycar_msgs:${AMENT_PREFIX_PATH} CMAKE_PREFIX_PATH=/home/qkenrrltk2/xycar_ws/src/install/xycar_msgs:${CMAKE_PREFIX_PATH} LD_LIBRARY_PATH=/home/qkenrrltk2/xycar_ws/src/install/xycar_msgs/lib:${LD_LIBRARY_PATH} PYTHONPATH=/home/qkenrrltk2/xycar_ws/src/build/kookmin9_viewer/prefix_override:/usr/lib/python3/dist-packages/colcon_core/task/python/colcon_distutils_commands:/home/qkenrrltk2/xycar_ws/src/install/kookmin9_viewer/lib/python3.10/site-packages:/home/qkenrrltk2/xycar_ws/src/install/xycar_msgs/local/lib/python3.10/dist-packages:${PYTHONPATH} /usr/bin/python3 -W ignore:setup.py install is deprecated -W ignore:easy_install command is deprecated setup.py egg_info --egg-base ../build/kookmin9_viewer build --build-base /home/qkenrrltk2/xycar_ws/src/build/kookmin9_viewer/build install --record /home/qkenrrltk2/xycar_ws/src/build/kookmin9_viewer/install.log --single-version-externally-managed install_data
[1.091s] running egg_info
[1.091s] creating ../build/kookmin9_viewer/kookmin9_viewer.egg-info
[1.092s] writing ../build/kookmin9_viewer/kookmin9_viewer.egg-info/PKG-INFO
[1.092s] writing dependency_links to ../build/kookmin9_viewer/kookmin9_viewer.egg-info/dependency_links.txt
[1.092s] writing entry points to ../build/kookmin9_viewer/kookmin9_viewer.egg-info/entry_points.txt
[1.092s] writing requirements to ../build/kookmin9_viewer/kookmin9_viewer.egg-info/requires.txt
[1.092s] writing top-level names to ../build/kookmin9_viewer/kookmin9_viewer.egg-info/top_level.txt
[1.092s] writing manifest file '../build/kookmin9_viewer/kookmin9_viewer.egg-info/SOURCES.txt'
[1.094s] reading manifest file '../build/kookmin9_viewer/kookmin9_viewer.egg-info/SOURCES.txt'
[1.094s] adding license file 'LICENSE'
[1.094s] writing manifest file '../build/kookmin9_viewer/kookmin9_viewer.egg-info/SOURCES.txt'
[1.094s] running build
[1.094s] running build_py
[1.095s] creating /home/qkenrrltk2/xycar_ws/src/build/kookmin9_viewer/build
[1.095s] creating /home/qkenrrltk2/xycar_ws/src/build/kookmin9_viewer/build/lib
[1.095s] creating /home/qkenrrltk2/xycar_ws/src/build/kookmin9_viewer/build/lib/kookmin9_viewer
[1.095s] copying kookmin9_viewer/__init__.py -> /home/qkenrrltk2/xycar_ws/src/build/kookmin9_viewer/build/lib/kookmin9_viewer
[1.095s] copying kookmin9_viewer/test_viewer.py -> /home/qkenrrltk2/xycar_ws/src/build/kookmin9_viewer/build/lib/kookmin9_viewer
[1.095s] running install
[1.095s] running install_lib
[1.095s] creating /home/qkenrrltk2/xycar_ws/src/install/kookmin9_viewer/lib/python3.10/site-packages/kookmin9_viewer
[1.096s] copying /home/qkenrrltk2/xycar_ws/src/build/kookmin9_viewer/build/lib/kookmin9_viewer/__init__.py -> /home/qkenrrltk2/xycar_ws/src/install/kookmin9_viewer/lib/python3.10/site-packages/kookmin9_viewer
[1.096s] copying /home/qkenrrltk2/xycar_ws/src/build/kookmin9_viewer/build/lib/kookmin9_viewer/test_viewer.py -> /home/qkenrrltk2/xycar_ws/src/install/kookmin9_viewer/lib/python3.10/site-packages/kookmin9_viewer
[1.097s] byte-compiling /home/qkenrrltk2/xycar_ws/src/install/kookmin9_viewer/lib/python3.10/site-packages/kookmin9_viewer/__init__.py to __init__.cpython-310.pyc
[1.097s] byte-compiling /home/qkenrrltk2/xycar_ws/src/install/kookmin9_viewer/lib/python3.10/site-packages/kookmin9_viewer/test_viewer.py to test_viewer.cpython-310.pyc
[1.098s] running install_data
[1.098s] creating /home/qkenrrltk2/xycar_ws/src/install/kookmin9_viewer/share/ament_index
[1.098s] creating /home/qkenrrltk2/xycar_ws/src/install/kookmin9_viewer/share/ament_index/resource_index
[1.099s] creating /home/qkenrrltk2/xycar_ws/src/install/kookmin9_viewer/share/ament_index/resource_index/packages
[1.099s] copying resource/kookmin9_viewer -> /home/qkenrrltk2/xycar_ws/src/install/kookmin9_viewer/share/ament_index/resource_index/packages
[1.099s] copying package.xml -> /home/qkenrrltk2/xycar_ws/src/install/kookmin9_viewer/share/kookmin9_viewer
[1.099s] running install_egg_info
[1.100s] Copying ../build/kookmin9_viewer/kookmin9_viewer.egg-info to /home/qkenrrltk2/xycar_ws/src/install/kookmin9_viewer/lib/python3.10/site-packages/kookmin9_viewer-0.1.0-py3.10.egg-info
[1.101s] running install_scripts
[1.117s] Installing test_viewer script to /home/qkenrrltk2/xycar_ws/src/install/kookmin9_viewer/lib/kookmin9_viewer
[1.117s] writing list of installed files to '/home/qkenrrltk2/xycar_ws/src/build/kookmin9_viewer/install.log'
[1.147s] Invoked command in '/home/qkenrrltk2/xycar_ws/src/kookmin9_viewer' returned '0': AMENT_PREFIX_PATH=/home/qkenrrltk2/xycar_ws/src/install/xycar_msgs:${AMENT_PREFIX_PATH} CMAKE_PREFIX_PATH=/home/qkenrrltk2/xycar_ws/src/install/xycar_msgs:${CMAKE_PREFIX_PATH} LD_LIBRARY_PATH=/home/qkenrrltk2/xycar_ws/src/install/xycar_msgs/lib:${LD_LIBRARY_PATH} PYTHONPATH=/home/qkenrrltk2/xycar_ws/src/build/kookmin9_viewer/prefix_override:/usr/lib/python3/dist-packages/colcon_core/task/python/colcon_distutils_commands:/home/qkenrrltk2/xycar_ws/src/install/kookmin9_viewer/lib/python3.10/site-packages:/home/qkenrrltk2/xycar_ws/src/install/xycar_msgs/local/lib/python3.10/dist-packages:${PYTHONPATH} /usr/bin/python3 -W ignore:setup.py install is deprecated -W ignore:easy_install command is deprecated setup.py egg_info --egg-base ../build/kookmin9_viewer build --build-base /home/qkenrrltk2/xycar_ws/src/build/kookmin9_viewer/build install --record /home/qkenrrltk2/xycar_ws/src/build/kookmin9_viewer/install.log --single-version-externally-managed install_data
