[1.406s] Invoking command in '/home/qkenrrltk2/xycar_ws/src/my_imu': PYTHONPATH=/home/qkenrrltk2/xycar_ws/src/build/my_imu/prefix_override:/usr/lib/python3/dist-packages/colcon_core/task/python/colcon_distutils_commands:/home/qkenrrltk2/xycar_ws/src/install/my_imu/lib/python3.10/site-packages:${PYTHONPATH} /usr/bin/python3 -W ignore:setup.py install is deprecated -W ignore:easy_install command is deprecated setup.py egg_info --egg-base ../build/my_imu build --build-base /home/qkenrrltk2/xycar_ws/src/build/my_imu/build install --record /home/qkenrrltk2/xycar_ws/src/build/my_imu/install.log --single-version-externally-managed install_data
[1.571s] running egg_info
[1.571s] creating ../build/my_imu/my_imu.egg-info
[1.571s] writing ../build/my_imu/my_imu.egg-info/PKG-INFO
[1.572s] writing dependency_links to ../build/my_imu/my_imu.egg-info/dependency_links.txt
[1.572s] writing entry points to ../build/my_imu/my_imu.egg-info/entry_points.txt
[1.572s] writing requirements to ../build/my_imu/my_imu.egg-info/requires.txt
[1.572s] writing top-level names to ../build/my_imu/my_imu.egg-info/top_level.txt
[1.572s] writing manifest file '../build/my_imu/my_imu.egg-info/SOURCES.txt'
[1.574s] reading manifest file '../build/my_imu/my_imu.egg-info/SOURCES.txt'
[1.575s] writing manifest file '../build/my_imu/my_imu.egg-info/SOURCES.txt'
[1.575s] running build
[1.575s] running build_py
[1.575s] creating /home/qkenrrltk2/xycar_ws/src/build/my_imu/build
[1.575s] creating /home/qkenrrltk2/xycar_ws/src/build/my_imu/build/lib
[1.575s] creating /home/qkenrrltk2/xycar_ws/src/build/my_imu/build/lib/my_imu
[1.575s] copying my_imu/__init__.py -> /home/qkenrrltk2/xycar_ws/src/build/my_imu/build/lib/my_imu
[1.576s] copying my_imu/roll_pitch_yaw.py -> /home/qkenrrltk2/xycar_ws/src/build/my_imu/build/lib/my_imu
[1.576s] running install
[1.577s] running install_lib
[1.577s] creating /home/qkenrrltk2/xycar_ws/src/install/my_imu/lib/python3.10/site-packages/my_imu
[1.578s] copying /home/qkenrrltk2/xycar_ws/src/build/my_imu/build/lib/my_imu/__init__.py -> /home/qkenrrltk2/xycar_ws/src/install/my_imu/lib/python3.10/site-packages/my_imu
[1.578s] copying /home/qkenrrltk2/xycar_ws/src/build/my_imu/build/lib/my_imu/roll_pitch_yaw.py -> /home/qkenrrltk2/xycar_ws/src/install/my_imu/lib/python3.10/site-packages/my_imu
[1.579s] byte-compiling /home/qkenrrltk2/xycar_ws/src/install/my_imu/lib/python3.10/site-packages/my_imu/__init__.py to __init__.cpython-310.pyc
[1.579s] byte-compiling /home/qkenrrltk2/xycar_ws/src/install/my_imu/lib/python3.10/site-packages/my_imu/roll_pitch_yaw.py to roll_pitch_yaw.cpython-310.pyc
[1.579s] running install_data
[1.580s] creating /home/qkenrrltk2/xycar_ws/src/install/my_imu/share/ament_index
[1.580s] creating /home/qkenrrltk2/xycar_ws/src/install/my_imu/share/ament_index/resource_index
[1.580s] creating /home/qkenrrltk2/xycar_ws/src/install/my_imu/share/ament_index/resource_index/packages
[1.580s] copying resource/my_imu -> /home/qkenrrltk2/xycar_ws/src/install/my_imu/share/ament_index/resource_index/packages
[1.580s] copying package.xml -> /home/qkenrrltk2/xycar_ws/src/install/my_imu/share/my_imu
[1.580s] running install_egg_info
[1.580s] Copying ../build/my_imu/my_imu.egg-info to /home/qkenrrltk2/xycar_ws/src/install/my_imu/lib/python3.10/site-packages/my_imu-0.0.0-py3.10.egg-info
[1.581s] running install_scripts
[1.600s] Installing roll_pitch_yaw script to /home/qkenrrltk2/xycar_ws/src/install/my_imu/lib/my_imu
[1.601s] writing list of installed files to '/home/qkenrrltk2/xycar_ws/src/build/my_imu/install.log'
[1.625s] Invoked command in '/home/qkenrrltk2/xycar_ws/src/my_imu' returned '0': PYTHONPATH=/home/qkenrrltk2/xycar_ws/src/build/my_imu/prefix_override:/usr/lib/python3/dist-packages/colcon_core/task/python/colcon_distutils_commands:/home/qkenrrltk2/xycar_ws/src/install/my_imu/lib/python3.10/site-packages:${PYTHONPATH} /usr/bin/python3 -W ignore:setup.py install is deprecated -W ignore:easy_install command is deprecated setup.py egg_info --egg-base ../build/my_imu build --build-base /home/qkenrrltk2/xycar_ws/src/build/my_imu/build install --record /home/qkenrrltk2/xycar_ws/src/build/my_imu/install.log --single-version-externally-managed install_data
