[0.037s] Invoking command in '/home/qkenrrltk2/xycar_ws/src/build/xycar_msgs': CMAKE_PREFIX_PATH=${CMAKE_PREFIX_PATH}:/home/qkenrrltk2/xycar_ws/src/install/my_lidar:/home/qkenrrltk2/xycar_ws/src/install/my_cam:/home/qkenrrltk2/xycar_ws/src/install/kookmin9_viewer:/home/qkenrrltk2/xycar_ws/src/install/track_drive:/home/qkenrrltk2/xycar_ws/src/install/ros_tcp_endpoint:/home/qkenrrltk2/xycar_ws/src/install/recognition:/home/qkenrrltk2/xycar_ws/src/install/my_motor:/home/qkenrrltk2/xycar_ws/src/install/my_imu:/home/qkenrrltk2/xycar_ws/install/my_lidar:/home/qkenrrltk2/xycar_ws/install/my_cam:/home/qkenrrltk2/xycar_ws/install/kookmin9_viewer:/home/qkenrrltk2/xycar_ws/install/track_drive:/home/qkenrrltk2/xycar_ws/install/ros_tcp_endpoint:/home/qkenrrltk2/xycar_ws/install/my_motor:/home/qkenrrltk2/xycar_ws/install/my_imu:/opt/ros/humble /usr/bin/cmake --build /home/qkenrrltk2/xycar_ws/src/build/xycar_msgs -- -j24 -l24
[0.875s] [35m[1mConsolidate compiler generated dependencies of target xycar_msgs__rosidl_generator_c[0m
[0.875s] [  5%] Built target xycar_msgs__rs
[0.876s] [  5%] Built target xycar_msgs__cpp
[0.876s] [ 15%] Built target xycar_msgs__rosidl_generator_c
[0.876s] [ 15%] Built target ament_cmake_python_copy_xycar_msgs
[0.876s] [35m[1mConsolidate compiler generated dependencies of target xycar_msgs__rosidl_typesupport_fastrtps_cpp[0m
[0.876s] [35m[1mConsolidate compiler generated dependencies of target xycar_msgs__rosidl_typesupport_cpp[0m
[0.876s] [35m[1mConsolidate compiler generated dependencies of target xycar_msgs__rosidl_typesupport_introspection_cpp[0m
[0.877s] [35m[1mConsolidate compiler generated dependencies of target xycar_msgs__rosidl_typesupport_c[0m
[0.877s] [35m[1mConsolidate compiler generated dependencies of target xycar_msgs__rosidl_typesupport_introspection_c[0m
[0.877s] [35m[1mConsolidate compiler generated dependencies of target xycar_msgs__rosidl_typesupport_fastrtps_c[0m
[0.877s] [ 25%] Built target xycar_msgs__rosidl_typesupport_fastrtps_cpp
[0.878s] [ 35%] Built target xycar_msgs__rosidl_typesupport_cpp
[0.878s] [ 55%] Built target xycar_msgs__rosidl_typesupport_fastrtps_c
[0.878s] [ 55%] Built target xycar_msgs__rosidl_typesupport_introspection_c
[0.878s] [ 65%] Built target xycar_msgs__rosidl_typesupport_introspection_cpp
[0.878s] [ 75%] Built target xycar_msgs__rosidl_typesupport_c
[0.878s] [ 75%] Built target xycar_msgs
[0.878s] [ 77%] Built target xycar_msgs__py
[0.879s] [35m[1mConsolidate compiler generated dependencies of target xycar_msgs__rosidl_generator_py[0m
[0.879s] [ 85%] Built target xycar_msgs__rosidl_generator_py
[0.879s] [35m[1mConsolidate compiler generated dependencies of target xycar_msgs__rosidl_typesupport_c__pyext[0m
[0.879s] [35m[1mConsolidate compiler generated dependencies of target xycar_msgs__rosidl_typesupport_introspection_c__pyext[0m
[0.879s] [35m[1mConsolidate compiler generated dependencies of target xycar_msgs__rosidl_typesupport_fastrtps_c__pyext[0m
[0.879s] [ 95%] Built target xycar_msgs__rosidl_typesupport_fastrtps_c__pyext
[0.879s] [ 92%] Built target xycar_msgs__rosidl_typesupport_c__pyext
[0.879s] [100%] Built target xycar_msgs__rosidl_typesupport_introspection_c__pyext
[0.879s] running egg_info
[0.879s] writing xycar_msgs.egg-info/PKG-INFO
[0.879s] writing dependency_links to xycar_msgs.egg-info/dependency_links.txt
[0.879s] writing top-level names to xycar_msgs.egg-info/top_level.txt
[0.879s] reading manifest file 'xycar_msgs.egg-info/SOURCES.txt'
[0.879s] writing manifest file 'xycar_msgs.egg-info/SOURCES.txt'
[0.879s] [100%] Built target ament_cmake_python_build_xycar_msgs_egg
[1.081s] Invoked command in '/home/qkenrrltk2/xycar_ws/src/build/xycar_msgs' returned '0': CMAKE_PREFIX_PATH=${CMAKE_PREFIX_PATH}:/home/qkenrrltk2/xycar_ws/src/install/my_lidar:/home/qkenrrltk2/xycar_ws/src/install/my_cam:/home/qkenrrltk2/xycar_ws/src/install/kookmin9_viewer:/home/qkenrrltk2/xycar_ws/src/install/track_drive:/home/qkenrrltk2/xycar_ws/src/install/ros_tcp_endpoint:/home/qkenrrltk2/xycar_ws/src/install/recognition:/home/qkenrrltk2/xycar_ws/src/install/my_motor:/home/qkenrrltk2/xycar_ws/src/install/my_imu:/home/qkenrrltk2/xycar_ws/install/my_lidar:/home/qkenrrltk2/xycar_ws/install/my_cam:/home/qkenrrltk2/xycar_ws/install/kookmin9_viewer:/home/qkenrrltk2/xycar_ws/install/track_drive:/home/qkenrrltk2/xycar_ws/install/ros_tcp_endpoint:/home/qkenrrltk2/xycar_ws/install/my_motor:/home/qkenrrltk2/xycar_ws/install/my_imu:/opt/ros/humble /usr/bin/cmake --build /home/qkenrrltk2/xycar_ws/src/build/xycar_msgs -- -j24 -l24
[1.088s] Invoking command in '/home/qkenrrltk2/xycar_ws/src/build/xycar_msgs': CMAKE_PREFIX_PATH=${CMAKE_PREFIX_PATH}:/home/qkenrrltk2/xycar_ws/src/install/my_lidar:/home/qkenrrltk2/xycar_ws/src/install/my_cam:/home/qkenrrltk2/xycar_ws/src/install/kookmin9_viewer:/home/qkenrrltk2/xycar_ws/src/install/track_drive:/home/qkenrrltk2/xycar_ws/src/install/ros_tcp_endpoint:/home/qkenrrltk2/xycar_ws/src/install/recognition:/home/qkenrrltk2/xycar_ws/src/install/my_motor:/home/qkenrrltk2/xycar_ws/src/install/my_imu:/home/qkenrrltk2/xycar_ws/install/my_lidar:/home/qkenrrltk2/xycar_ws/install/my_cam:/home/qkenrrltk2/xycar_ws/install/kookmin9_viewer:/home/qkenrrltk2/xycar_ws/install/track_drive:/home/qkenrrltk2/xycar_ws/install/ros_tcp_endpoint:/home/qkenrrltk2/xycar_ws/install/my_motor:/home/qkenrrltk2/xycar_ws/install/my_imu:/opt/ros/humble /usr/bin/cmake --install /home/qkenrrltk2/xycar_ws/src/build/xycar_msgs
[1.096s] -- Install configuration: ""
[1.096s] -- Up-to-date: /home/qkenrrltk2/xycar_ws/src/install/xycar_msgs/share/ament_index/resource_index/rosidl_interfaces/xycar_msgs
[1.096s] -- Up-to-date: /home/qkenrrltk2/xycar_ws/src/install/xycar_msgs/include/xycar_msgs/xycar_msgs
[1.096s] -- Up-to-date: /home/qkenrrltk2/xycar_ws/src/install/xycar_msgs/include/xycar_msgs/xycar_msgs/msg
[1.097s] -- Up-to-date: /home/qkenrrltk2/xycar_ws/src/install/xycar_msgs/include/xycar_msgs/xycar_msgs/msg/xycar_motor.h
[1.097s] -- Up-to-date: /home/qkenrrltk2/xycar_ws/src/install/xycar_msgs/include/xycar_msgs/xycar_msgs/msg/rosidl_generator_c__visibility_control.h
[1.098s] -- Up-to-date: /home/qkenrrltk2/xycar_ws/src/install/xycar_msgs/include/xycar_msgs/xycar_msgs/msg/detail
[1.098s] -- Up-to-date: /home/qkenrrltk2/xycar_ws/src/install/xycar_msgs/include/xycar_msgs/xycar_msgs/msg/detail/xycar_ultrasonic__functions.c
[1.098s] -- Up-to-date: /home/qkenrrltk2/xycar_ws/src/install/xycar_msgs/include/xycar_msgs/xycar_msgs/msg/detail/xycar_motor__type_support.h
[1.099s] -- Up-to-date: /home/qkenrrltk2/xycar_ws/src/install/xycar_msgs/include/xycar_msgs/xycar_msgs/msg/detail/xycar_motor__functions.c
[1.099s] -- Up-to-date: /home/qkenrrltk2/xycar_ws/src/install/xycar_msgs/include/xycar_msgs/xycar_msgs/msg/detail/xycar_ultrasonic__type_support.h
[1.099s] -- Up-to-date: /home/qkenrrltk2/xycar_ws/src/install/xycar_msgs/include/xycar_msgs/xycar_msgs/msg/detail/xycar_ultrasonic__struct.h
[1.099s] -- Up-to-date: /home/qkenrrltk2/xycar_ws/src/install/xycar_msgs/include/xycar_msgs/xycar_msgs/msg/detail/xycar_motor__struct.h
[1.099s] -- Up-to-date: /home/qkenrrltk2/xycar_ws/src/install/xycar_msgs/include/xycar_msgs/xycar_msgs/msg/detail/xycar_motor__functions.h
[1.099s] -- Up-to-date: /home/qkenrrltk2/xycar_ws/src/install/xycar_msgs/include/xycar_msgs/xycar_msgs/msg/detail/xycar_ultrasonic__functions.h
[1.099s] -- Up-to-date: /home/qkenrrltk2/xycar_ws/src/install/xycar_msgs/include/xycar_msgs/xycar_msgs/msg/xycar_ultrasonic.h
[1.099s] -- Up-to-date: /home/qkenrrltk2/xycar_ws/src/install/xycar_msgs/share/xycar_msgs/environment/library_path.sh
[1.099s] -- Up-to-date: /home/qkenrrltk2/xycar_ws/src/install/xycar_msgs/share/xycar_msgs/environment/library_path.dsv
[1.100s] -- Up-to-date: /home/qkenrrltk2/xycar_ws/src/install/xycar_msgs/lib/libxycar_msgs__rosidl_generator_c.so
[1.100s] -- Up-to-date: /home/qkenrrltk2/xycar_ws/src/install/xycar_msgs/include/xycar_msgs/xycar_msgs
[1.100s] -- Up-to-date: /home/qkenrrltk2/xycar_ws/src/install/xycar_msgs/include/xycar_msgs/xycar_msgs/msg
[1.100s] -- Up-to-date: /home/qkenrrltk2/xycar_ws/src/install/xycar_msgs/include/xycar_msgs/xycar_msgs/msg/detail
[1.100s] -- Up-to-date: /home/qkenrrltk2/xycar_ws/src/install/xycar_msgs/include/xycar_msgs/xycar_msgs/msg/detail/xycar_motor__rosidl_typesupport_fastrtps_c.h
[1.100s] -- Up-to-date: /home/qkenrrltk2/xycar_ws/src/install/xycar_msgs/include/xycar_msgs/xycar_msgs/msg/detail/xycar_ultrasonic__rosidl_typesupport_fastrtps_c.h
[1.100s] -- Up-to-date: /home/qkenrrltk2/xycar_ws/src/install/xycar_msgs/include/xycar_msgs/xycar_msgs/msg/rosidl_typesupport_fastrtps_c__visibility_control.h
[1.100s] -- Up-to-date: /home/qkenrrltk2/xycar_ws/src/install/xycar_msgs/lib/libxycar_msgs__rosidl_typesupport_fastrtps_c.so
[1.100s] -- Up-to-date: /home/qkenrrltk2/xycar_ws/src/install/xycar_msgs/include/xycar_msgs/xycar_msgs
[1.100s] -- Up-to-date: /home/qkenrrltk2/xycar_ws/src/install/xycar_msgs/include/xycar_msgs/xycar_msgs/msg
[1.100s] -- Up-to-date: /home/qkenrrltk2/xycar_ws/src/install/xycar_msgs/include/xycar_msgs/xycar_msgs/msg/rosidl_typesupport_introspection_c__visibility_control.h
[1.100s] -- Up-to-date: /home/qkenrrltk2/xycar_ws/src/install/xycar_msgs/include/xycar_msgs/xycar_msgs/msg/detail
[1.100s] -- Up-to-date: /home/qkenrrltk2/xycar_ws/src/install/xycar_msgs/include/xycar_msgs/xycar_msgs/msg/detail/xycar_ultrasonic__rosidl_typesupport_introspection_c.h
[1.100s] -- Up-to-date: /home/qkenrrltk2/xycar_ws/src/install/xycar_msgs/include/xycar_msgs/xycar_msgs/msg/detail/xycar_motor__rosidl_typesupport_introspection_c.h
[1.100s] -- Up-to-date: /home/qkenrrltk2/xycar_ws/src/install/xycar_msgs/include/xycar_msgs/xycar_msgs/msg/detail/xycar_motor__type_support.c
[1.100s] -- Up-to-date: /home/qkenrrltk2/xycar_ws/src/install/xycar_msgs/include/xycar_msgs/xycar_msgs/msg/detail/xycar_ultrasonic__type_support.c
[1.100s] -- Up-to-date: /home/qkenrrltk2/xycar_ws/src/install/xycar_msgs/lib/libxycar_msgs__rosidl_typesupport_introspection_c.so
[1.101s] -- Up-to-date: /home/qkenrrltk2/xycar_ws/src/install/xycar_msgs/lib/libxycar_msgs__rosidl_typesupport_c.so
[1.101s] -- Up-to-date: /home/qkenrrltk2/xycar_ws/src/install/xycar_msgs/include/xycar_msgs/xycar_msgs
[1.101s] -- Up-to-date: /home/qkenrrltk2/xycar_ws/src/install/xycar_msgs/include/xycar_msgs/xycar_msgs/msg
[1.101s] -- Up-to-date: /home/qkenrrltk2/xycar_ws/src/install/xycar_msgs/include/xycar_msgs/xycar_msgs/msg/rosidl_generator_cpp__visibility_control.hpp
[1.101s] -- Up-to-date: /home/qkenrrltk2/xycar_ws/src/install/xycar_msgs/include/xycar_msgs/xycar_msgs/msg/detail
[1.101s] -- Up-to-date: /home/qkenrrltk2/xycar_ws/src/install/xycar_msgs/include/xycar_msgs/xycar_msgs/msg/detail/xycar_ultrasonic__type_support.hpp
[1.101s] -- Up-to-date: /home/qkenrrltk2/xycar_ws/src/install/xycar_msgs/include/xycar_msgs/xycar_msgs/msg/detail/xycar_ultrasonic__traits.hpp
[1.101s] -- Up-to-date: /home/qkenrrltk2/xycar_ws/src/install/xycar_msgs/include/xycar_msgs/xycar_msgs/msg/detail/xycar_ultrasonic__builder.hpp
[1.101s] -- Up-to-date: /home/qkenrrltk2/xycar_ws/src/install/xycar_msgs/include/xycar_msgs/xycar_msgs/msg/detail/xycar_motor__builder.hpp
[1.101s] -- Up-to-date: /home/qkenrrltk2/xycar_ws/src/install/xycar_msgs/include/xycar_msgs/xycar_msgs/msg/detail/xycar_ultrasonic__struct.hpp
[1.101s] -- Up-to-date: /home/qkenrrltk2/xycar_ws/src/install/xycar_msgs/include/xycar_msgs/xycar_msgs/msg/detail/xycar_motor__type_support.hpp
[1.101s] -- Up-to-date: /home/qkenrrltk2/xycar_ws/src/install/xycar_msgs/include/xycar_msgs/xycar_msgs/msg/detail/xycar_motor__struct.hpp
[1.101s] -- Up-to-date: /home/qkenrrltk2/xycar_ws/src/install/xycar_msgs/include/xycar_msgs/xycar_msgs/msg/detail/xycar_motor__traits.hpp
[1.101s] -- Up-to-date: /home/qkenrrltk2/xycar_ws/src/install/xycar_msgs/include/xycar_msgs/xycar_msgs/msg/xycar_motor.hpp
[1.101s] -- Up-to-date: /home/qkenrrltk2/xycar_ws/src/install/xycar_msgs/include/xycar_msgs/xycar_msgs/msg/xycar_ultrasonic.hpp
[1.101s] -- Up-to-date: /home/qkenrrltk2/xycar_ws/src/install/xycar_msgs/include/xycar_msgs/xycar_msgs
[1.101s] -- Up-to-date: /home/qkenrrltk2/xycar_ws/src/install/xycar_msgs/include/xycar_msgs/xycar_msgs/msg
[1.101s] -- Up-to-date: /home/qkenrrltk2/xycar_ws/src/install/xycar_msgs/include/xycar_msgs/xycar_msgs/msg/rosidl_typesupport_fastrtps_cpp__visibility_control.h
[1.101s] -- Up-to-date: /home/qkenrrltk2/xycar_ws/src/install/xycar_msgs/include/xycar_msgs/xycar_msgs/msg/detail
[1.101s] -- Up-to-date: /home/qkenrrltk2/xycar_ws/src/install/xycar_msgs/include/xycar_msgs/xycar_msgs/msg/detail/dds_fastrtps
[1.101s] -- Up-to-date: /home/qkenrrltk2/xycar_ws/src/install/xycar_msgs/include/xycar_msgs/xycar_msgs/msg/detail/xycar_motor__rosidl_typesupport_fastrtps_cpp.hpp
[1.101s] -- Up-to-date: /home/qkenrrltk2/xycar_ws/src/install/xycar_msgs/include/xycar_msgs/xycar_msgs/msg/detail/xycar_ultrasonic__rosidl_typesupport_fastrtps_cpp.hpp
[1.101s] -- Up-to-date: /home/qkenrrltk2/xycar_ws/src/install/xycar_msgs/lib/libxycar_msgs__rosidl_typesupport_fastrtps_cpp.so
[1.102s] -- Up-to-date: /home/qkenrrltk2/xycar_ws/src/install/xycar_msgs/include/xycar_msgs/xycar_msgs
[1.102s] -- Up-to-date: /home/qkenrrltk2/xycar_ws/src/install/xycar_msgs/include/xycar_msgs/xycar_msgs/msg
[1.102s] -- Up-to-date: /home/qkenrrltk2/xycar_ws/src/install/xycar_msgs/include/xycar_msgs/xycar_msgs/msg/detail
[1.102s] -- Up-to-date: /home/qkenrrltk2/xycar_ws/src/install/xycar_msgs/include/xycar_msgs/xycar_msgs/msg/detail/xycar_motor__type_support.cpp
[1.102s] -- Up-to-date: /home/qkenrrltk2/xycar_ws/src/install/xycar_msgs/include/xycar_msgs/xycar_msgs/msg/detail/xycar_motor__rosidl_typesupport_introspection_cpp.hpp
[1.102s] -- Up-to-date: /home/qkenrrltk2/xycar_ws/src/install/xycar_msgs/include/xycar_msgs/xycar_msgs/msg/detail/xycar_ultrasonic__type_support.cpp
[1.102s] -- Up-to-date: /home/qkenrrltk2/xycar_ws/src/install/xycar_msgs/include/xycar_msgs/xycar_msgs/msg/detail/xycar_ultrasonic__rosidl_typesupport_introspection_cpp.hpp
[1.102s] -- Up-to-date: /home/qkenrrltk2/xycar_ws/src/install/xycar_msgs/lib/libxycar_msgs__rosidl_typesupport_introspection_cpp.so
[1.102s] -- Up-to-date: /home/qkenrrltk2/xycar_ws/src/install/xycar_msgs/lib/libxycar_msgs__rosidl_typesupport_cpp.so
[1.102s] -- Up-to-date: /home/qkenrrltk2/xycar_ws/src/install/xycar_msgs/share/xycar_msgs/environment/pythonpath.sh
[1.102s] -- Up-to-date: /home/qkenrrltk2/xycar_ws/src/install/xycar_msgs/share/xycar_msgs/environment/pythonpath.dsv
[1.102s] -- Up-to-date: /home/qkenrrltk2/xycar_ws/src/install/xycar_msgs/local/lib/python3.10/dist-packages/xycar_msgs-0.0.0-py3.10.egg-info
[1.102s] -- Installing: /home/qkenrrltk2/xycar_ws/src/install/xycar_msgs/local/lib/python3.10/dist-packages/xycar_msgs-0.0.0-py3.10.egg-info/top_level.txt
[1.102s] -- Installing: /home/qkenrrltk2/xycar_ws/src/install/xycar_msgs/local/lib/python3.10/dist-packages/xycar_msgs-0.0.0-py3.10.egg-info/dependency_links.txt
[1.102s] -- Installing: /home/qkenrrltk2/xycar_ws/src/install/xycar_msgs/local/lib/python3.10/dist-packages/xycar_msgs-0.0.0-py3.10.egg-info/SOURCES.txt
[1.102s] -- Installing: /home/qkenrrltk2/xycar_ws/src/install/xycar_msgs/local/lib/python3.10/dist-packages/xycar_msgs-0.0.0-py3.10.egg-info/PKG-INFO
[1.102s] -- Up-to-date: /home/qkenrrltk2/xycar_ws/src/install/xycar_msgs/local/lib/python3.10/dist-packages/xycar_msgs
[1.102s] -- Up-to-date: /home/qkenrrltk2/xycar_ws/src/install/xycar_msgs/local/lib/python3.10/dist-packages/xycar_msgs/xycar_msgs_s__rosidl_typesupport_c.cpython-310-x86_64-linux-gnu.so
[1.102s] -- Up-to-date: /home/qkenrrltk2/xycar_ws/src/install/xycar_msgs/local/lib/python3.10/dist-packages/xycar_msgs/xycar_msgs_s__rosidl_typesupport_fastrtps_c.cpython-310-x86_64-linux-gnu.so
[1.102s] -- Up-to-date: /home/qkenrrltk2/xycar_ws/src/install/xycar_msgs/local/lib/python3.10/dist-packages/xycar_msgs/_xycar_msgs_s.ep.rosidl_typesupport_c.c
[1.102s] -- Up-to-date: /home/qkenrrltk2/xycar_ws/src/install/xycar_msgs/local/lib/python3.10/dist-packages/xycar_msgs/_xycar_msgs_s.ep.rosidl_typesupport_fastrtps_c.c
[1.102s] -- Up-to-date: /home/qkenrrltk2/xycar_ws/src/install/xycar_msgs/local/lib/python3.10/dist-packages/xycar_msgs/libxycar_msgs__rosidl_generator_py.so
[1.102s] -- Up-to-date: /home/qkenrrltk2/xycar_ws/src/install/xycar_msgs/local/lib/python3.10/dist-packages/xycar_msgs/__init__.py
[1.102s] -- Up-to-date: /home/qkenrrltk2/xycar_ws/src/install/xycar_msgs/local/lib/python3.10/dist-packages/xycar_msgs/xycar_msgs_s__rosidl_typesupport_introspection_c.cpython-310-x86_64-linux-gnu.so
[1.102s] -- Up-to-date: /home/qkenrrltk2/xycar_ws/src/install/xycar_msgs/local/lib/python3.10/dist-packages/xycar_msgs/msg
[1.102s] -- Up-to-date: /home/qkenrrltk2/xycar_ws/src/install/xycar_msgs/local/lib/python3.10/dist-packages/xycar_msgs/msg/_xycar_motor.py
[1.102s] -- Up-to-date: /home/qkenrrltk2/xycar_ws/src/install/xycar_msgs/local/lib/python3.10/dist-packages/xycar_msgs/msg/__init__.py
[1.102s] -- Up-to-date: /home/qkenrrltk2/xycar_ws/src/install/xycar_msgs/local/lib/python3.10/dist-packages/xycar_msgs/msg/_xycar_ultrasonic_s.c
[1.102s] -- Up-to-date: /home/qkenrrltk2/xycar_ws/src/install/xycar_msgs/local/lib/python3.10/dist-packages/xycar_msgs/msg/_xycar_motor_s.c
[1.102s] -- Up-to-date: /home/qkenrrltk2/xycar_ws/src/install/xycar_msgs/local/lib/python3.10/dist-packages/xycar_msgs/msg/_xycar_ultrasonic.py
[1.102s] -- Up-to-date: /home/qkenrrltk2/xycar_ws/src/install/xycar_msgs/local/lib/python3.10/dist-packages/xycar_msgs/_xycar_msgs_s.ep.rosidl_typesupport_introspection_c.c
[1.123s] Listing '/home/qkenrrltk2/xycar_ws/src/install/xycar_msgs/local/lib/python3.10/dist-packages/xycar_msgs'...
[1.123s] Listing '/home/qkenrrltk2/xycar_ws/src/install/xycar_msgs/local/lib/python3.10/dist-packages/xycar_msgs/msg'...
[1.128s] -- Up-to-date: /home/qkenrrltk2/xycar_ws/src/install/xycar_msgs/local/lib/python3.10/dist-packages/xycar_msgs/xycar_msgs_s__rosidl_typesupport_fastrtps_c.cpython-310-x86_64-linux-gnu.so
[1.128s] -- Up-to-date: /home/qkenrrltk2/xycar_ws/src/install/xycar_msgs/local/lib/python3.10/dist-packages/xycar_msgs/xycar_msgs_s__rosidl_typesupport_introspection_c.cpython-310-x86_64-linux-gnu.so
[1.129s] -- Up-to-date: /home/qkenrrltk2/xycar_ws/src/install/xycar_msgs/local/lib/python3.10/dist-packages/xycar_msgs/xycar_msgs_s__rosidl_typesupport_c.cpython-310-x86_64-linux-gnu.so
[1.129s] -- Up-to-date: /home/qkenrrltk2/xycar_ws/src/install/xycar_msgs/lib/libxycar_msgs__rosidl_generator_py.so
[1.129s] -- Up-to-date: /home/qkenrrltk2/xycar_ws/src/install/xycar_msgs/share/ament_index/resource_index/rust_packages/xycar_msgs
[1.129s] -- Up-to-date: /home/qkenrrltk2/xycar_ws/src/install/xycar_msgs/share/xycar_msgs/rust
[1.130s] -- Up-to-date: /home/qkenrrltk2/xycar_ws/src/install/xycar_msgs/share/xycar_msgs/rust/build.rs
[1.130s] -- Up-to-date: /home/qkenrrltk2/xycar_ws/src/install/xycar_msgs/share/xycar_msgs/rust/Cargo.toml
[1.130s] -- Up-to-date: /home/qkenrrltk2/xycar_ws/src/install/xycar_msgs/share/xycar_msgs/rust/src
[1.130s] -- Up-to-date: /home/qkenrrltk2/xycar_ws/src/install/xycar_msgs/share/xycar_msgs/rust/src/msg.rs
[1.130s] -- Up-to-date: /home/qkenrrltk2/xycar_ws/src/install/xycar_msgs/share/xycar_msgs/rust/src/lib.rs
[1.130s] -- Up-to-date: /home/qkenrrltk2/xycar_ws/src/install/xycar_msgs/share/xycar_msgs/rust/src/msg
[1.130s] -- Up-to-date: /home/qkenrrltk2/xycar_ws/src/install/xycar_msgs/share/xycar_msgs/rust/src/msg/rmw.rs
[1.130s] -- Up-to-date: /home/qkenrrltk2/xycar_ws/src/install/xycar_msgs/share/xycar_msgs/msg/XycarMotor.idl
[1.130s] -- Up-to-date: /home/qkenrrltk2/xycar_ws/src/install/xycar_msgs/share/xycar_msgs/msg/XycarUltrasonic.idl
[1.131s] -- Up-to-date: /home/qkenrrltk2/xycar_ws/src/install/xycar_msgs/share/xycar_msgs/msg/XycarMotor.msg
[1.131s] -- Up-to-date: /home/qkenrrltk2/xycar_ws/src/install/xycar_msgs/share/xycar_msgs/msg/XycarUltrasonic.msg
[1.131s] -- Up-to-date: /home/qkenrrltk2/xycar_ws/src/install/xycar_msgs/share/ament_index/resource_index/package_run_dependencies/xycar_msgs
[1.131s] -- Up-to-date: /home/qkenrrltk2/xycar_ws/src/install/xycar_msgs/share/ament_index/resource_index/parent_prefix_path/xycar_msgs
[1.131s] -- Up-to-date: /home/qkenrrltk2/xycar_ws/src/install/xycar_msgs/share/xycar_msgs/environment/ament_prefix_path.sh
[1.131s] -- Up-to-date: /home/qkenrrltk2/xycar_ws/src/install/xycar_msgs/share/xycar_msgs/environment/ament_prefix_path.dsv
[1.131s] -- Up-to-date: /home/qkenrrltk2/xycar_ws/src/install/xycar_msgs/share/xycar_msgs/environment/path.sh
[1.131s] -- Up-to-date: /home/qkenrrltk2/xycar_ws/src/install/xycar_msgs/share/xycar_msgs/environment/path.dsv
[1.131s] -- Up-to-date: /home/qkenrrltk2/xycar_ws/src/install/xycar_msgs/share/xycar_msgs/local_setup.bash
[1.131s] -- Up-to-date: /home/qkenrrltk2/xycar_ws/src/install/xycar_msgs/share/xycar_msgs/local_setup.sh
[1.131s] -- Up-to-date: /home/qkenrrltk2/xycar_ws/src/install/xycar_msgs/share/xycar_msgs/local_setup.zsh
[1.131s] -- Up-to-date: /home/qkenrrltk2/xycar_ws/src/install/xycar_msgs/share/xycar_msgs/local_setup.dsv
[1.131s] -- Installing: /home/qkenrrltk2/xycar_ws/src/install/xycar_msgs/share/xycar_msgs/package.dsv
[1.131s] -- Up-to-date: /home/qkenrrltk2/xycar_ws/src/install/xycar_msgs/share/ament_index/resource_index/packages/xycar_msgs
[1.131s] -- Up-to-date: /home/qkenrrltk2/xycar_ws/src/install/xycar_msgs/share/xycar_msgs/cmake/export_xycar_msgs__rosidl_generator_cExport.cmake
[1.131s] -- Up-to-date: /home/qkenrrltk2/xycar_ws/src/install/xycar_msgs/share/xycar_msgs/cmake/export_xycar_msgs__rosidl_generator_cExport-noconfig.cmake
[1.131s] -- Up-to-date: /home/qkenrrltk2/xycar_ws/src/install/xycar_msgs/share/xycar_msgs/cmake/export_xycar_msgs__rosidl_typesupport_fastrtps_cExport.cmake
[1.132s] -- Up-to-date: /home/qkenrrltk2/xycar_ws/src/install/xycar_msgs/share/xycar_msgs/cmake/export_xycar_msgs__rosidl_typesupport_fastrtps_cExport-noconfig.cmake
[1.132s] -- Up-to-date: /home/qkenrrltk2/xycar_ws/src/install/xycar_msgs/share/xycar_msgs/cmake/xycar_msgs__rosidl_typesupport_introspection_cExport.cmake
[1.132s] -- Up-to-date: /home/qkenrrltk2/xycar_ws/src/install/xycar_msgs/share/xycar_msgs/cmake/xycar_msgs__rosidl_typesupport_introspection_cExport-noconfig.cmake
[1.132s] -- Up-to-date: /home/qkenrrltk2/xycar_ws/src/install/xycar_msgs/share/xycar_msgs/cmake/xycar_msgs__rosidl_typesupport_cExport.cmake
[1.132s] -- Up-to-date: /home/qkenrrltk2/xycar_ws/src/install/xycar_msgs/share/xycar_msgs/cmake/xycar_msgs__rosidl_typesupport_cExport-noconfig.cmake
[1.132s] -- Up-to-date: /home/qkenrrltk2/xycar_ws/src/install/xycar_msgs/share/xycar_msgs/cmake/export_xycar_msgs__rosidl_generator_cppExport.cmake
[1.132s] -- Up-to-date: /home/qkenrrltk2/xycar_ws/src/install/xycar_msgs/share/xycar_msgs/cmake/export_xycar_msgs__rosidl_typesupport_fastrtps_cppExport.cmake
[1.132s] -- Up-to-date: /home/qkenrrltk2/xycar_ws/src/install/xycar_msgs/share/xycar_msgs/cmake/export_xycar_msgs__rosidl_typesupport_fastrtps_cppExport-noconfig.cmake
[1.132s] -- Up-to-date: /home/qkenrrltk2/xycar_ws/src/install/xycar_msgs/share/xycar_msgs/cmake/xycar_msgs__rosidl_typesupport_introspection_cppExport.cmake
[1.132s] -- Up-to-date: /home/qkenrrltk2/xycar_ws/src/install/xycar_msgs/share/xycar_msgs/cmake/xycar_msgs__rosidl_typesupport_introspection_cppExport-noconfig.cmake
[1.132s] -- Up-to-date: /home/qkenrrltk2/xycar_ws/src/install/xycar_msgs/share/xycar_msgs/cmake/xycar_msgs__rosidl_typesupport_cppExport.cmake
[1.132s] -- Up-to-date: /home/qkenrrltk2/xycar_ws/src/install/xycar_msgs/share/xycar_msgs/cmake/xycar_msgs__rosidl_typesupport_cppExport-noconfig.cmake
[1.132s] -- Up-to-date: /home/qkenrrltk2/xycar_ws/src/install/xycar_msgs/share/xycar_msgs/cmake/export_xycar_msgs__rosidl_generator_pyExport.cmake
[1.132s] -- Up-to-date: /home/qkenrrltk2/xycar_ws/src/install/xycar_msgs/share/xycar_msgs/cmake/export_xycar_msgs__rosidl_generator_pyExport-noconfig.cmake
[1.132s] -- Up-to-date: /home/qkenrrltk2/xycar_ws/src/install/xycar_msgs/share/xycar_msgs/cmake/rosidl_cmake-extras.cmake
[1.133s] -- Up-to-date: /home/qkenrrltk2/xycar_ws/src/install/xycar_msgs/share/xycar_msgs/cmake/ament_cmake_export_dependencies-extras.cmake
[1.133s] -- Up-to-date: /home/qkenrrltk2/xycar_ws/src/install/xycar_msgs/share/xycar_msgs/cmake/ament_cmake_export_include_directories-extras.cmake
[1.134s] -- Up-to-date: /home/qkenrrltk2/xycar_ws/src/install/xycar_msgs/share/xycar_msgs/cmake/ament_cmake_export_libraries-extras.cmake
[1.135s] -- Up-to-date: /home/qkenrrltk2/xycar_ws/src/install/xycar_msgs/share/xycar_msgs/cmake/ament_cmake_export_targets-extras.cmake
[1.136s] -- Up-to-date: /home/qkenrrltk2/xycar_ws/src/install/xycar_msgs/share/xycar_msgs/cmake/rosidl_cmake_export_typesupport_targets-extras.cmake
[1.136s] -- Up-to-date: /home/qkenrrltk2/xycar_ws/src/install/xycar_msgs/share/xycar_msgs/cmake/rosidl_cmake_export_typesupport_libraries-extras.cmake
[1.137s] -- Up-to-date: /home/qkenrrltk2/xycar_ws/src/install/xycar_msgs/share/xycar_msgs/cmake/xycar_msgsConfig.cmake
[1.137s] -- Up-to-date: /home/qkenrrltk2/xycar_ws/src/install/xycar_msgs/share/xycar_msgs/cmake/xycar_msgsConfig-version.cmake
[1.138s] -- Up-to-date: /home/qkenrrltk2/xycar_ws/src/install/xycar_msgs/share/xycar_msgs/package.xml
[1.138s] Invoked command in '/home/qkenrrltk2/xycar_ws/src/build/xycar_msgs' returned '0': CMAKE_PREFIX_PATH=${CMAKE_PREFIX_PATH}:/home/qkenrrltk2/xycar_ws/src/install/my_lidar:/home/qkenrrltk2/xycar_ws/src/install/my_cam:/home/qkenrrltk2/xycar_ws/src/install/kookmin9_viewer:/home/qkenrrltk2/xycar_ws/src/install/track_drive:/home/qkenrrltk2/xycar_ws/src/install/ros_tcp_endpoint:/home/qkenrrltk2/xycar_ws/src/install/recognition:/home/qkenrrltk2/xycar_ws/src/install/my_motor:/home/qkenrrltk2/xycar_ws/src/install/my_imu:/home/qkenrrltk2/xycar_ws/install/my_lidar:/home/qkenrrltk2/xycar_ws/install/my_cam:/home/qkenrrltk2/xycar_ws/install/kookmin9_viewer:/home/qkenrrltk2/xycar_ws/install/track_drive:/home/qkenrrltk2/xycar_ws/install/ros_tcp_endpoint:/home/qkenrrltk2/xycar_ws/install/my_motor:/home/qkenrrltk2/xycar_ws/install/my_imu:/opt/ros/humble /usr/bin/cmake --install /home/qkenrrltk2/xycar_ws/src/build/xycar_msgs
