[1.638s] Invoking command in '/home/qkenrrltk2/xycar_ws/src/recognition': PYTHONPATH=/home/qkenrrltk2/xycar_ws/src/build/recognition/prefix_override:/usr/lib/python3/dist-packages/colcon_core/task/python/colcon_distutils_commands:/home/qkenrrltk2/xycar_ws/src/install/recognition/lib/python3.10/site-packages:${PYTHONPATH} /usr/bin/python3 -W ignore:setup.py install is deprecated -W ignore:easy_install command is deprecated setup.py egg_info --egg-base ../build/recognition build --build-base /home/qkenrrltk2/xycar_ws/src/build/recognition/build install --record /home/qkenrrltk2/xycar_ws/src/build/recognition/install.log --single-version-externally-managed install_data
[1.829s] running egg_info
[1.829s] writing ../build/recognition/recognition.egg-info/PKG-INFO
[1.830s] writing dependency_links to ../build/recognition/recognition.egg-info/dependency_links.txt
[1.830s] writing entry points to ../build/recognition/recognition.egg-info/entry_points.txt
[1.830s] writing requirements to ../build/recognition/recognition.egg-info/requires.txt
[1.830s] writing top-level names to ../build/recognition/recognition.egg-info/top_level.txt
[1.832s] reading manifest file '../build/recognition/recognition.egg-info/SOURCES.txt'
[1.833s] writing manifest file '../build/recognition/recognition.egg-info/SOURCES.txt'
[1.833s] running build
[1.833s] running build_py
[1.833s] running install
[1.834s] running install_lib
[1.836s] running install_data
[1.836s] running install_egg_info
[1.837s] removing '/home/qkenrrltk2/xycar_ws/src/install/recognition/lib/python3.10/site-packages/recognition-0.0.0-py3.10.egg-info' (and everything under it)
[1.838s] Copying ../build/recognition/recognition.egg-info to /home/qkenrrltk2/xycar_ws/src/install/recognition/lib/python3.10/site-packages/recognition-0.0.0-py3.10.egg-info
[1.839s] running install_scripts
[1.858s] writing list of installed files to '/home/qkenrrltk2/xycar_ws/src/build/recognition/install.log'
[1.886s] Invoked command in '/home/qkenrrltk2/xycar_ws/src/recognition' returned '0': PYTHONPATH=/home/qkenrrltk2/xycar_ws/src/build/recognition/prefix_override:/usr/lib/python3/dist-packages/colcon_core/task/python/colcon_distutils_commands:/home/qkenrrltk2/xycar_ws/src/install/recognition/lib/python3.10/site-packages:${PYTHONPATH} /usr/bin/python3 -W ignore:setup.py install is deprecated -W ignore:easy_install command is deprecated setup.py egg_info --egg-base ../build/recognition build --build-base /home/qkenrrltk2/xycar_ws/src/build/recognition/build install --record /home/qkenrrltk2/xycar_ws/src/build/recognition/install.log --single-version-externally-managed install_data
