[1.001s] Invoking command in '/home/qkenrrltk2/xycar_ws/src/my_cam': AMENT_PREFIX_PATH=/home/qkenrrltk2/xycar_ws/src/install/xycar_msgs:/home/qkenrrltk2/xycar_ws/src/install/recognition:${AMENT_PREFIX_PATH} CMAKE_PREFIX_PATH=/home/qkenrrltk2/xycar_ws/src/install/xycar_msgs:${CMAKE_PREFIX_PATH} LD_LIBRARY_PATH=/home/qkenrrltk2/xycar_ws/src/install/xycar_msgs/lib:${LD_LIBRARY_PATH} PYTHONPATH=/home/qkenrrltk2/xycar_ws/src/build/my_cam/prefix_override:/usr/lib/python3/dist-packages/colcon_core/task/python/colcon_distutils_commands:/home/qkenrrltk2/xycar_ws/src/install/my_cam/lib/python3.10/site-packages:/home/qkenrrltk2/xycar_ws/src/install/xycar_msgs/local/lib/python3.10/dist-packages:/home/qkenrrltk2/xycar_ws/src/install/recognition/lib/python3.10/site-packages:${PYTHONPATH} /usr/bin/python3 -W ignore:setup.py install is deprecated -W ignore:easy_install command is deprecated setup.py egg_info --egg-base ../build/my_cam build --build-base /home/qkenrrltk2/xycar_ws/src/build/my_cam/build install --record /home/qkenrrltk2/xycar_ws/src/build/my_cam/install.log --single-version-externally-managed install_data
[1.182s] running egg_info
[1.183s] creating ../build/my_cam/my_cam.egg-info
[1.183s] writing ../build/my_cam/my_cam.egg-info/PKG-INFO
[1.184s] writing dependency_links to ../build/my_cam/my_cam.egg-info/dependency_links.txt
[1.184s] writing entry points to ../build/my_cam/my_cam.egg-info/entry_points.txt
[1.184s] writing requirements to ../build/my_cam/my_cam.egg-info/requires.txt
[1.184s] writing top-level names to ../build/my_cam/my_cam.egg-info/top_level.txt
[1.185s] writing manifest file '../build/my_cam/my_cam.egg-info/SOURCES.txt'
[1.186s] reading manifest file '../build/my_cam/my_cam.egg-info/SOURCES.txt'
[1.186s] adding license file 'LICENSE'
[1.187s] writing manifest file '../build/my_cam/my_cam.egg-info/SOURCES.txt'
[1.187s] running build
[1.187s] running build_py
[1.187s] creating /home/qkenrrltk2/xycar_ws/src/build/my_cam/build
[1.187s] creating /home/qkenrrltk2/xycar_ws/src/build/my_cam/build/lib
[1.187s] creating /home/qkenrrltk2/xycar_ws/src/build/my_cam/build/lib/my_cam
[1.187s] copying my_cam/cam_viewer.py -> /home/qkenrrltk2/xycar_ws/src/build/my_cam/build/lib/my_cam
[1.188s] copying my_cam/__init__.py -> /home/qkenrrltk2/xycar_ws/src/build/my_cam/build/lib/my_cam
[1.188s] running install
[1.188s] running install_lib
[1.189s] creating /home/qkenrrltk2/xycar_ws/src/install/my_cam/lib/python3.10/site-packages/my_cam
[1.189s] copying /home/qkenrrltk2/xycar_ws/src/build/my_cam/build/lib/my_cam/cam_viewer.py -> /home/qkenrrltk2/xycar_ws/src/install/my_cam/lib/python3.10/site-packages/my_cam
[1.189s] copying /home/qkenrrltk2/xycar_ws/src/build/my_cam/build/lib/my_cam/__init__.py -> /home/qkenrrltk2/xycar_ws/src/install/my_cam/lib/python3.10/site-packages/my_cam
[1.189s] byte-compiling /home/qkenrrltk2/xycar_ws/src/install/my_cam/lib/python3.10/site-packages/my_cam/cam_viewer.py to cam_viewer.cpython-310.pyc
[1.190s] byte-compiling /home/qkenrrltk2/xycar_ws/src/install/my_cam/lib/python3.10/site-packages/my_cam/__init__.py to __init__.cpython-310.pyc
[1.190s] running install_data
[1.190s] creating /home/qkenrrltk2/xycar_ws/src/install/my_cam/share/ament_index
[1.190s] creating /home/qkenrrltk2/xycar_ws/src/install/my_cam/share/ament_index/resource_index
[1.191s] creating /home/qkenrrltk2/xycar_ws/src/install/my_cam/share/ament_index/resource_index/packages
[1.191s] copying resource/my_cam -> /home/qkenrrltk2/xycar_ws/src/install/my_cam/share/ament_index/resource_index/packages
[1.191s] copying package.xml -> /home/qkenrrltk2/xycar_ws/src/install/my_cam/share/my_cam
[1.191s] running install_egg_info
[1.192s] Copying ../build/my_cam/my_cam.egg-info to /home/qkenrrltk2/xycar_ws/src/install/my_cam/lib/python3.10/site-packages/my_cam-0.0.0-py3.10.egg-info
[1.193s] running install_scripts
[1.210s] Installing cam_viewer script to /home/qkenrrltk2/xycar_ws/src/install/my_cam/lib/my_cam
[1.210s] writing list of installed files to '/home/qkenrrltk2/xycar_ws/src/build/my_cam/install.log'
[1.227s] Invoked command in '/home/qkenrrltk2/xycar_ws/src/my_cam' returned '0': AMENT_PREFIX_PATH=/home/qkenrrltk2/xycar_ws/src/install/xycar_msgs:/home/qkenrrltk2/xycar_ws/src/install/recognition:${AMENT_PREFIX_PATH} CMAKE_PREFIX_PATH=/home/qkenrrltk2/xycar_ws/src/install/xycar_msgs:${CMAKE_PREFIX_PATH} LD_LIBRARY_PATH=/home/qkenrrltk2/xycar_ws/src/install/xycar_msgs/lib:${LD_LIBRARY_PATH} PYTHONPATH=/home/qkenrrltk2/xycar_ws/src/build/my_cam/prefix_override:/usr/lib/python3/dist-packages/colcon_core/task/python/colcon_distutils_commands:/home/qkenrrltk2/xycar_ws/src/install/my_cam/lib/python3.10/site-packages:/home/qkenrrltk2/xycar_ws/src/install/xycar_msgs/local/lib/python3.10/dist-packages:/home/qkenrrltk2/xycar_ws/src/install/recognition/lib/python3.10/site-packages:${PYTHONPATH} /usr/bin/python3 -W ignore:setup.py install is deprecated -W ignore:easy_install command is deprecated setup.py egg_info --egg-base ../build/my_cam build --build-base /home/qkenrrltk2/xycar_ws/src/build/my_cam/build install --record /home/qkenrrltk2/xycar_ws/src/build/my_cam/install.log --single-version-externally-managed install_data
