[0.953s] Invoking command in '/home/qkenrrltk2/xycar_ws/src/my_lidar': PYTHONPATH=/home/qkenrrltk2/xycar_ws/src/build/my_lidar/prefix_override:/usr/lib/python3/dist-packages/colcon_core/task/python/colcon_distutils_commands:/home/qkenrrltk2/xycar_ws/src/install/my_lidar/lib/python3.10/site-packages:${PYTHONPATH} /usr/bin/python3 -W ignore:setup.py install is deprecated -W ignore:easy_install command is deprecated setup.py egg_info --egg-base ../build/my_lidar build --build-base /home/qkenrrltk2/xycar_ws/src/build/my_lidar/build install --record /home/qkenrrltk2/xycar_ws/src/build/my_lidar/install.log --single-version-externally-managed install_data
[1.144s] running egg_info
[1.145s] writing ../build/my_lidar/my_lidar.egg-info/PKG-INFO
[1.145s] writing dependency_links to ../build/my_lidar/my_lidar.egg-info/dependency_links.txt
[1.145s] writing entry points to ../build/my_lidar/my_lidar.egg-info/entry_points.txt
[1.145s] writing requirements to ../build/my_lidar/my_lidar.egg-info/requires.txt
[1.145s] writing top-level names to ../build/my_lidar/my_lidar.egg-info/top_level.txt
[1.147s] reading manifest file '../build/my_lidar/my_lidar.egg-info/SOURCES.txt'
[1.148s] adding license file 'LICENSE'
[1.148s] writing manifest file '../build/my_lidar/my_lidar.egg-info/SOURCES.txt'
[1.148s] running build
[1.149s] running build_py
[1.149s] running install
[1.149s] running install_lib
[1.151s] running install_data
[1.151s] running install_egg_info
[1.153s] removing '/home/qkenrrltk2/xycar_ws/src/install/my_lidar/lib/python3.10/site-packages/my_lidar-0.0.0-py3.10.egg-info' (and everything under it)
[1.153s] Copying ../build/my_lidar/my_lidar.egg-info to /home/qkenrrltk2/xycar_ws/src/install/my_lidar/lib/python3.10/site-packages/my_lidar-0.0.0-py3.10.egg-info
[1.155s] running install_scripts
[1.176s] Installing lidar_scan script to /home/qkenrrltk2/xycar_ws/src/install/my_lidar/lib/my_lidar
[1.176s] Installing lidar_viewer script to /home/qkenrrltk2/xycar_ws/src/install/my_lidar/lib/my_lidar
[1.176s] writing list of installed files to '/home/qkenrrltk2/xycar_ws/src/build/my_lidar/install.log'
[1.224s] Invoked command in '/home/qkenrrltk2/xycar_ws/src/my_lidar' returned '0': PYTHONPATH=/home/qkenrrltk2/xycar_ws/src/build/my_lidar/prefix_override:/usr/lib/python3/dist-packages/colcon_core/task/python/colcon_distutils_commands:/home/qkenrrltk2/xycar_ws/src/install/my_lidar/lib/python3.10/site-packages:${PYTHONPATH} /usr/bin/python3 -W ignore:setup.py install is deprecated -W ignore:easy_install command is deprecated setup.py egg_info --egg-base ../build/my_lidar build --build-base /home/qkenrrltk2/xycar_ws/src/build/my_lidar/build install --record /home/qkenrrltk2/xycar_ws/src/build/my_lidar/install.log --single-version-externally-managed install_data
