[1.732s] Invoking command in '/home/qkenrrltk2/xycar_ws/src/my_imu': PYTHONPATH=/home/qkenrrltk2/xycar_ws/src/build/my_imu/prefix_override:/usr/lib/python3/dist-packages/colcon_core/task/python/colcon_distutils_commands:/home/qkenrrltk2/xycar_ws/src/install/my_imu/lib/python3.10/site-packages:${PYTHONPATH} /usr/bin/python3 -W ignore:setup.py install is deprecated -W ignore:easy_install command is deprecated setup.py egg_info --egg-base ../build/my_imu build --build-base /home/qkenrrltk2/xycar_ws/src/build/my_imu/build install --record /home/qkenrrltk2/xycar_ws/src/build/my_imu/install.log --single-version-externally-managed install_data
[1.936s] running egg_info
[1.937s] writing ../build/my_imu/my_imu.egg-info/PKG-INFO
[1.937s] writing dependency_links to ../build/my_imu/my_imu.egg-info/dependency_links.txt
[1.937s] writing entry points to ../build/my_imu/my_imu.egg-info/entry_points.txt
[1.937s] writing requirements to ../build/my_imu/my_imu.egg-info/requires.txt
[1.938s] writing top-level names to ../build/my_imu/my_imu.egg-info/top_level.txt
[1.940s] reading manifest file '../build/my_imu/my_imu.egg-info/SOURCES.txt'
[1.941s] writing manifest file '../build/my_imu/my_imu.egg-info/SOURCES.txt'
[1.942s] running build
[1.942s] running build_py
[1.942s] running install
[1.942s] running install_lib
[1.943s] running install_data
[1.943s] running install_egg_info
[1.945s] removing '/home/qkenrrltk2/xycar_ws/src/install/my_imu/lib/python3.10/site-packages/my_imu-0.0.0-py3.10.egg-info' (and everything under it)
[1.945s] Copying ../build/my_imu/my_imu.egg-info to /home/qkenrrltk2/xycar_ws/src/install/my_imu/lib/python3.10/site-packages/my_imu-0.0.0-py3.10.egg-info
[1.946s] running install_scripts
[1.966s] Installing roll_pitch_yaw script to /home/qkenrrltk2/xycar_ws/src/install/my_imu/lib/my_imu
[1.967s] writing list of installed files to '/home/qkenrrltk2/xycar_ws/src/build/my_imu/install.log'
[2.015s] Invoked command in '/home/qkenrrltk2/xycar_ws/src/my_imu' returned '0': PYTHONPATH=/home/qkenrrltk2/xycar_ws/src/build/my_imu/prefix_override:/usr/lib/python3/dist-packages/colcon_core/task/python/colcon_distutils_commands:/home/qkenrrltk2/xycar_ws/src/install/my_imu/lib/python3.10/site-packages:${PYTHONPATH} /usr/bin/python3 -W ignore:setup.py install is deprecated -W ignore:easy_install command is deprecated setup.py egg_info --egg-base ../build/my_imu build --build-base /home/qkenrrltk2/xycar_ws/src/build/my_imu/build install --record /home/qkenrrltk2/xycar_ws/src/build/my_imu/install.log --single-version-externally-managed install_data
