running egg_info
creating ../build/track_drive/track_drive.egg-info
writing ../build/track_drive/track_drive.egg-info/PKG-INFO
writing dependency_links to ../build/track_drive/track_drive.egg-info/dependency_links.txt
writing entry points to ../build/track_drive/track_drive.egg-info/entry_points.txt
writing requirements to ../build/track_drive/track_drive.egg-info/requires.txt
writing top-level names to ../build/track_drive/track_drive.egg-info/top_level.txt
writing manifest file '../build/track_drive/track_drive.egg-info/SOURCES.txt'
reading manifest file '../build/track_drive/track_drive.egg-info/SOURCES.txt'
adding license file 'LICENSE'
writing manifest file '../build/track_drive/track_drive.egg-info/SOURCES.txt'
running build
running build_py
creating /home/qkenrrltk2/xycar_ws/src/build/track_drive/build
creating /home/qkenrrltk2/xycar_ws/src/build/track_drive/build/lib
creating /home/qkenrrltk2/xycar_ws/src/build/track_drive/build/lib/track_drive
copying track_drive/track_drive.py -> /home/qkenrrltk2/xycar_ws/src/build/track_drive/build/lib/track_drive
copying track_drive/__init__.py -> /home/qkenrrltk2/xycar_ws/src/build/track_drive/build/lib/track_drive
running install
running install_lib
creating /home/qkenrrltk2/xycar_ws/src/install/track_drive/lib/python3.10/site-packages/track_drive
copying /home/qkenrrltk2/xycar_ws/src/build/track_drive/build/lib/track_drive/track_drive.py -> /home/qkenrrltk2/xycar_ws/src/install/track_drive/lib/python3.10/site-packages/track_drive
copying /home/qkenrrltk2/xycar_ws/src/build/track_drive/build/lib/track_drive/__init__.py -> /home/qkenrrltk2/xycar_ws/src/install/track_drive/lib/python3.10/site-packages/track_drive
byte-compiling /home/qkenrrltk2/xycar_ws/src/install/track_drive/lib/python3.10/site-packages/track_drive/track_drive.py to track_drive.cpython-310.pyc
byte-compiling /home/qkenrrltk2/xycar_ws/src/install/track_drive/lib/python3.10/site-packages/track_drive/__init__.py to __init__.cpython-310.pyc
running install_data
creating /home/qkenrrltk2/xycar_ws/src/install/track_drive/share/ament_index
creating /home/qkenrrltk2/xycar_ws/src/install/track_drive/share/ament_index/resource_index
creating /home/qkenrrltk2/xycar_ws/src/install/track_drive/share/ament_index/resource_index/packages
copying resource/track_drive -> /home/qkenrrltk2/xycar_ws/src/install/track_drive/share/ament_index/resource_index/packages
copying package.xml -> /home/qkenrrltk2/xycar_ws/src/install/track_drive/share/track_drive
creating /home/qkenrrltk2/xycar_ws/src/install/track_drive/share/track_drive/launch
running install_egg_info
Copying ../build/track_drive/track_drive.egg-info to /home/qkenrrltk2/xycar_ws/src/install/track_drive/lib/python3.10/site-packages/track_drive-0.0.0-py3.10.egg-info
running install_scripts
Installing track_drive script to /home/qkenrrltk2/xycar_ws/src/install/track_drive/lib/track_drive
writing list of installed files to '/home/qkenrrltk2/xycar_ws/src/build/track_drive/install.log'
