running egg_info
writing ../build/my_lidar/my_lidar.egg-info/PKG-INFO
writing dependency_links to ../build/my_lidar/my_lidar.egg-info/dependency_links.txt
writing entry points to ../build/my_lidar/my_lidar.egg-info/entry_points.txt
writing requirements to ../build/my_lidar/my_lidar.egg-info/requires.txt
writing top-level names to ../build/my_lidar/my_lidar.egg-info/top_level.txt
reading manifest file '../build/my_lidar/my_lidar.egg-info/SOURCES.txt'
adding license file 'LICENSE'
writing manifest file '../build/my_lidar/my_lidar.egg-info/SOURCES.txt'
running build
running build_py
running install
running install_lib
running install_data
running install_egg_info
removing '/home/qkenrrltk2/xycar_ws/src/install/my_lidar/lib/python3.10/site-packages/my_lidar-0.0.0-py3.10.egg-info' (and everything under it)
Copying ../build/my_lidar/my_lidar.egg-info to /home/qkenrrltk2/xycar_ws/src/install/my_lidar/lib/python3.10/site-packages/my_lidar-0.0.0-py3.10.egg-info
running install_scripts
Installing lidar_scan script to /home/qkenrrltk2/xycar_ws/src/install/my_lidar/lib/my_lidar
Installing lidar_viewer script to /home/qkenrrltk2/xycar_ws/src/install/my_lidar/lib/my_lidar
writing list of installed files to '/home/qkenrrltk2/xycar_ws/src/build/my_lidar/install.log'
