[0.782s] Invoking command in '/home/qkenrrltk2/xycar_ws/src/my_lidar': PYTHONPATH=/home/qkenrrltk2/xycar_ws/src/build/my_lidar/prefix_override:/usr/lib/python3/dist-packages/colcon_core/task/python/colcon_distutils_commands:/home/qkenrrltk2/xycar_ws/src/install/my_lidar/lib/python3.10/site-packages:${PYTHONPATH} /usr/bin/python3 -W ignore:setup.py install is deprecated -W ignore:easy_install command is deprecated setup.py egg_info --egg-base ../build/my_lidar build --build-base /home/qkenrrltk2/xycar_ws/src/build/my_lidar/build install --record /home/qkenrrltk2/xycar_ws/src/build/my_lidar/install.log --single-version-externally-managed install_data
[0.967s] running egg_info
[0.968s] writing ../build/my_lidar/my_lidar.egg-info/PKG-INFO
[0.968s] writing dependency_links to ../build/my_lidar/my_lidar.egg-info/dependency_links.txt
[0.968s] writing entry points to ../build/my_lidar/my_lidar.egg-info/entry_points.txt
[0.968s] writing requirements to ../build/my_lidar/my_lidar.egg-info/requires.txt
[0.969s] writing top-level names to ../build/my_lidar/my_lidar.egg-info/top_level.txt
[0.970s] reading manifest file '../build/my_lidar/my_lidar.egg-info/SOURCES.txt'
[0.971s] adding license file 'LICENSE'
[0.971s] writing manifest file '../build/my_lidar/my_lidar.egg-info/SOURCES.txt'
[0.971s] running build
[0.972s] running build_py
[0.972s] running install
[0.972s] running install_lib
[0.973s] running install_data
[0.973s] running install_egg_info
[0.974s] removing '/home/qkenrrltk2/xycar_ws/src/install/my_lidar/lib/python3.10/site-packages/my_lidar-0.0.0-py3.10.egg-info' (and everything under it)
[0.974s] Copying ../build/my_lidar/my_lidar.egg-info to /home/qkenrrltk2/xycar_ws/src/install/my_lidar/lib/python3.10/site-packages/my_lidar-0.0.0-py3.10.egg-info
[0.975s] running install_scripts
[0.993s] Installing lidar_scan script to /home/qkenrrltk2/xycar_ws/src/install/my_lidar/lib/my_lidar
[0.993s] Installing lidar_viewer script to /home/qkenrrltk2/xycar_ws/src/install/my_lidar/lib/my_lidar
[0.994s] writing list of installed files to '/home/qkenrrltk2/xycar_ws/src/build/my_lidar/install.log'
[1.062s] Invoked command in '/home/qkenrrltk2/xycar_ws/src/my_lidar' returned '0': PYTHONPATH=/home/qkenrrltk2/xycar_ws/src/build/my_lidar/prefix_override:/usr/lib/python3/dist-packages/colcon_core/task/python/colcon_distutils_commands:/home/qkenrrltk2/xycar_ws/src/install/my_lidar/lib/python3.10/site-packages:${PYTHONPATH} /usr/bin/python3 -W ignore:setup.py install is deprecated -W ignore:easy_install command is deprecated setup.py egg_info --egg-base ../build/my_lidar build --build-base /home/qkenrrltk2/xycar_ws/src/build/my_lidar/build install --record /home/qkenrrltk2/xycar_ws/src/build/my_lidar/install.log --single-version-externally-managed install_data
