[0.241s] DEBUG:colcon:Command line arguments: ['/usr/bin/colcon', 'build']
[0.241s] DEBUG:colcon:Parsed command line arguments: Namespace(log_base=None, log_level=None, verb_name='build', build_base='build', install_base='install', merge_install=False, symlink_install=False, test_result_base=None, continue_on_error=False, executor='parallel', parallel_workers=24, event_handlers=None, ignore_user_meta=False, metas=['./colcon.meta'], base_paths=['.'], packages_ignore=None, packages_ignore_regex=None, paths=None, packages_up_to=None, packages_up_to_regex=None, packages_above=None, packages_above_and_dependencies=None, packages_above_depth=None, packages_select_by_dep=None, packages_skip_by_dep=None, packages_skip_up_to=None, packages_select_build_failed=False, packages_skip_build_finished=False, packages_select_test_failures=False, packages_skip_test_passed=False, packages_select=None, packages_skip=None, packages_select_regex=None, packages_skip_regex=None, packages_start=None, packages_end=None, allow_overriding=[], cmake_args=None, cmake_target=None, cmake_target_skip_unavailable=False, cmake_clean_cache=False, cmake_clean_first=False, cmake_force_configure=False, ament_cmake_args=None, catkin_cmake_args=None, catkin_skip_building_tests=False, mixin_files=None, mixin=None, verb_parser=<colcon_mixin.mixin.mixin_argument.MixinArgumentDecorator object at 0x7a4fc06639a0>, verb_extension=<colcon_core.verb.build.BuildVerb object at 0x7a4fc06634f0>, main=<bound method BuildVerb.main of <colcon_core.verb.build.BuildVerb object at 0x7a4fc06634f0>>, mixin_verb=('build',))
[0.524s] Level 1:colcon.colcon_core.package_discovery:discover_packages(colcon_meta) check parameters
[0.524s] Level 1:colcon.colcon_core.package_discovery:discover_packages(recursive) check parameters
[0.525s] Level 1:colcon.colcon_core.package_discovery:discover_packages(ignore) check parameters
[0.525s] Level 1:colcon.colcon_core.package_discovery:discover_packages(path) check parameters
[0.525s] Level 1:colcon.colcon_core.package_discovery:discover_packages(colcon_meta) discover
[0.525s] Level 1:colcon.colcon_core.package_discovery:discover_packages(recursive) discover
[0.525s] INFO:colcon.colcon_core.package_discovery:Crawling recursively for packages in '/home/qkenrrltk2/xycar_ws/src'
[0.525s] Level 1:colcon.colcon_core.package_identification:_identify(.) by extensions ['ignore', 'ignore_ament_install']
[0.525s] Level 1:colcon.colcon_core.package_identification:_identify(.) by extension 'ignore'
[0.525s] Level 1:colcon.colcon_core.package_identification:_identify(.) by extension 'ignore_ament_install'
[0.525s] Level 1:colcon.colcon_core.package_identification:_identify(.) by extensions ['colcon_pkg']
[0.525s] Level 1:colcon.colcon_core.package_identification:_identify(.) by extension 'colcon_pkg'
[0.525s] Level 1:colcon.colcon_core.package_identification:_identify(.) by extensions ['colcon_meta']
[0.525s] Level 1:colcon.colcon_core.package_identification:_identify(.) by extension 'colcon_meta'
[0.525s] Level 1:colcon.colcon_core.package_identification:_identify(.) by extensions ['ros']
[0.525s] Level 1:colcon.colcon_core.package_identification:_identify(.) by extension 'ros'
[0.537s] Level 1:colcon.colcon_core.package_identification:_identify(.) by extensions ['cmake', 'python']
[0.537s] Level 1:colcon.colcon_core.package_identification:_identify(.) by extension 'cmake'
[0.537s] Level 1:colcon.colcon_core.package_identification:_identify(.) by extension 'python'
[0.537s] Level 1:colcon.colcon_core.package_identification:_identify(.) by extensions ['python_setup_py']
[0.537s] Level 1:colcon.colcon_core.package_identification:_identify(.) by extension 'python_setup_py'
[0.537s] Level 1:colcon.colcon_core.package_identification:_identify(ROS-TCP-Endpoint-main-ros2) by extensions ['ignore', 'ignore_ament_install']
[0.537s] Level 1:colcon.colcon_core.package_identification:_identify(ROS-TCP-Endpoint-main-ros2) by extension 'ignore'
[0.537s] Level 1:colcon.colcon_core.package_identification:_identify(ROS-TCP-Endpoint-main-ros2) by extension 'ignore_ament_install'
[0.537s] Level 1:colcon.colcon_core.package_identification:_identify(ROS-TCP-Endpoint-main-ros2) by extensions ['colcon_pkg']
[0.537s] Level 1:colcon.colcon_core.package_identification:_identify(ROS-TCP-Endpoint-main-ros2) by extension 'colcon_pkg'
[0.538s] Level 1:colcon.colcon_core.package_identification:_identify(ROS-TCP-Endpoint-main-ros2) by extensions ['colcon_meta']
[0.538s] Level 1:colcon.colcon_core.package_identification:_identify(ROS-TCP-Endpoint-main-ros2) by extension 'colcon_meta'
[0.538s] Level 1:colcon.colcon_core.package_identification:_identify(ROS-TCP-Endpoint-main-ros2) by extensions ['ros']
[0.538s] Level 1:colcon.colcon_core.package_identification:_identify(ROS-TCP-Endpoint-main-ros2) by extension 'ros'
[0.541s] DEBUG:colcon.colcon_core.package_identification:Package 'ROS-TCP-Endpoint-main-ros2' with type 'ros.ament_python' and name 'ros_tcp_endpoint'
[0.541s] Level 1:colcon.colcon_core.package_identification:_identify(build) by extensions ['ignore', 'ignore_ament_install']
[0.542s] Level 1:colcon.colcon_core.package_identification:_identify(build) by extension 'ignore'
[0.542s] Level 1:colcon.colcon_core.package_identification:_identify(build) ignored
[0.542s] Level 1:colcon.colcon_core.package_identification:_identify(control) by extensions ['ignore', 'ignore_ament_install']
[0.542s] Level 1:colcon.colcon_core.package_identification:_identify(control) by extension 'ignore'
[0.542s] Level 1:colcon.colcon_core.package_identification:_identify(control) by extension 'ignore_ament_install'
[0.542s] Level 1:colcon.colcon_core.package_identification:_identify(control) by extensions ['colcon_pkg']
[0.542s] Level 1:colcon.colcon_core.package_identification:_identify(control) by extension 'colcon_pkg'
[0.542s] Level 1:colcon.colcon_core.package_identification:_identify(control) by extensions ['colcon_meta']
[0.542s] Level 1:colcon.colcon_core.package_identification:_identify(control) by extension 'colcon_meta'
[0.542s] Level 1:colcon.colcon_core.package_identification:_identify(control) by extensions ['ros']
[0.542s] Level 1:colcon.colcon_core.package_identification:_identify(control) by extension 'ros'
[0.542s] Level 1:colcon.colcon_core.package_identification:_identify(control) by extensions ['cmake', 'python']
[0.543s] Level 1:colcon.colcon_core.package_identification:_identify(control) by extension 'cmake'
[0.543s] Level 1:colcon.colcon_core.package_identification:_identify(control) by extension 'python'
[0.543s] Level 1:colcon.colcon_core.package_identification:_identify(control) by extensions ['python_setup_py']
[0.543s] Level 1:colcon.colcon_core.package_identification:_identify(control) by extension 'python_setup_py'
[0.543s] Level 1:colcon.colcon_core.package_identification:_identify(install) by extensions ['ignore', 'ignore_ament_install']
[0.543s] Level 1:colcon.colcon_core.package_identification:_identify(install) by extension 'ignore'
[0.543s] Level 1:colcon.colcon_core.package_identification:_identify(install) ignored
[0.543s] Level 1:colcon.colcon_core.package_identification:_identify(judgement) by extensions ['ignore', 'ignore_ament_install']
[0.543s] Level 1:colcon.colcon_core.package_identification:_identify(judgement) by extension 'ignore'
[0.543s] Level 1:colcon.colcon_core.package_identification:_identify(judgement) by extension 'ignore_ament_install'
[0.544s] Level 1:colcon.colcon_core.package_identification:_identify(judgement) by extensions ['colcon_pkg']
[0.544s] Level 1:colcon.colcon_core.package_identification:_identify(judgement) by extension 'colcon_pkg'
[0.544s] Level 1:colcon.colcon_core.package_identification:_identify(judgement) by extensions ['colcon_meta']
[0.544s] Level 1:colcon.colcon_core.package_identification:_identify(judgement) by extension 'colcon_meta'
[0.544s] Level 1:colcon.colcon_core.package_identification:_identify(judgement) by extensions ['ros']
[0.544s] Level 1:colcon.colcon_core.package_identification:_identify(judgement) by extension 'ros'
[0.544s] Level 1:colcon.colcon_core.package_identification:_identify(judgement) by extensions ['cmake', 'python']
[0.544s] Level 1:colcon.colcon_core.package_identification:_identify(judgement) by extension 'cmake'
[0.544s] Level 1:colcon.colcon_core.package_identification:_identify(judgement) by extension 'python'
[0.544s] Level 1:colcon.colcon_core.package_identification:_identify(judgement) by extensions ['python_setup_py']
[0.544s] Level 1:colcon.colcon_core.package_identification:_identify(judgement) by extension 'python_setup_py'
[0.544s] Level 1:colcon.colcon_core.package_identification:_identify(kookmin9_viewer) by extensions ['ignore', 'ignore_ament_install']
[0.544s] Level 1:colcon.colcon_core.package_identification:_identify(kookmin9_viewer) by extension 'ignore'
[0.544s] Level 1:colcon.colcon_core.package_identification:_identify(kookmin9_viewer) by extension 'ignore_ament_install'
[0.544s] Level 1:colcon.colcon_core.package_identification:_identify(kookmin9_viewer) by extensions ['colcon_pkg']
[0.544s] Level 1:colcon.colcon_core.package_identification:_identify(kookmin9_viewer) by extension 'colcon_pkg'
[0.544s] Level 1:colcon.colcon_core.package_identification:_identify(kookmin9_viewer) by extensions ['colcon_meta']
[0.544s] Level 1:colcon.colcon_core.package_identification:_identify(kookmin9_viewer) by extension 'colcon_meta'
[0.544s] Level 1:colcon.colcon_core.package_identification:_identify(kookmin9_viewer) by extensions ['ros']
[0.544s] Level 1:colcon.colcon_core.package_identification:_identify(kookmin9_viewer) by extension 'ros'
[0.545s] DEBUG:colcon.colcon_core.package_identification:Package 'kookmin9_viewer' with type 'ros.ament_python' and name 'kookmin9_viewer'
[0.545s] Level 1:colcon.colcon_core.package_identification:_identify(log) by extensions ['ignore', 'ignore_ament_install']
[0.545s] Level 1:colcon.colcon_core.package_identification:_identify(log) by extension 'ignore'
[0.545s] Level 1:colcon.colcon_core.package_identification:_identify(log) ignored
[0.545s] Level 1:colcon.colcon_core.package_identification:_identify(my_cam) by extensions ['ignore', 'ignore_ament_install']
[0.545s] Level 1:colcon.colcon_core.package_identification:_identify(my_cam) by extension 'ignore'
[0.545s] Level 1:colcon.colcon_core.package_identification:_identify(my_cam) by extension 'ignore_ament_install'
[0.546s] Level 1:colcon.colcon_core.package_identification:_identify(my_cam) by extensions ['colcon_pkg']
[0.546s] Level 1:colcon.colcon_core.package_identification:_identify(my_cam) by extension 'colcon_pkg'
[0.546s] Level 1:colcon.colcon_core.package_identification:_identify(my_cam) by extensions ['colcon_meta']
[0.546s] Level 1:colcon.colcon_core.package_identification:_identify(my_cam) by extension 'colcon_meta'
[0.546s] Level 1:colcon.colcon_core.package_identification:_identify(my_cam) by extensions ['ros']
[0.546s] Level 1:colcon.colcon_core.package_identification:_identify(my_cam) by extension 'ros'
[0.546s] DEBUG:colcon.colcon_core.package_identification:Package 'my_cam' with type 'ros.ament_python' and name 'my_cam'
[0.546s] Level 1:colcon.colcon_core.package_identification:_identify(my_imu) by extensions ['ignore', 'ignore_ament_install']
[0.546s] Level 1:colcon.colcon_core.package_identification:_identify(my_imu) by extension 'ignore'
[0.546s] Level 1:colcon.colcon_core.package_identification:_identify(my_imu) by extension 'ignore_ament_install'
[0.546s] Level 1:colcon.colcon_core.package_identification:_identify(my_imu) by extensions ['colcon_pkg']
[0.546s] Level 1:colcon.colcon_core.package_identification:_identify(my_imu) by extension 'colcon_pkg'
[0.546s] Level 1:colcon.colcon_core.package_identification:_identify(my_imu) by extensions ['colcon_meta']
[0.546s] Level 1:colcon.colcon_core.package_identification:_identify(my_imu) by extension 'colcon_meta'
[0.546s] Level 1:colcon.colcon_core.package_identification:_identify(my_imu) by extensions ['ros']
[0.546s] Level 1:colcon.colcon_core.package_identification:_identify(my_imu) by extension 'ros'
[0.547s] DEBUG:colcon.colcon_core.package_identification:Package 'my_imu' with type 'ros.ament_python' and name 'my_imu'
[0.547s] Level 1:colcon.colcon_core.package_identification:_identify(my_lidar) by extensions ['ignore', 'ignore_ament_install']
[0.547s] Level 1:colcon.colcon_core.package_identification:_identify(my_lidar) by extension 'ignore'
[0.547s] Level 1:colcon.colcon_core.package_identification:_identify(my_lidar) by extension 'ignore_ament_install'
[0.547s] Level 1:colcon.colcon_core.package_identification:_identify(my_lidar) by extensions ['colcon_pkg']
[0.547s] Level 1:colcon.colcon_core.package_identification:_identify(my_lidar) by extension 'colcon_pkg'
[0.547s] Level 1:colcon.colcon_core.package_identification:_identify(my_lidar) by extensions ['colcon_meta']
[0.547s] Level 1:colcon.colcon_core.package_identification:_identify(my_lidar) by extension 'colcon_meta'
[0.547s] Level 1:colcon.colcon_core.package_identification:_identify(my_lidar) by extensions ['ros']
[0.547s] Level 1:colcon.colcon_core.package_identification:_identify(my_lidar) by extension 'ros'
[0.548s] DEBUG:colcon.colcon_core.package_identification:Package 'my_lidar' with type 'ros.ament_python' and name 'my_lidar'
[0.548s] Level 1:colcon.colcon_core.package_identification:_identify(my_motor) by extensions ['ignore', 'ignore_ament_install']
[0.548s] Level 1:colcon.colcon_core.package_identification:_identify(my_motor) by extension 'ignore'
[0.548s] Level 1:colcon.colcon_core.package_identification:_identify(my_motor) by extension 'ignore_ament_install'
[0.548s] Level 1:colcon.colcon_core.package_identification:_identify(my_motor) by extensions ['colcon_pkg']
[0.548s] Level 1:colcon.colcon_core.package_identification:_identify(my_motor) by extension 'colcon_pkg'
[0.548s] Level 1:colcon.colcon_core.package_identification:_identify(my_motor) by extensions ['colcon_meta']
[0.548s] Level 1:colcon.colcon_core.package_identification:_identify(my_motor) by extension 'colcon_meta'
[0.548s] Level 1:colcon.colcon_core.package_identification:_identify(my_motor) by extensions ['ros']
[0.548s] Level 1:colcon.colcon_core.package_identification:_identify(my_motor) by extension 'ros'
[0.548s] DEBUG:colcon.colcon_core.package_identification:Package 'my_motor' with type 'ros.ament_python' and name 'my_motor'
[0.548s] Level 1:colcon.colcon_core.package_identification:_identify(recognition) by extensions ['ignore', 'ignore_ament_install']
[0.548s] Level 1:colcon.colcon_core.package_identification:_identify(recognition) by extension 'ignore'
[0.548s] Level 1:colcon.colcon_core.package_identification:_identify(recognition) by extension 'ignore_ament_install'
[0.548s] Level 1:colcon.colcon_core.package_identification:_identify(recognition) by extensions ['colcon_pkg']
[0.548s] Level 1:colcon.colcon_core.package_identification:_identify(recognition) by extension 'colcon_pkg'
[0.548s] Level 1:colcon.colcon_core.package_identification:_identify(recognition) by extensions ['colcon_meta']
[0.548s] Level 1:colcon.colcon_core.package_identification:_identify(recognition) by extension 'colcon_meta'
[0.548s] Level 1:colcon.colcon_core.package_identification:_identify(recognition) by extensions ['ros']
[0.549s] Level 1:colcon.colcon_core.package_identification:_identify(recognition) by extension 'ros'
[0.549s] DEBUG:colcon.colcon_core.package_identification:Package 'recognition' with type 'ros.ament_python' and name 'recognition'
[0.549s] Level 1:colcon.colcon_core.package_identification:_identify(track_drive) by extensions ['ignore', 'ignore_ament_install']
[0.549s] Level 1:colcon.colcon_core.package_identification:_identify(track_drive) by extension 'ignore'
[0.549s] Level 1:colcon.colcon_core.package_identification:_identify(track_drive) by extension 'ignore_ament_install'
[0.549s] Level 1:colcon.colcon_core.package_identification:_identify(track_drive) by extensions ['colcon_pkg']
[0.549s] Level 1:colcon.colcon_core.package_identification:_identify(track_drive) by extension 'colcon_pkg'
[0.550s] Level 1:colcon.colcon_core.package_identification:_identify(track_drive) by extensions ['colcon_meta']
[0.550s] Level 1:colcon.colcon_core.package_identification:_identify(track_drive) by extension 'colcon_meta'
[0.550s] Level 1:colcon.colcon_core.package_identification:_identify(track_drive) by extensions ['ros']
[0.550s] Level 1:colcon.colcon_core.package_identification:_identify(track_drive) by extension 'ros'
[0.550s] DEBUG:colcon.colcon_core.package_identification:Package 'track_drive' with type 'ros.ament_python' and name 'track_drive'
[0.550s] Level 1:colcon.colcon_core.package_identification:_identify(xycar_msgs) by extensions ['ignore', 'ignore_ament_install']
[0.550s] Level 1:colcon.colcon_core.package_identification:_identify(xycar_msgs) by extension 'ignore'
[0.550s] Level 1:colcon.colcon_core.package_identification:_identify(xycar_msgs) by extension 'ignore_ament_install'
[0.550s] Level 1:colcon.colcon_core.package_identification:_identify(xycar_msgs) by extensions ['colcon_pkg']
[0.550s] Level 1:colcon.colcon_core.package_identification:_identify(xycar_msgs) by extension 'colcon_pkg'
[0.550s] Level 1:colcon.colcon_core.package_identification:_identify(xycar_msgs) by extensions ['colcon_meta']
[0.550s] Level 1:colcon.colcon_core.package_identification:_identify(xycar_msgs) by extension 'colcon_meta'
[0.550s] Level 1:colcon.colcon_core.package_identification:_identify(xycar_msgs) by extensions ['ros']
[0.550s] Level 1:colcon.colcon_core.package_identification:_identify(xycar_msgs) by extension 'ros'
[0.552s] DEBUG:colcon.colcon_core.package_identification:Package 'xycar_msgs' with type 'ros.ament_cmake' and name 'xycar_msgs'
[0.552s] Level 1:colcon.colcon_core.package_discovery:discover_packages(recursive) using defaults
[0.552s] Level 1:colcon.colcon_core.package_discovery:discover_packages(ignore) discover
[0.552s] Level 1:colcon.colcon_core.package_discovery:discover_packages(ignore) using defaults
[0.552s] Level 1:colcon.colcon_core.package_discovery:discover_packages(path) discover
[0.552s] Level 1:colcon.colcon_core.package_discovery:discover_packages(path) using defaults
[0.588s] Level 1:colcon.colcon_core.package_discovery:discover_packages(prefix_path) check parameters
[0.588s] Level 1:colcon.colcon_core.package_discovery:discover_packages(prefix_path) discover
[0.593s] DEBUG:colcon.colcon_installed_package_information.package_discovery:Found 8 installed packages in /home/qkenrrltk2/xycar_ws/install
[0.594s] DEBUG:colcon.colcon_installed_package_information.package_discovery:Found 273 installed packages in /opt/ros/humble
[0.595s] Level 1:colcon.colcon_core.package_discovery:discover_packages(prefix_path) using defaults
[0.664s] Level 5:colcon.colcon_core.verb:set package 'my_imu' build argument 'cmake_args' from command line to 'None'
[0.664s] Level 5:colcon.colcon_core.verb:set package 'my_imu' build argument 'cmake_target' from command line to 'None'
[0.664s] Level 5:colcon.colcon_core.verb:set package 'my_imu' build argument 'cmake_target_skip_unavailable' from command line to 'False'
[0.664s] Level 5:colcon.colcon_core.verb:set package 'my_imu' build argument 'cmake_clean_cache' from command line to 'False'
[0.664s] Level 5:colcon.colcon_core.verb:set package 'my_imu' build argument 'cmake_clean_first' from command line to 'False'
[0.664s] Level 5:colcon.colcon_core.verb:set package 'my_imu' build argument 'cmake_force_configure' from command line to 'False'
[0.664s] Level 5:colcon.colcon_core.verb:set package 'my_imu' build argument 'ament_cmake_args' from command line to 'None'
[0.664s] Level 5:colcon.colcon_core.verb:set package 'my_imu' build argument 'catkin_cmake_args' from command line to 'None'
[0.664s] Level 5:colcon.colcon_core.verb:set package 'my_imu' build argument 'catkin_skip_building_tests' from command line to 'False'
[0.664s] DEBUG:colcon.colcon_core.verb:Building package 'my_imu' with the following arguments: {'ament_cmake_args': None, 'build_base': '/home/qkenrrltk2/xycar_ws/src/build/my_imu', 'catkin_cmake_args': None, 'catkin_skip_building_tests': False, 'cmake_args': None, 'cmake_clean_cache': False, 'cmake_clean_first': False, 'cmake_force_configure': False, 'cmake_target': None, 'cmake_target_skip_unavailable': False, 'install_base': '/home/qkenrrltk2/xycar_ws/src/install/my_imu', 'merge_install': False, 'path': '/home/qkenrrltk2/xycar_ws/src/my_imu', 'symlink_install': False, 'test_result_base': None}
[0.664s] Level 5:colcon.colcon_core.verb:set package 'my_motor' build argument 'cmake_args' from command line to 'None'
[0.664s] Level 5:colcon.colcon_core.verb:set package 'my_motor' build argument 'cmake_target' from command line to 'None'
[0.664s] Level 5:colcon.colcon_core.verb:set package 'my_motor' build argument 'cmake_target_skip_unavailable' from command line to 'False'
[0.664s] Level 5:colcon.colcon_core.verb:set package 'my_motor' build argument 'cmake_clean_cache' from command line to 'False'
[0.664s] Level 5:colcon.colcon_core.verb:set package 'my_motor' build argument 'cmake_clean_first' from command line to 'False'
[0.664s] Level 5:colcon.colcon_core.verb:set package 'my_motor' build argument 'cmake_force_configure' from command line to 'False'
[0.664s] Level 5:colcon.colcon_core.verb:set package 'my_motor' build argument 'ament_cmake_args' from command line to 'None'
[0.664s] Level 5:colcon.colcon_core.verb:set package 'my_motor' build argument 'catkin_cmake_args' from command line to 'None'
[0.664s] Level 5:colcon.colcon_core.verb:set package 'my_motor' build argument 'catkin_skip_building_tests' from command line to 'False'
[0.664s] DEBUG:colcon.colcon_core.verb:Building package 'my_motor' with the following arguments: {'ament_cmake_args': None, 'build_base': '/home/qkenrrltk2/xycar_ws/src/build/my_motor', 'catkin_cmake_args': None, 'catkin_skip_building_tests': False, 'cmake_args': None, 'cmake_clean_cache': False, 'cmake_clean_first': False, 'cmake_force_configure': False, 'cmake_target': None, 'cmake_target_skip_unavailable': False, 'install_base': '/home/qkenrrltk2/xycar_ws/src/install/my_motor', 'merge_install': False, 'path': '/home/qkenrrltk2/xycar_ws/src/my_motor', 'symlink_install': False, 'test_result_base': None}
[0.665s] Level 5:colcon.colcon_core.verb:set package 'recognition' build argument 'cmake_args' from command line to 'None'
[0.665s] Level 5:colcon.colcon_core.verb:set package 'recognition' build argument 'cmake_target' from command line to 'None'
[0.665s] Level 5:colcon.colcon_core.verb:set package 'recognition' build argument 'cmake_target_skip_unavailable' from command line to 'False'
[0.665s] Level 5:colcon.colcon_core.verb:set package 'recognition' build argument 'cmake_clean_cache' from command line to 'False'
[0.665s] Level 5:colcon.colcon_core.verb:set package 'recognition' build argument 'cmake_clean_first' from command line to 'False'
[0.665s] Level 5:colcon.colcon_core.verb:set package 'recognition' build argument 'cmake_force_configure' from command line to 'False'
[0.665s] Level 5:colcon.colcon_core.verb:set package 'recognition' build argument 'ament_cmake_args' from command line to 'None'
[0.665s] Level 5:colcon.colcon_core.verb:set package 'recognition' build argument 'catkin_cmake_args' from command line to 'None'
[0.665s] Level 5:colcon.colcon_core.verb:set package 'recognition' build argument 'catkin_skip_building_tests' from command line to 'False'
[0.665s] DEBUG:colcon.colcon_core.verb:Building package 'recognition' with the following arguments: {'ament_cmake_args': None, 'build_base': '/home/qkenrrltk2/xycar_ws/src/build/recognition', 'catkin_cmake_args': None, 'catkin_skip_building_tests': False, 'cmake_args': None, 'cmake_clean_cache': False, 'cmake_clean_first': False, 'cmake_force_configure': False, 'cmake_target': None, 'cmake_target_skip_unavailable': False, 'install_base': '/home/qkenrrltk2/xycar_ws/src/install/recognition', 'merge_install': False, 'path': '/home/qkenrrltk2/xycar_ws/src/recognition', 'symlink_install': False, 'test_result_base': None}
[0.665s] Level 5:colcon.colcon_core.verb:set package 'ros_tcp_endpoint' build argument 'cmake_args' from command line to 'None'
[0.665s] Level 5:colcon.colcon_core.verb:set package 'ros_tcp_endpoint' build argument 'cmake_target' from command line to 'None'
[0.665s] Level 5:colcon.colcon_core.verb:set package 'ros_tcp_endpoint' build argument 'cmake_target_skip_unavailable' from command line to 'False'
[0.665s] Level 5:colcon.colcon_core.verb:set package 'ros_tcp_endpoint' build argument 'cmake_clean_cache' from command line to 'False'
[0.665s] Level 5:colcon.colcon_core.verb:set package 'ros_tcp_endpoint' build argument 'cmake_clean_first' from command line to 'False'
[0.665s] Level 5:colcon.colcon_core.verb:set package 'ros_tcp_endpoint' build argument 'cmake_force_configure' from command line to 'False'
[0.665s] Level 5:colcon.colcon_core.verb:set package 'ros_tcp_endpoint' build argument 'ament_cmake_args' from command line to 'None'
[0.665s] Level 5:colcon.colcon_core.verb:set package 'ros_tcp_endpoint' build argument 'catkin_cmake_args' from command line to 'None'
[0.665s] Level 5:colcon.colcon_core.verb:set package 'ros_tcp_endpoint' build argument 'catkin_skip_building_tests' from command line to 'False'
[0.665s] DEBUG:colcon.colcon_core.verb:Building package 'ros_tcp_endpoint' with the following arguments: {'ament_cmake_args': None, 'build_base': '/home/qkenrrltk2/xycar_ws/src/build/ros_tcp_endpoint', 'catkin_cmake_args': None, 'catkin_skip_building_tests': False, 'cmake_args': None, 'cmake_clean_cache': False, 'cmake_clean_first': False, 'cmake_force_configure': False, 'cmake_target': None, 'cmake_target_skip_unavailable': False, 'install_base': '/home/qkenrrltk2/xycar_ws/src/install/ros_tcp_endpoint', 'merge_install': False, 'path': '/home/qkenrrltk2/xycar_ws/src/ROS-TCP-Endpoint-main-ros2', 'symlink_install': False, 'test_result_base': None}
[0.665s] Level 5:colcon.colcon_core.verb:set package 'track_drive' build argument 'cmake_args' from command line to 'None'
[0.665s] Level 5:colcon.colcon_core.verb:set package 'track_drive' build argument 'cmake_target' from command line to 'None'
[0.666s] Level 5:colcon.colcon_core.verb:set package 'track_drive' build argument 'cmake_target_skip_unavailable' from command line to 'False'
[0.666s] Level 5:colcon.colcon_core.verb:set package 'track_drive' build argument 'cmake_clean_cache' from command line to 'False'
[0.666s] Level 5:colcon.colcon_core.verb:set package 'track_drive' build argument 'cmake_clean_first' from command line to 'False'
[0.666s] Level 5:colcon.colcon_core.verb:set package 'track_drive' build argument 'cmake_force_configure' from command line to 'False'
[0.666s] Level 5:colcon.colcon_core.verb:set package 'track_drive' build argument 'ament_cmake_args' from command line to 'None'
[0.666s] Level 5:colcon.colcon_core.verb:set package 'track_drive' build argument 'catkin_cmake_args' from command line to 'None'
[0.666s] Level 5:colcon.colcon_core.verb:set package 'track_drive' build argument 'catkin_skip_building_tests' from command line to 'False'
[0.666s] DEBUG:colcon.colcon_core.verb:Building package 'track_drive' with the following arguments: {'ament_cmake_args': None, 'build_base': '/home/qkenrrltk2/xycar_ws/src/build/track_drive', 'catkin_cmake_args': None, 'catkin_skip_building_tests': False, 'cmake_args': None, 'cmake_clean_cache': False, 'cmake_clean_first': False, 'cmake_force_configure': False, 'cmake_target': None, 'cmake_target_skip_unavailable': False, 'install_base': '/home/qkenrrltk2/xycar_ws/src/install/track_drive', 'merge_install': False, 'path': '/home/qkenrrltk2/xycar_ws/src/track_drive', 'symlink_install': False, 'test_result_base': None}
[0.666s] Level 5:colcon.colcon_core.verb:set package 'xycar_msgs' build argument 'cmake_args' from command line to 'None'
[0.666s] Level 5:colcon.colcon_core.verb:set package 'xycar_msgs' build argument 'cmake_target' from command line to 'None'
[0.666s] Level 5:colcon.colcon_core.verb:set package 'xycar_msgs' build argument 'cmake_target_skip_unavailable' from command line to 'False'
[0.666s] Level 5:colcon.colcon_core.verb:set package 'xycar_msgs' build argument 'cmake_clean_cache' from command line to 'False'
[0.666s] Level 5:colcon.colcon_core.verb:set package 'xycar_msgs' build argument 'cmake_clean_first' from command line to 'False'
[0.666s] Level 5:colcon.colcon_core.verb:set package 'xycar_msgs' build argument 'cmake_force_configure' from command line to 'False'
[0.666s] Level 5:colcon.colcon_core.verb:set package 'xycar_msgs' build argument 'ament_cmake_args' from command line to 'None'
[0.666s] Level 5:colcon.colcon_core.verb:set package 'xycar_msgs' build argument 'catkin_cmake_args' from command line to 'None'
[0.666s] Level 5:colcon.colcon_core.verb:set package 'xycar_msgs' build argument 'catkin_skip_building_tests' from command line to 'False'
[0.666s] DEBUG:colcon.colcon_core.verb:Building package 'xycar_msgs' with the following arguments: {'ament_cmake_args': None, 'build_base': '/home/qkenrrltk2/xycar_ws/src/build/xycar_msgs', 'catkin_cmake_args': None, 'catkin_skip_building_tests': False, 'cmake_args': None, 'cmake_clean_cache': False, 'cmake_clean_first': False, 'cmake_force_configure': False, 'cmake_target': None, 'cmake_target_skip_unavailable': False, 'install_base': '/home/qkenrrltk2/xycar_ws/src/install/xycar_msgs', 'merge_install': False, 'path': '/home/qkenrrltk2/xycar_ws/src/xycar_msgs', 'symlink_install': False, 'test_result_base': None}
[0.666s] Level 5:colcon.colcon_core.verb:set package 'kookmin9_viewer' build argument 'cmake_args' from command line to 'None'
[0.666s] Level 5:colcon.colcon_core.verb:set package 'kookmin9_viewer' build argument 'cmake_target' from command line to 'None'
[0.666s] Level 5:colcon.colcon_core.verb:set package 'kookmin9_viewer' build argument 'cmake_target_skip_unavailable' from command line to 'False'
[0.666s] Level 5:colcon.colcon_core.verb:set package 'kookmin9_viewer' build argument 'cmake_clean_cache' from command line to 'False'
[0.666s] Level 5:colcon.colcon_core.verb:set package 'kookmin9_viewer' build argument 'cmake_clean_first' from command line to 'False'
[0.666s] Level 5:colcon.colcon_core.verb:set package 'kookmin9_viewer' build argument 'cmake_force_configure' from command line to 'False'
[0.666s] Level 5:colcon.colcon_core.verb:set package 'kookmin9_viewer' build argument 'ament_cmake_args' from command line to 'None'
[0.667s] Level 5:colcon.colcon_core.verb:set package 'kookmin9_viewer' build argument 'catkin_cmake_args' from command line to 'None'
[0.667s] Level 5:colcon.colcon_core.verb:set package 'kookmin9_viewer' build argument 'catkin_skip_building_tests' from command line to 'False'
[0.667s] DEBUG:colcon.colcon_core.verb:Building package 'kookmin9_viewer' with the following arguments: {'ament_cmake_args': None, 'build_base': '/home/qkenrrltk2/xycar_ws/src/build/kookmin9_viewer', 'catkin_cmake_args': None, 'catkin_skip_building_tests': False, 'cmake_args': None, 'cmake_clean_cache': False, 'cmake_clean_first': False, 'cmake_force_configure': False, 'cmake_target': None, 'cmake_target_skip_unavailable': False, 'install_base': '/home/qkenrrltk2/xycar_ws/src/install/kookmin9_viewer', 'merge_install': False, 'path': '/home/qkenrrltk2/xycar_ws/src/kookmin9_viewer', 'symlink_install': False, 'test_result_base': None}
[0.667s] Level 5:colcon.colcon_core.verb:set package 'my_cam' build argument 'cmake_args' from command line to 'None'
[0.667s] Level 5:colcon.colcon_core.verb:set package 'my_cam' build argument 'cmake_target' from command line to 'None'
[0.667s] Level 5:colcon.colcon_core.verb:set package 'my_cam' build argument 'cmake_target_skip_unavailable' from command line to 'False'
[0.667s] Level 5:colcon.colcon_core.verb:set package 'my_cam' build argument 'cmake_clean_cache' from command line to 'False'
[0.667s] Level 5:colcon.colcon_core.verb:set package 'my_cam' build argument 'cmake_clean_first' from command line to 'False'
[0.667s] Level 5:colcon.colcon_core.verb:set package 'my_cam' build argument 'cmake_force_configure' from command line to 'False'
[0.667s] Level 5:colcon.colcon_core.verb:set package 'my_cam' build argument 'ament_cmake_args' from command line to 'None'
[0.667s] Level 5:colcon.colcon_core.verb:set package 'my_cam' build argument 'catkin_cmake_args' from command line to 'None'
[0.667s] Level 5:colcon.colcon_core.verb:set package 'my_cam' build argument 'catkin_skip_building_tests' from command line to 'False'
[0.667s] DEBUG:colcon.colcon_core.verb:Building package 'my_cam' with the following arguments: {'ament_cmake_args': None, 'build_base': '/home/qkenrrltk2/xycar_ws/src/build/my_cam', 'catkin_cmake_args': None, 'catkin_skip_building_tests': False, 'cmake_args': None, 'cmake_clean_cache': False, 'cmake_clean_first': False, 'cmake_force_configure': False, 'cmake_target': None, 'cmake_target_skip_unavailable': False, 'install_base': '/home/qkenrrltk2/xycar_ws/src/install/my_cam', 'merge_install': False, 'path': '/home/qkenrrltk2/xycar_ws/src/my_cam', 'symlink_install': False, 'test_result_base': None}
[0.668s] Level 5:colcon.colcon_core.verb:set package 'my_lidar' build argument 'cmake_args' from command line to 'None'
[0.668s] Level 5:colcon.colcon_core.verb:set package 'my_lidar' build argument 'cmake_target' from command line to 'None'
[0.668s] Level 5:colcon.colcon_core.verb:set package 'my_lidar' build argument 'cmake_target_skip_unavailable' from command line to 'False'
[0.668s] Level 5:colcon.colcon_core.verb:set package 'my_lidar' build argument 'cmake_clean_cache' from command line to 'False'
[0.668s] Level 5:colcon.colcon_core.verb:set package 'my_lidar' build argument 'cmake_clean_first' from command line to 'False'
[0.668s] Level 5:colcon.colcon_core.verb:set package 'my_lidar' build argument 'cmake_force_configure' from command line to 'False'
[0.668s] Level 5:colcon.colcon_core.verb:set package 'my_lidar' build argument 'ament_cmake_args' from command line to 'None'
[0.668s] Level 5:colcon.colcon_core.verb:set package 'my_lidar' build argument 'catkin_cmake_args' from command line to 'None'
[0.668s] Level 5:colcon.colcon_core.verb:set package 'my_lidar' build argument 'catkin_skip_building_tests' from command line to 'False'
[0.668s] DEBUG:colcon.colcon_core.verb:Building package 'my_lidar' with the following arguments: {'ament_cmake_args': None, 'build_base': '/home/qkenrrltk2/xycar_ws/src/build/my_lidar', 'catkin_cmake_args': None, 'catkin_skip_building_tests': False, 'cmake_args': None, 'cmake_clean_cache': False, 'cmake_clean_first': False, 'cmake_force_configure': False, 'cmake_target': None, 'cmake_target_skip_unavailable': False, 'install_base': '/home/qkenrrltk2/xycar_ws/src/install/my_lidar', 'merge_install': False, 'path': '/home/qkenrrltk2/xycar_ws/src/my_lidar', 'symlink_install': False, 'test_result_base': None}
[0.668s] INFO:colcon.colcon_core.executor:Executing jobs using 'parallel' executor
[0.669s] DEBUG:colcon.colcon_parallel_executor.executor.parallel:run_until_complete
[0.670s] INFO:colcon.colcon_ros.task.ament_cmake.build:Building ROS package in '/home/qkenrrltk2/xycar_ws/src/xycar_msgs' with build type 'ament_cmake'
[0.670s] INFO:colcon.colcon_cmake.task.cmake.build:Building CMake package in '/home/qkenrrltk2/xycar_ws/src/xycar_msgs'
[0.675s] INFO:colcon.colcon_core.plugin_system:Skipping extension 'colcon_core.shell.bat': Not used on non-Windows systems
[0.675s] INFO:colcon.colcon_core.shell:Skip shell extension 'powershell' for command environment: Not usable outside of PowerShell
[0.675s] DEBUG:colcon.colcon_core.shell:Skip shell extension 'dsv' for command environment
[0.678s] INFO:colcon.colcon_ros.task.ament_python.build:Building ROS package in '/home/qkenrrltk2/xycar_ws/src/recognition' with build type 'ament_python'
[0.678s] Level 1:colcon.colcon_core.shell:create_environment_hook('recognition', 'ament_prefix_path')
[0.679s] INFO:colcon.colcon_core.shell:Creating environment hook '/home/qkenrrltk2/xycar_ws/src/install/recognition/share/recognition/hook/ament_prefix_path.ps1'
[0.680s] INFO:colcon.colcon_core.shell:Creating environment descriptor '/home/qkenrrltk2/xycar_ws/src/install/recognition/share/recognition/hook/ament_prefix_path.dsv'
[0.680s] INFO:colcon.colcon_core.shell:Creating environment hook '/home/qkenrrltk2/xycar_ws/src/install/recognition/share/recognition/hook/ament_prefix_path.sh'
[0.681s] INFO:colcon.colcon_core.shell:Skip shell extension 'powershell' for command environment: Not usable outside of PowerShell
[0.681s] DEBUG:colcon.colcon_core.shell:Skip shell extension 'dsv' for command environment
[0.684s] INFO:colcon.colcon_ros.task.ament_python.build:Building ROS package in '/home/qkenrrltk2/xycar_ws/src/my_imu' with build type 'ament_python'
[0.684s] Level 1:colcon.colcon_core.shell:create_environment_hook('my_imu', 'ament_prefix_path')
[0.684s] INFO:colcon.colcon_core.shell:Creating environment hook '/home/qkenrrltk2/xycar_ws/src/install/my_imu/share/my_imu/hook/ament_prefix_path.ps1'
[0.685s] INFO:colcon.colcon_core.shell:Creating environment descriptor '/home/qkenrrltk2/xycar_ws/src/install/my_imu/share/my_imu/hook/ament_prefix_path.dsv'
[0.686s] INFO:colcon.colcon_core.shell:Creating environment hook '/home/qkenrrltk2/xycar_ws/src/install/my_imu/share/my_imu/hook/ament_prefix_path.sh'
[0.686s] INFO:colcon.colcon_core.shell:Skip shell extension 'powershell' for command environment: Not usable outside of PowerShell
[0.686s] DEBUG:colcon.colcon_core.shell:Skip shell extension 'dsv' for command environment
[0.688s] INFO:colcon.colcon_ros.task.ament_python.build:Building ROS package in '/home/qkenrrltk2/xycar_ws/src/my_motor' with build type 'ament_python'
[0.689s] Level 1:colcon.colcon_core.shell:create_environment_hook('my_motor', 'ament_prefix_path')
[0.689s] INFO:colcon.colcon_core.shell:Creating environment hook '/home/qkenrrltk2/xycar_ws/src/install/my_motor/share/my_motor/hook/ament_prefix_path.ps1'
[0.690s] INFO:colcon.colcon_core.shell:Creating environment descriptor '/home/qkenrrltk2/xycar_ws/src/install/my_motor/share/my_motor/hook/ament_prefix_path.dsv'
[0.690s] INFO:colcon.colcon_core.shell:Creating environment hook '/home/qkenrrltk2/xycar_ws/src/install/my_motor/share/my_motor/hook/ament_prefix_path.sh'
[0.690s] INFO:colcon.colcon_core.shell:Skip shell extension 'powershell' for command environment: Not usable outside of PowerShell
[0.690s] DEBUG:colcon.colcon_core.shell:Skip shell extension 'dsv' for command environment
[0.692s] INFO:colcon.colcon_ros.task.ament_python.build:Building ROS package in '/home/qkenrrltk2/xycar_ws/src/ROS-TCP-Endpoint-main-ros2' with build type 'ament_python'
[0.692s] Level 1:colcon.colcon_core.shell:create_environment_hook('ros_tcp_endpoint', 'ament_prefix_path')
[0.693s] INFO:colcon.colcon_core.shell:Creating environment hook '/home/qkenrrltk2/xycar_ws/src/install/ros_tcp_endpoint/share/ros_tcp_endpoint/hook/ament_prefix_path.ps1'
[0.694s] INFO:colcon.colcon_core.shell:Creating environment descriptor '/home/qkenrrltk2/xycar_ws/src/install/ros_tcp_endpoint/share/ros_tcp_endpoint/hook/ament_prefix_path.dsv'
[0.694s] INFO:colcon.colcon_core.shell:Creating environment hook '/home/qkenrrltk2/xycar_ws/src/install/ros_tcp_endpoint/share/ros_tcp_endpoint/hook/ament_prefix_path.sh'
[0.694s] INFO:colcon.colcon_core.shell:Skip shell extension 'powershell' for command environment: Not usable outside of PowerShell
[0.694s] DEBUG:colcon.colcon_core.shell:Skip shell extension 'dsv' for command environment
[0.697s] INFO:colcon.colcon_ros.task.ament_python.build:Building ROS package in '/home/qkenrrltk2/xycar_ws/src/track_drive' with build type 'ament_python'
[0.697s] Level 1:colcon.colcon_core.shell:create_environment_hook('track_drive', 'ament_prefix_path')
[0.697s] INFO:colcon.colcon_core.shell:Creating environment hook '/home/qkenrrltk2/xycar_ws/src/install/track_drive/share/track_drive/hook/ament_prefix_path.ps1'
[0.698s] INFO:colcon.colcon_core.shell:Creating environment descriptor '/home/qkenrrltk2/xycar_ws/src/install/track_drive/share/track_drive/hook/ament_prefix_path.dsv'
[0.699s] INFO:colcon.colcon_core.shell:Creating environment hook '/home/qkenrrltk2/xycar_ws/src/install/track_drive/share/track_drive/hook/ament_prefix_path.sh'
[0.699s] INFO:colcon.colcon_core.shell:Skip shell extension 'powershell' for command environment: Not usable outside of PowerShell
[0.699s] DEBUG:colcon.colcon_core.shell:Skip shell extension 'dsv' for command environment
[0.705s] DEBUG:colcon.colcon_core.event_handler.log_command:Invoking command in '/home/qkenrrltk2/xycar_ws/src/build/xycar_msgs': CMAKE_PREFIX_PATH=${CMAKE_PREFIX_PATH}:/home/qkenrrltk2/xycar_ws/install/my_lidar:/home/qkenrrltk2/xycar_ws/install/my_cam:/home/qkenrrltk2/xycar_ws/install/kookmin9_viewer:/home/qkenrrltk2/xycar_ws/install/track_drive:/home/qkenrrltk2/xycar_ws/install/ros_tcp_endpoint:/home/qkenrrltk2/xycar_ws/install/my_motor:/home/qkenrrltk2/xycar_ws/install/my_imu:/opt/ros/humble /usr/bin/cmake /home/qkenrrltk2/xycar_ws/src/xycar_msgs -DCMAKE_INSTALL_PREFIX=/home/qkenrrltk2/xycar_ws/src/install/xycar_msgs
[0.910s] INFO:colcon.colcon_core.task.python.build:Building Python package in '/home/qkenrrltk2/xycar_ws/src/recognition'
[0.911s] INFO:colcon.colcon_core.shell:Skip shell extension 'powershell' for command environment: Not usable outside of PowerShell
[0.911s] DEBUG:colcon.colcon_core.shell:Skip shell extension 'dsv' for command environment
[1.105s] INFO:colcon.colcon_core.task.python.build:Building Python package in '/home/qkenrrltk2/xycar_ws/src/my_imu'
[1.105s] INFO:colcon.colcon_core.shell:Skip shell extension 'powershell' for command environment: Not usable outside of PowerShell
[1.105s] DEBUG:colcon.colcon_core.shell:Skip shell extension 'dsv' for command environment
[1.297s] INFO:colcon.colcon_core.task.python.build:Building Python package in '/home/qkenrrltk2/xycar_ws/src/my_motor'
[1.297s] INFO:colcon.colcon_core.shell:Skip shell extension 'powershell' for command environment: Not usable outside of PowerShell
[1.297s] DEBUG:colcon.colcon_core.shell:Skip shell extension 'dsv' for command environment
[1.485s] INFO:colcon.colcon_core.task.python.build:Building Python package in '/home/qkenrrltk2/xycar_ws/src/ROS-TCP-Endpoint-main-ros2'
[1.485s] INFO:colcon.colcon_core.shell:Skip shell extension 'powershell' for command environment: Not usable outside of PowerShell
[1.485s] DEBUG:colcon.colcon_core.shell:Skip shell extension 'dsv' for command environment
[1.679s] INFO:colcon.colcon_core.task.python.build:Building Python package in '/home/qkenrrltk2/xycar_ws/src/track_drive'
[1.679s] INFO:colcon.colcon_core.shell:Skip shell extension 'powershell' for command environment: Not usable outside of PowerShell
[1.679s] DEBUG:colcon.colcon_core.shell:Skip shell extension 'dsv' for command environment
[2.090s] DEBUG:colcon.colcon_core.event_handler.log_command:Invoking command in '/home/qkenrrltk2/xycar_ws/src/my_imu': PYTHONPATH=/home/qkenrrltk2/xycar_ws/src/build/my_imu/prefix_override:/usr/lib/python3/dist-packages/colcon_core/task/python/colcon_distutils_commands:/home/qkenrrltk2/xycar_ws/src/install/my_imu/lib/python3.10/site-packages:${PYTHONPATH} /usr/bin/python3 -W ignore:setup.py install is deprecated -W ignore:easy_install command is deprecated setup.py egg_info --egg-base ../build/my_imu build --build-base /home/qkenrrltk2/xycar_ws/src/build/my_imu/build install --record /home/qkenrrltk2/xycar_ws/src/build/my_imu/install.log --single-version-externally-managed install_data
[2.098s] DEBUG:colcon.colcon_core.event_handler.log_command:Invoking command in '/home/qkenrrltk2/xycar_ws/src/my_motor': PYTHONPATH=/home/qkenrrltk2/xycar_ws/src/build/my_motor/prefix_override:/usr/lib/python3/dist-packages/colcon_core/task/python/colcon_distutils_commands:/home/qkenrrltk2/xycar_ws/src/install/my_motor/lib/python3.10/site-packages:${PYTHONPATH} /usr/bin/python3 -W ignore:setup.py install is deprecated -W ignore:easy_install command is deprecated setup.py egg_info --egg-base ../build/my_motor build --build-base /home/qkenrrltk2/xycar_ws/src/build/my_motor/build install --record /home/qkenrrltk2/xycar_ws/src/build/my_motor/install.log --single-version-externally-managed install_data
[2.099s] DEBUG:colcon.colcon_core.event_handler.log_command:Invoking command in '/home/qkenrrltk2/xycar_ws/src/ROS-TCP-Endpoint-main-ros2': PYTHONPATH=/home/qkenrrltk2/xycar_ws/src/build/ros_tcp_endpoint/prefix_override:/usr/lib/python3/dist-packages/colcon_core/task/python/colcon_distutils_commands:/home/qkenrrltk2/xycar_ws/src/install/ros_tcp_endpoint/lib/python3.10/site-packages:${PYTHONPATH} /usr/bin/python3 -W ignore:setup.py install is deprecated -W ignore:easy_install command is deprecated setup.py egg_info --egg-base ../build/ros_tcp_endpoint build --build-base /home/qkenrrltk2/xycar_ws/src/build/ros_tcp_endpoint/build install --record /home/qkenrrltk2/xycar_ws/src/build/ros_tcp_endpoint/install.log --single-version-externally-managed install_data
[2.100s] DEBUG:colcon.colcon_core.event_handler.log_command:Invoking command in '/home/qkenrrltk2/xycar_ws/src/recognition': PYTHONPATH=/home/qkenrrltk2/xycar_ws/src/build/recognition/prefix_override:/usr/lib/python3/dist-packages/colcon_core/task/python/colcon_distutils_commands:/home/qkenrrltk2/xycar_ws/src/install/recognition/lib/python3.10/site-packages:${PYTHONPATH} /usr/bin/python3 -W ignore:setup.py install is deprecated -W ignore:easy_install command is deprecated setup.py egg_info --egg-base ../build/recognition build --build-base /home/qkenrrltk2/xycar_ws/src/build/recognition/build install --record /home/qkenrrltk2/xycar_ws/src/build/recognition/install.log --single-version-externally-managed install_data
[2.101s] DEBUG:colcon.colcon_core.event_handler.log_command:Invoking command in '/home/qkenrrltk2/xycar_ws/src/track_drive': PYTHONPATH=/home/qkenrrltk2/xycar_ws/src/build/track_drive/prefix_override:/usr/lib/python3/dist-packages/colcon_core/task/python/colcon_distutils_commands:/home/qkenrrltk2/xycar_ws/src/install/track_drive/lib/python3.10/site-packages:${PYTHONPATH} /usr/bin/python3 -W ignore:setup.py install is deprecated -W ignore:easy_install command is deprecated setup.py egg_info --egg-base ../build/track_drive build --build-base /home/qkenrrltk2/xycar_ws/src/build/track_drive/build install --record /home/qkenrrltk2/xycar_ws/src/build/track_drive/install.log --single-version-externally-managed install_data
[2.309s] DEBUG:colcon.colcon_core.event_handler.log_command:Invoked command in '/home/qkenrrltk2/xycar_ws/src/my_imu' returned '0': PYTHONPATH=/home/qkenrrltk2/xycar_ws/src/build/my_imu/prefix_override:/usr/lib/python3/dist-packages/colcon_core/task/python/colcon_distutils_commands:/home/qkenrrltk2/xycar_ws/src/install/my_imu/lib/python3.10/site-packages:${PYTHONPATH} /usr/bin/python3 -W ignore:setup.py install is deprecated -W ignore:easy_install command is deprecated setup.py egg_info --egg-base ../build/my_imu build --build-base /home/qkenrrltk2/xycar_ws/src/build/my_imu/build install --record /home/qkenrrltk2/xycar_ws/src/build/my_imu/install.log --single-version-externally-managed install_data
[2.314s] Level 1:colcon.colcon_core.environment:checking '/home/qkenrrltk2/xycar_ws/src/install/my_imu' for CMake module files
[2.314s] Level 1:colcon.colcon_core.environment:checking '/home/qkenrrltk2/xycar_ws/src/install/my_imu' for CMake config files
[2.315s] Level 1:colcon.colcon_core.environment:checking '/home/qkenrrltk2/xycar_ws/src/install/my_imu/lib'
[2.315s] Level 1:colcon.colcon_core.environment:checking '/home/qkenrrltk2/xycar_ws/src/install/my_imu/bin'
[2.315s] Level 1:colcon.colcon_core.environment:checking '/home/qkenrrltk2/xycar_ws/src/install/my_imu/lib/pkgconfig/my_imu.pc'
[2.315s] Level 1:colcon.colcon_core.environment:checking '/home/qkenrrltk2/xycar_ws/src/install/my_imu/lib/python3.10/site-packages'
[2.315s] Level 1:colcon.colcon_core.shell:create_environment_hook('my_imu', 'pythonpath')
[2.316s] INFO:colcon.colcon_core.shell:Creating environment hook '/home/qkenrrltk2/xycar_ws/src/install/my_imu/share/my_imu/hook/pythonpath.ps1'
[2.316s] INFO:colcon.colcon_core.shell:Creating environment descriptor '/home/qkenrrltk2/xycar_ws/src/install/my_imu/share/my_imu/hook/pythonpath.dsv'
[2.316s] INFO:colcon.colcon_core.shell:Creating environment hook '/home/qkenrrltk2/xycar_ws/src/install/my_imu/share/my_imu/hook/pythonpath.sh'
[2.317s] Level 1:colcon.colcon_core.environment:checking '/home/qkenrrltk2/xycar_ws/src/install/my_imu/bin'
[2.317s] Level 1:colcon.colcon_core.environment:create_environment_scripts_only(my_imu)
[2.317s] INFO:colcon.colcon_core.shell:Creating package script '/home/qkenrrltk2/xycar_ws/src/install/my_imu/share/my_imu/package.ps1'
[2.318s] INFO:colcon.colcon_core.shell:Creating package descriptor '/home/qkenrrltk2/xycar_ws/src/install/my_imu/share/my_imu/package.dsv'
[2.319s] INFO:colcon.colcon_core.shell:Creating package script '/home/qkenrrltk2/xycar_ws/src/install/my_imu/share/my_imu/package.sh'
[2.320s] INFO:colcon.colcon_core.shell:Creating package script '/home/qkenrrltk2/xycar_ws/src/install/my_imu/share/my_imu/package.bash'
[2.321s] INFO:colcon.colcon_core.shell:Creating package script '/home/qkenrrltk2/xycar_ws/src/install/my_imu/share/my_imu/package.zsh'
[2.322s] Level 1:colcon.colcon_core.environment:create_file_with_runtime_dependencies(/home/qkenrrltk2/xycar_ws/src/install/my_imu/share/colcon-core/packages/my_imu)
[2.325s] Level 1:colcon.colcon_core.environment:checking '/home/qkenrrltk2/xycar_ws/src/install/my_motor' for CMake module files
[2.325s] DEBUG:colcon.colcon_core.event_handler.log_command:Invoked command in '/home/qkenrrltk2/xycar_ws/src/my_motor' returned '0': PYTHONPATH=/home/qkenrrltk2/xycar_ws/src/build/my_motor/prefix_override:/usr/lib/python3/dist-packages/colcon_core/task/python/colcon_distutils_commands:/home/qkenrrltk2/xycar_ws/src/install/my_motor/lib/python3.10/site-packages:${PYTHONPATH} /usr/bin/python3 -W ignore:setup.py install is deprecated -W ignore:easy_install command is deprecated setup.py egg_info --egg-base ../build/my_motor build --build-base /home/qkenrrltk2/xycar_ws/src/build/my_motor/build install --record /home/qkenrrltk2/xycar_ws/src/build/my_motor/install.log --single-version-externally-managed install_data
[2.326s] Level 1:colcon.colcon_core.environment:checking '/home/qkenrrltk2/xycar_ws/src/install/my_motor' for CMake config files
[2.326s] Level 1:colcon.colcon_core.environment:checking '/home/qkenrrltk2/xycar_ws/src/install/my_motor/lib'
[2.326s] Level 1:colcon.colcon_core.environment:checking '/home/qkenrrltk2/xycar_ws/src/install/my_motor/bin'
[2.326s] Level 1:colcon.colcon_core.environment:checking '/home/qkenrrltk2/xycar_ws/src/install/my_motor/lib/pkgconfig/my_motor.pc'
[2.326s] Level 1:colcon.colcon_core.environment:checking '/home/qkenrrltk2/xycar_ws/src/install/my_motor/lib/python3.10/site-packages'
[2.326s] Level 1:colcon.colcon_core.shell:create_environment_hook('my_motor', 'pythonpath')
[2.326s] INFO:colcon.colcon_core.shell:Creating environment hook '/home/qkenrrltk2/xycar_ws/src/install/my_motor/share/my_motor/hook/pythonpath.ps1'
[2.327s] INFO:colcon.colcon_core.shell:Creating environment descriptor '/home/qkenrrltk2/xycar_ws/src/install/my_motor/share/my_motor/hook/pythonpath.dsv'
[2.327s] INFO:colcon.colcon_core.shell:Creating environment hook '/home/qkenrrltk2/xycar_ws/src/install/my_motor/share/my_motor/hook/pythonpath.sh'
[2.327s] Level 1:colcon.colcon_core.environment:checking '/home/qkenrrltk2/xycar_ws/src/install/my_motor/bin'
[2.327s] Level 1:colcon.colcon_core.environment:create_environment_scripts_only(my_motor)
[2.328s] INFO:colcon.colcon_core.shell:Creating package script '/home/qkenrrltk2/xycar_ws/src/install/my_motor/share/my_motor/package.ps1'
[2.328s] INFO:colcon.colcon_core.shell:Creating package descriptor '/home/qkenrrltk2/xycar_ws/src/install/my_motor/share/my_motor/package.dsv'
[2.328s] INFO:colcon.colcon_core.shell:Creating package script '/home/qkenrrltk2/xycar_ws/src/install/my_motor/share/my_motor/package.sh'
[2.328s] INFO:colcon.colcon_core.shell:Creating package script '/home/qkenrrltk2/xycar_ws/src/install/my_motor/share/my_motor/package.bash'
[2.329s] INFO:colcon.colcon_core.shell:Creating package script '/home/qkenrrltk2/xycar_ws/src/install/my_motor/share/my_motor/package.zsh'
[2.329s] Level 1:colcon.colcon_core.environment:create_file_with_runtime_dependencies(/home/qkenrrltk2/xycar_ws/src/install/my_motor/share/colcon-core/packages/my_motor)
[2.332s] Level 1:colcon.colcon_core.environment:checking '/home/qkenrrltk2/xycar_ws/src/install/track_drive' for CMake module files
[2.333s] DEBUG:colcon.colcon_core.event_handler.log_command:Invoked command in '/home/qkenrrltk2/xycar_ws/src/track_drive' returned '0': PYTHONPATH=/home/qkenrrltk2/xycar_ws/src/build/track_drive/prefix_override:/usr/lib/python3/dist-packages/colcon_core/task/python/colcon_distutils_commands:/home/qkenrrltk2/xycar_ws/src/install/track_drive/lib/python3.10/site-packages:${PYTHONPATH} /usr/bin/python3 -W ignore:setup.py install is deprecated -W ignore:easy_install command is deprecated setup.py egg_info --egg-base ../build/track_drive build --build-base /home/qkenrrltk2/xycar_ws/src/build/track_drive/build install --record /home/qkenrrltk2/xycar_ws/src/build/track_drive/install.log --single-version-externally-managed install_data
[2.333s] Level 1:colcon.colcon_core.environment:checking '/home/qkenrrltk2/xycar_ws/src/install/track_drive' for CMake config files
[2.334s] Level 1:colcon.colcon_core.environment:checking '/home/qkenrrltk2/xycar_ws/src/install/track_drive/lib'
[2.334s] Level 1:colcon.colcon_core.environment:checking '/home/qkenrrltk2/xycar_ws/src/install/track_drive/bin'
[2.334s] Level 1:colcon.colcon_core.environment:checking '/home/qkenrrltk2/xycar_ws/src/install/track_drive/lib/pkgconfig/track_drive.pc'
[2.334s] Level 1:colcon.colcon_core.environment:checking '/home/qkenrrltk2/xycar_ws/src/install/track_drive/lib/python3.10/site-packages'
[2.334s] Level 1:colcon.colcon_core.shell:create_environment_hook('track_drive', 'pythonpath')
[2.334s] INFO:colcon.colcon_core.shell:Creating environment hook '/home/qkenrrltk2/xycar_ws/src/install/track_drive/share/track_drive/hook/pythonpath.ps1'
[2.334s] INFO:colcon.colcon_core.shell:Creating environment descriptor '/home/qkenrrltk2/xycar_ws/src/install/track_drive/share/track_drive/hook/pythonpath.dsv'
[2.335s] INFO:colcon.colcon_core.shell:Creating environment hook '/home/qkenrrltk2/xycar_ws/src/install/track_drive/share/track_drive/hook/pythonpath.sh'
[2.335s] Level 1:colcon.colcon_core.environment:checking '/home/qkenrrltk2/xycar_ws/src/install/track_drive/bin'
[2.335s] Level 1:colcon.colcon_core.environment:create_environment_scripts_only(track_drive)
[2.335s] INFO:colcon.colcon_core.shell:Creating package script '/home/qkenrrltk2/xycar_ws/src/install/track_drive/share/track_drive/package.ps1'
[2.336s] INFO:colcon.colcon_core.shell:Creating package descriptor '/home/qkenrrltk2/xycar_ws/src/install/track_drive/share/track_drive/package.dsv'
[2.336s] INFO:colcon.colcon_core.shell:Creating package script '/home/qkenrrltk2/xycar_ws/src/install/track_drive/share/track_drive/package.sh'
[2.337s] INFO:colcon.colcon_core.shell:Creating package script '/home/qkenrrltk2/xycar_ws/src/install/track_drive/share/track_drive/package.bash'
[2.337s] INFO:colcon.colcon_core.shell:Creating package script '/home/qkenrrltk2/xycar_ws/src/install/track_drive/share/track_drive/package.zsh'
[2.337s] Level 1:colcon.colcon_core.environment:create_file_with_runtime_dependencies(/home/qkenrrltk2/xycar_ws/src/install/track_drive/share/colcon-core/packages/track_drive)
[2.338s] Level 1:colcon.colcon_core.environment:checking '/home/qkenrrltk2/xycar_ws/src/install/recognition' for CMake module files
[2.339s] Level 1:colcon.colcon_core.environment:checking '/home/qkenrrltk2/xycar_ws/src/install/recognition' for CMake config files
[2.339s] DEBUG:colcon.colcon_core.event_handler.log_command:Invoked command in '/home/qkenrrltk2/xycar_ws/src/recognition' returned '0': PYTHONPATH=/home/qkenrrltk2/xycar_ws/src/build/recognition/prefix_override:/usr/lib/python3/dist-packages/colcon_core/task/python/colcon_distutils_commands:/home/qkenrrltk2/xycar_ws/src/install/recognition/lib/python3.10/site-packages:${PYTHONPATH} /usr/bin/python3 -W ignore:setup.py install is deprecated -W ignore:easy_install command is deprecated setup.py egg_info --egg-base ../build/recognition build --build-base /home/qkenrrltk2/xycar_ws/src/build/recognition/build install --record /home/qkenrrltk2/xycar_ws/src/build/recognition/install.log --single-version-externally-managed install_data
[2.340s] Level 1:colcon.colcon_core.environment:checking '/home/qkenrrltk2/xycar_ws/src/install/recognition/lib'
[2.340s] Level 1:colcon.colcon_core.environment:checking '/home/qkenrrltk2/xycar_ws/src/install/recognition/bin'
[2.340s] Level 1:colcon.colcon_core.environment:checking '/home/qkenrrltk2/xycar_ws/src/install/recognition/lib/pkgconfig/recognition.pc'
[2.340s] Level 1:colcon.colcon_core.environment:checking '/home/qkenrrltk2/xycar_ws/src/install/recognition/lib/python3.10/site-packages'
[2.340s] Level 1:colcon.colcon_core.shell:create_environment_hook('recognition', 'pythonpath')
[2.340s] INFO:colcon.colcon_core.shell:Creating environment hook '/home/qkenrrltk2/xycar_ws/src/install/recognition/share/recognition/hook/pythonpath.ps1'
[2.341s] INFO:colcon.colcon_core.shell:Creating environment descriptor '/home/qkenrrltk2/xycar_ws/src/install/recognition/share/recognition/hook/pythonpath.dsv'
[2.341s] INFO:colcon.colcon_core.shell:Creating environment hook '/home/qkenrrltk2/xycar_ws/src/install/recognition/share/recognition/hook/pythonpath.sh'
[2.342s] Level 1:colcon.colcon_core.environment:checking '/home/qkenrrltk2/xycar_ws/src/install/recognition/bin'
[2.342s] Level 1:colcon.colcon_core.environment:create_environment_scripts_only(recognition)
[2.342s] INFO:colcon.colcon_core.shell:Creating package script '/home/qkenrrltk2/xycar_ws/src/install/recognition/share/recognition/package.ps1'
[2.342s] INFO:colcon.colcon_core.shell:Creating package descriptor '/home/qkenrrltk2/xycar_ws/src/install/recognition/share/recognition/package.dsv'
[2.343s] INFO:colcon.colcon_core.shell:Creating package script '/home/qkenrrltk2/xycar_ws/src/install/recognition/share/recognition/package.sh'
[2.343s] INFO:colcon.colcon_core.shell:Creating package script '/home/qkenrrltk2/xycar_ws/src/install/recognition/share/recognition/package.bash'
[2.343s] INFO:colcon.colcon_core.shell:Creating package script '/home/qkenrrltk2/xycar_ws/src/install/recognition/share/recognition/package.zsh'
[2.344s] Level 1:colcon.colcon_core.environment:create_file_with_runtime_dependencies(/home/qkenrrltk2/xycar_ws/src/install/recognition/share/colcon-core/packages/recognition)
[2.345s] Level 1:colcon.colcon_core.environment:checking '/home/qkenrrltk2/xycar_ws/src/install/ros_tcp_endpoint' for CMake module files
[2.346s] DEBUG:colcon.colcon_core.event_handler.log_command:Invoked command in '/home/qkenrrltk2/xycar_ws/src/ROS-TCP-Endpoint-main-ros2' returned '0': PYTHONPATH=/home/qkenrrltk2/xycar_ws/src/build/ros_tcp_endpoint/prefix_override:/usr/lib/python3/dist-packages/colcon_core/task/python/colcon_distutils_commands:/home/qkenrrltk2/xycar_ws/src/install/ros_tcp_endpoint/lib/python3.10/site-packages:${PYTHONPATH} /usr/bin/python3 -W ignore:setup.py install is deprecated -W ignore:easy_install command is deprecated setup.py egg_info --egg-base ../build/ros_tcp_endpoint build --build-base /home/qkenrrltk2/xycar_ws/src/build/ros_tcp_endpoint/build install --record /home/qkenrrltk2/xycar_ws/src/build/ros_tcp_endpoint/install.log --single-version-externally-managed install_data
[2.346s] Level 1:colcon.colcon_core.environment:checking '/home/qkenrrltk2/xycar_ws/src/install/ros_tcp_endpoint' for CMake config files
[2.346s] Level 1:colcon.colcon_core.environment:checking '/home/qkenrrltk2/xycar_ws/src/install/ros_tcp_endpoint/lib'
[2.346s] Level 1:colcon.colcon_core.environment:checking '/home/qkenrrltk2/xycar_ws/src/install/ros_tcp_endpoint/bin'
[2.346s] Level 1:colcon.colcon_core.environment:checking '/home/qkenrrltk2/xycar_ws/src/install/ros_tcp_endpoint/lib/pkgconfig/ros_tcp_endpoint.pc'
[2.346s] Level 1:colcon.colcon_core.environment:checking '/home/qkenrrltk2/xycar_ws/src/install/ros_tcp_endpoint/lib/python3.10/site-packages'
[2.346s] Level 1:colcon.colcon_core.shell:create_environment_hook('ros_tcp_endpoint', 'pythonpath')
[2.347s] INFO:colcon.colcon_core.shell:Creating environment hook '/home/qkenrrltk2/xycar_ws/src/install/ros_tcp_endpoint/share/ros_tcp_endpoint/hook/pythonpath.ps1'
[2.347s] INFO:colcon.colcon_core.shell:Creating environment descriptor '/home/qkenrrltk2/xycar_ws/src/install/ros_tcp_endpoint/share/ros_tcp_endpoint/hook/pythonpath.dsv'
[2.347s] INFO:colcon.colcon_core.shell:Creating environment hook '/home/qkenrrltk2/xycar_ws/src/install/ros_tcp_endpoint/share/ros_tcp_endpoint/hook/pythonpath.sh'
[2.348s] Level 1:colcon.colcon_core.environment:checking '/home/qkenrrltk2/xycar_ws/src/install/ros_tcp_endpoint/bin'
[2.348s] Level 1:colcon.colcon_core.environment:create_environment_scripts_only(ros_tcp_endpoint)
[2.348s] INFO:colcon.colcon_core.shell:Creating package script '/home/qkenrrltk2/xycar_ws/src/install/ros_tcp_endpoint/share/ros_tcp_endpoint/package.ps1'
[2.348s] INFO:colcon.colcon_core.shell:Creating package descriptor '/home/qkenrrltk2/xycar_ws/src/install/ros_tcp_endpoint/share/ros_tcp_endpoint/package.dsv'
[2.349s] INFO:colcon.colcon_core.shell:Creating package script '/home/qkenrrltk2/xycar_ws/src/install/ros_tcp_endpoint/share/ros_tcp_endpoint/package.sh'
[2.349s] INFO:colcon.colcon_core.shell:Creating package script '/home/qkenrrltk2/xycar_ws/src/install/ros_tcp_endpoint/share/ros_tcp_endpoint/package.bash'
[2.349s] INFO:colcon.colcon_core.shell:Creating package script '/home/qkenrrltk2/xycar_ws/src/install/ros_tcp_endpoint/share/ros_tcp_endpoint/package.zsh'
[2.349s] Level 1:colcon.colcon_core.environment:create_file_with_runtime_dependencies(/home/qkenrrltk2/xycar_ws/src/install/ros_tcp_endpoint/share/colcon-core/packages/ros_tcp_endpoint)
[3.708s] DEBUG:colcon.colcon_core.event_handler.log_command:Invoked command in '/home/qkenrrltk2/xycar_ws/src/build/xycar_msgs' returned '0': CMAKE_PREFIX_PATH=${CMAKE_PREFIX_PATH}:/home/qkenrrltk2/xycar_ws/install/my_lidar:/home/qkenrrltk2/xycar_ws/install/my_cam:/home/qkenrrltk2/xycar_ws/install/kookmin9_viewer:/home/qkenrrltk2/xycar_ws/install/track_drive:/home/qkenrrltk2/xycar_ws/install/ros_tcp_endpoint:/home/qkenrrltk2/xycar_ws/install/my_motor:/home/qkenrrltk2/xycar_ws/install/my_imu:/opt/ros/humble /usr/bin/cmake /home/qkenrrltk2/xycar_ws/src/xycar_msgs -DCMAKE_INSTALL_PREFIX=/home/qkenrrltk2/xycar_ws/src/install/xycar_msgs
[3.711s] DEBUG:colcon.colcon_core.event_handler.log_command:Invoking command in '/home/qkenrrltk2/xycar_ws/src/build/xycar_msgs': CMAKE_PREFIX_PATH=${CMAKE_PREFIX_PATH}:/home/qkenrrltk2/xycar_ws/install/my_lidar:/home/qkenrrltk2/xycar_ws/install/my_cam:/home/qkenrrltk2/xycar_ws/install/kookmin9_viewer:/home/qkenrrltk2/xycar_ws/install/track_drive:/home/qkenrrltk2/xycar_ws/install/ros_tcp_endpoint:/home/qkenrrltk2/xycar_ws/install/my_motor:/home/qkenrrltk2/xycar_ws/install/my_imu:/opt/ros/humble /usr/bin/cmake --build /home/qkenrrltk2/xycar_ws/src/build/xycar_msgs -- -j24 -l24
[5.365s] DEBUG:colcon.colcon_core.event_handler.log_command:Invoked command in '/home/qkenrrltk2/xycar_ws/src/build/xycar_msgs' returned '0': CMAKE_PREFIX_PATH=${CMAKE_PREFIX_PATH}:/home/qkenrrltk2/xycar_ws/install/my_lidar:/home/qkenrrltk2/xycar_ws/install/my_cam:/home/qkenrrltk2/xycar_ws/install/kookmin9_viewer:/home/qkenrrltk2/xycar_ws/install/track_drive:/home/qkenrrltk2/xycar_ws/install/ros_tcp_endpoint:/home/qkenrrltk2/xycar_ws/install/my_motor:/home/qkenrrltk2/xycar_ws/install/my_imu:/opt/ros/humble /usr/bin/cmake --build /home/qkenrrltk2/xycar_ws/src/build/xycar_msgs -- -j24 -l24
[5.372s] DEBUG:colcon.colcon_core.event_handler.log_command:Invoking command in '/home/qkenrrltk2/xycar_ws/src/build/xycar_msgs': CMAKE_PREFIX_PATH=${CMAKE_PREFIX_PATH}:/home/qkenrrltk2/xycar_ws/install/my_lidar:/home/qkenrrltk2/xycar_ws/install/my_cam:/home/qkenrrltk2/xycar_ws/install/kookmin9_viewer:/home/qkenrrltk2/xycar_ws/install/track_drive:/home/qkenrrltk2/xycar_ws/install/ros_tcp_endpoint:/home/qkenrrltk2/xycar_ws/install/my_motor:/home/qkenrrltk2/xycar_ws/install/my_imu:/opt/ros/humble /usr/bin/cmake --install /home/qkenrrltk2/xycar_ws/src/build/xycar_msgs
[5.428s] Level 1:colcon.colcon_core.environment:create_environment_scripts_only(xycar_msgs)
[5.428s] Level 1:colcon.colcon_core.environment:checking '/home/qkenrrltk2/xycar_ws/src/install/xycar_msgs' for CMake module files
[5.429s] DEBUG:colcon.colcon_core.event_handler.log_command:Invoked command in '/home/qkenrrltk2/xycar_ws/src/build/xycar_msgs' returned '0': CMAKE_PREFIX_PATH=${CMAKE_PREFIX_PATH}:/home/qkenrrltk2/xycar_ws/install/my_lidar:/home/qkenrrltk2/xycar_ws/install/my_cam:/home/qkenrrltk2/xycar_ws/install/kookmin9_viewer:/home/qkenrrltk2/xycar_ws/install/track_drive:/home/qkenrrltk2/xycar_ws/install/ros_tcp_endpoint:/home/qkenrrltk2/xycar_ws/install/my_motor:/home/qkenrrltk2/xycar_ws/install/my_imu:/opt/ros/humble /usr/bin/cmake --install /home/qkenrrltk2/xycar_ws/src/build/xycar_msgs
[5.429s] Level 1:colcon.colcon_core.environment:checking '/home/qkenrrltk2/xycar_ws/src/install/xycar_msgs' for CMake config files
[5.429s] Level 1:colcon.colcon_core.shell:create_environment_hook('xycar_msgs', 'cmake_prefix_path')
[5.429s] INFO:colcon.colcon_core.shell:Creating environment hook '/home/qkenrrltk2/xycar_ws/src/install/xycar_msgs/share/xycar_msgs/hook/cmake_prefix_path.ps1'
[5.430s] INFO:colcon.colcon_core.shell:Creating environment descriptor '/home/qkenrrltk2/xycar_ws/src/install/xycar_msgs/share/xycar_msgs/hook/cmake_prefix_path.dsv'
[5.431s] INFO:colcon.colcon_core.shell:Creating environment hook '/home/qkenrrltk2/xycar_ws/src/install/xycar_msgs/share/xycar_msgs/hook/cmake_prefix_path.sh'
[5.431s] Level 1:colcon.colcon_core.environment:checking '/home/qkenrrltk2/xycar_ws/src/install/xycar_msgs/lib'
[5.431s] Level 1:colcon.colcon_core.shell:create_environment_hook('xycar_msgs', 'ld_library_path_lib')
[5.431s] INFO:colcon.colcon_core.shell:Creating environment hook '/home/qkenrrltk2/xycar_ws/src/install/xycar_msgs/share/xycar_msgs/hook/ld_library_path_lib.ps1'
[5.432s] INFO:colcon.colcon_core.shell:Creating environment descriptor '/home/qkenrrltk2/xycar_ws/src/install/xycar_msgs/share/xycar_msgs/hook/ld_library_path_lib.dsv'
[5.432s] INFO:colcon.colcon_core.shell:Creating environment hook '/home/qkenrrltk2/xycar_ws/src/install/xycar_msgs/share/xycar_msgs/hook/ld_library_path_lib.sh'
[5.432s] Level 1:colcon.colcon_core.environment:checking '/home/qkenrrltk2/xycar_ws/src/install/xycar_msgs/bin'
[5.432s] Level 1:colcon.colcon_core.environment:checking '/home/qkenrrltk2/xycar_ws/src/install/xycar_msgs/lib/pkgconfig/xycar_msgs.pc'
[5.432s] Level 1:colcon.colcon_core.environment:checking '/home/qkenrrltk2/xycar_ws/src/install/xycar_msgs/lib/python3.10/site-packages'
[5.432s] Level 1:colcon.colcon_core.environment:checking '/home/qkenrrltk2/xycar_ws/src/install/xycar_msgs/bin'
[5.433s] INFO:colcon.colcon_core.shell:Creating package script '/home/qkenrrltk2/xycar_ws/src/install/xycar_msgs/share/xycar_msgs/package.ps1'
[5.433s] INFO:colcon.colcon_core.shell:Creating package descriptor '/home/qkenrrltk2/xycar_ws/src/install/xycar_msgs/share/xycar_msgs/package.dsv'
[5.433s] INFO:colcon.colcon_core.shell:Creating package script '/home/qkenrrltk2/xycar_ws/src/install/xycar_msgs/share/xycar_msgs/package.sh'
[5.434s] INFO:colcon.colcon_core.shell:Creating package script '/home/qkenrrltk2/xycar_ws/src/install/xycar_msgs/share/xycar_msgs/package.bash'
[5.434s] INFO:colcon.colcon_core.shell:Creating package script '/home/qkenrrltk2/xycar_ws/src/install/xycar_msgs/share/xycar_msgs/package.zsh'
[5.434s] Level 1:colcon.colcon_core.environment:create_file_with_runtime_dependencies(/home/qkenrrltk2/xycar_ws/src/install/xycar_msgs/share/colcon-core/packages/xycar_msgs)
[5.435s] Level 1:colcon.colcon_core.environment:create_environment_scripts_only(xycar_msgs)
[5.435s] Level 1:colcon.colcon_core.environment:checking '/home/qkenrrltk2/xycar_ws/src/install/xycar_msgs' for CMake module files
[5.436s] Level 1:colcon.colcon_core.environment:checking '/home/qkenrrltk2/xycar_ws/src/install/xycar_msgs' for CMake config files
[5.436s] Level 1:colcon.colcon_core.shell:create_environment_hook('xycar_msgs', 'cmake_prefix_path')
[5.436s] INFO:colcon.colcon_core.shell:Creating environment hook '/home/qkenrrltk2/xycar_ws/src/install/xycar_msgs/share/xycar_msgs/hook/cmake_prefix_path.ps1'
[5.437s] INFO:colcon.colcon_core.shell:Creating environment descriptor '/home/qkenrrltk2/xycar_ws/src/install/xycar_msgs/share/xycar_msgs/hook/cmake_prefix_path.dsv'
[5.437s] INFO:colcon.colcon_core.shell:Creating environment hook '/home/qkenrrltk2/xycar_ws/src/install/xycar_msgs/share/xycar_msgs/hook/cmake_prefix_path.sh'
[5.437s] Level 1:colcon.colcon_core.environment:checking '/home/qkenrrltk2/xycar_ws/src/install/xycar_msgs/lib'
[5.437s] Level 1:colcon.colcon_core.shell:create_environment_hook('xycar_msgs', 'ld_library_path_lib')
[5.438s] INFO:colcon.colcon_core.shell:Creating environment hook '/home/qkenrrltk2/xycar_ws/src/install/xycar_msgs/share/xycar_msgs/hook/ld_library_path_lib.ps1'
[5.438s] INFO:colcon.colcon_core.shell:Creating environment descriptor '/home/qkenrrltk2/xycar_ws/src/install/xycar_msgs/share/xycar_msgs/hook/ld_library_path_lib.dsv'
[5.438s] INFO:colcon.colcon_core.shell:Creating environment hook '/home/qkenrrltk2/xycar_ws/src/install/xycar_msgs/share/xycar_msgs/hook/ld_library_path_lib.sh'
[5.439s] Level 1:colcon.colcon_core.environment:checking '/home/qkenrrltk2/xycar_ws/src/install/xycar_msgs/bin'
[5.439s] Level 1:colcon.colcon_core.environment:checking '/home/qkenrrltk2/xycar_ws/src/install/xycar_msgs/lib/pkgconfig/xycar_msgs.pc'
[5.439s] Level 1:colcon.colcon_core.environment:checking '/home/qkenrrltk2/xycar_ws/src/install/xycar_msgs/lib/python3.10/site-packages'
[5.439s] Level 1:colcon.colcon_core.environment:checking '/home/qkenrrltk2/xycar_ws/src/install/xycar_msgs/bin'
[5.440s] INFO:colcon.colcon_core.shell:Creating package script '/home/qkenrrltk2/xycar_ws/src/install/xycar_msgs/share/xycar_msgs/package.ps1'
[5.441s] INFO:colcon.colcon_core.shell:Creating package descriptor '/home/qkenrrltk2/xycar_ws/src/install/xycar_msgs/share/xycar_msgs/package.dsv'
[5.441s] INFO:colcon.colcon_core.shell:Creating package script '/home/qkenrrltk2/xycar_ws/src/install/xycar_msgs/share/xycar_msgs/package.sh'
[5.441s] INFO:colcon.colcon_core.shell:Creating package script '/home/qkenrrltk2/xycar_ws/src/install/xycar_msgs/share/xycar_msgs/package.bash'
[5.442s] INFO:colcon.colcon_core.shell:Creating package script '/home/qkenrrltk2/xycar_ws/src/install/xycar_msgs/share/xycar_msgs/package.zsh'
[5.442s] Level 1:colcon.colcon_core.environment:create_file_with_runtime_dependencies(/home/qkenrrltk2/xycar_ws/src/install/xycar_msgs/share/colcon-core/packages/xycar_msgs)
[5.443s] INFO:colcon.colcon_ros.task.ament_python.build:Building ROS package in '/home/qkenrrltk2/xycar_ws/src/kookmin9_viewer' with build type 'ament_python'
[5.443s] Level 1:colcon.colcon_core.shell:create_environment_hook('kookmin9_viewer', 'ament_prefix_path')
[5.443s] INFO:colcon.colcon_core.shell:Creating environment hook '/home/qkenrrltk2/xycar_ws/src/install/kookmin9_viewer/share/kookmin9_viewer/hook/ament_prefix_path.ps1'
[5.445s] INFO:colcon.colcon_core.shell:Creating environment descriptor '/home/qkenrrltk2/xycar_ws/src/install/kookmin9_viewer/share/kookmin9_viewer/hook/ament_prefix_path.dsv'
[5.445s] INFO:colcon.colcon_core.shell:Creating environment hook '/home/qkenrrltk2/xycar_ws/src/install/kookmin9_viewer/share/kookmin9_viewer/hook/ament_prefix_path.sh'
[5.446s] INFO:colcon.colcon_core.shell:Skip shell extension 'powershell' for command environment: Not usable outside of PowerShell
[5.446s] DEBUG:colcon.colcon_core.shell:Skip shell extension 'dsv' for command environment
[5.449s] INFO:colcon.colcon_ros.task.ament_python.build:Building ROS package in '/home/qkenrrltk2/xycar_ws/src/my_cam' with build type 'ament_python'
[5.449s] Level 1:colcon.colcon_core.shell:create_environment_hook('my_cam', 'ament_prefix_path')
[5.449s] INFO:colcon.colcon_core.shell:Creating environment hook '/home/qkenrrltk2/xycar_ws/src/install/my_cam/share/my_cam/hook/ament_prefix_path.ps1'
[5.450s] INFO:colcon.colcon_core.shell:Creating environment descriptor '/home/qkenrrltk2/xycar_ws/src/install/my_cam/share/my_cam/hook/ament_prefix_path.dsv'
[5.451s] INFO:colcon.colcon_core.shell:Creating environment hook '/home/qkenrrltk2/xycar_ws/src/install/my_cam/share/my_cam/hook/ament_prefix_path.sh'
[5.451s] INFO:colcon.colcon_core.shell:Skip shell extension 'powershell' for command environment: Not usable outside of PowerShell
[5.451s] DEBUG:colcon.colcon_core.shell:Skip shell extension 'dsv' for command environment
[5.454s] INFO:colcon.colcon_ros.task.ament_python.build:Building ROS package in '/home/qkenrrltk2/xycar_ws/src/my_lidar' with build type 'ament_python'
[5.454s] Level 1:colcon.colcon_core.shell:create_environment_hook('my_lidar', 'ament_prefix_path')
[5.454s] INFO:colcon.colcon_core.shell:Creating environment hook '/home/qkenrrltk2/xycar_ws/src/install/my_lidar/share/my_lidar/hook/ament_prefix_path.ps1'
[5.455s] INFO:colcon.colcon_core.shell:Creating environment descriptor '/home/qkenrrltk2/xycar_ws/src/install/my_lidar/share/my_lidar/hook/ament_prefix_path.dsv'
[5.455s] INFO:colcon.colcon_core.shell:Creating environment hook '/home/qkenrrltk2/xycar_ws/src/install/my_lidar/share/my_lidar/hook/ament_prefix_path.sh'
[5.456s] INFO:colcon.colcon_core.shell:Skip shell extension 'powershell' for command environment: Not usable outside of PowerShell
[5.456s] DEBUG:colcon.colcon_core.shell:Skip shell extension 'dsv' for command environment
[5.685s] INFO:colcon.colcon_core.task.python.build:Building Python package in '/home/qkenrrltk2/xycar_ws/src/kookmin9_viewer'
[5.686s] INFO:colcon.colcon_core.shell:Skip shell extension 'powershell' for command environment: Not usable outside of PowerShell
[5.686s] DEBUG:colcon.colcon_core.shell:Skip shell extension 'dsv' for command environment
[5.879s] INFO:colcon.colcon_core.task.python.build:Building Python package in '/home/qkenrrltk2/xycar_ws/src/my_lidar'
[5.879s] INFO:colcon.colcon_core.shell:Skip shell extension 'powershell' for command environment: Not usable outside of PowerShell
[5.879s] DEBUG:colcon.colcon_core.shell:Skip shell extension 'dsv' for command environment
[6.070s] INFO:colcon.colcon_core.task.python.build:Building Python package in '/home/qkenrrltk2/xycar_ws/src/my_cam'
[6.070s] INFO:colcon.colcon_core.shell:Skip shell extension 'powershell' for command environment: Not usable outside of PowerShell
[6.070s] DEBUG:colcon.colcon_core.shell:Skip shell extension 'dsv' for command environment
[6.348s] DEBUG:colcon.colcon_core.event_handler.log_command:Invoking command in '/home/qkenrrltk2/xycar_ws/src/kookmin9_viewer': AMENT_PREFIX_PATH=/home/qkenrrltk2/xycar_ws/src/install/xycar_msgs:${AMENT_PREFIX_PATH} CMAKE_PREFIX_PATH=/home/qkenrrltk2/xycar_ws/src/install/xycar_msgs:${CMAKE_PREFIX_PATH} LD_LIBRARY_PATH=/home/qkenrrltk2/xycar_ws/src/install/xycar_msgs/lib:${LD_LIBRARY_PATH} PYTHONPATH=/home/qkenrrltk2/xycar_ws/src/build/kookmin9_viewer/prefix_override:/usr/lib/python3/dist-packages/colcon_core/task/python/colcon_distutils_commands:/home/qkenrrltk2/xycar_ws/src/install/kookmin9_viewer/lib/python3.10/site-packages:/home/qkenrrltk2/xycar_ws/src/install/xycar_msgs/local/lib/python3.10/dist-packages:${PYTHONPATH} /usr/bin/python3 -W ignore:setup.py install is deprecated -W ignore:easy_install command is deprecated setup.py egg_info --egg-base ../build/kookmin9_viewer build --build-base /home/qkenrrltk2/xycar_ws/src/build/kookmin9_viewer/build install --record /home/qkenrrltk2/xycar_ws/src/build/kookmin9_viewer/install.log --single-version-externally-managed install_data
[6.351s] DEBUG:colcon.colcon_core.event_handler.log_command:Invoking command in '/home/qkenrrltk2/xycar_ws/src/my_lidar': AMENT_PREFIX_PATH=/home/qkenrrltk2/xycar_ws/src/install/xycar_msgs:${AMENT_PREFIX_PATH} CMAKE_PREFIX_PATH=/home/qkenrrltk2/xycar_ws/src/install/xycar_msgs:${CMAKE_PREFIX_PATH} LD_LIBRARY_PATH=/home/qkenrrltk2/xycar_ws/src/install/xycar_msgs/lib:${LD_LIBRARY_PATH} PYTHONPATH=/home/qkenrrltk2/xycar_ws/src/build/my_lidar/prefix_override:/usr/lib/python3/dist-packages/colcon_core/task/python/colcon_distutils_commands:/home/qkenrrltk2/xycar_ws/src/install/my_lidar/lib/python3.10/site-packages:/home/qkenrrltk2/xycar_ws/src/install/xycar_msgs/local/lib/python3.10/dist-packages:${PYTHONPATH} /usr/bin/python3 -W ignore:setup.py install is deprecated -W ignore:easy_install command is deprecated setup.py egg_info --egg-base ../build/my_lidar build --build-base /home/qkenrrltk2/xycar_ws/src/build/my_lidar/build install --record /home/qkenrrltk2/xycar_ws/src/build/my_lidar/install.log --single-version-externally-managed install_data
[6.450s] DEBUG:colcon.colcon_core.event_handler.log_command:Invoking command in '/home/qkenrrltk2/xycar_ws/src/my_cam': AMENT_PREFIX_PATH=/home/qkenrrltk2/xycar_ws/src/install/xycar_msgs:/home/qkenrrltk2/xycar_ws/src/install/recognition:${AMENT_PREFIX_PATH} CMAKE_PREFIX_PATH=/home/qkenrrltk2/xycar_ws/src/install/xycar_msgs:${CMAKE_PREFIX_PATH} LD_LIBRARY_PATH=/home/qkenrrltk2/xycar_ws/src/install/xycar_msgs/lib:${LD_LIBRARY_PATH} PYTHONPATH=/home/qkenrrltk2/xycar_ws/src/build/my_cam/prefix_override:/usr/lib/python3/dist-packages/colcon_core/task/python/colcon_distutils_commands:/home/qkenrrltk2/xycar_ws/src/install/my_cam/lib/python3.10/site-packages:/home/qkenrrltk2/xycar_ws/src/install/xycar_msgs/local/lib/python3.10/dist-packages:/home/qkenrrltk2/xycar_ws/src/install/recognition/lib/python3.10/site-packages:${PYTHONPATH} /usr/bin/python3 -W ignore:setup.py install is deprecated -W ignore:easy_install command is deprecated setup.py egg_info --egg-base ../build/my_cam build --build-base /home/qkenrrltk2/xycar_ws/src/build/my_cam/build install --record /home/qkenrrltk2/xycar_ws/src/build/my_cam/install.log --single-version-externally-managed install_data
[6.584s] Level 1:colcon.colcon_core.environment:checking '/home/qkenrrltk2/xycar_ws/src/install/my_lidar' for CMake module files
[6.584s] DEBUG:colcon.colcon_core.event_handler.log_command:Invoked command in '/home/qkenrrltk2/xycar_ws/src/my_lidar' returned '0': AMENT_PREFIX_PATH=/home/qkenrrltk2/xycar_ws/src/install/xycar_msgs:${AMENT_PREFIX_PATH} CMAKE_PREFIX_PATH=/home/qkenrrltk2/xycar_ws/src/install/xycar_msgs:${CMAKE_PREFIX_PATH} LD_LIBRARY_PATH=/home/qkenrrltk2/xycar_ws/src/install/xycar_msgs/lib:${LD_LIBRARY_PATH} PYTHONPATH=/home/qkenrrltk2/xycar_ws/src/build/my_lidar/prefix_override:/usr/lib/python3/dist-packages/colcon_core/task/python/colcon_distutils_commands:/home/qkenrrltk2/xycar_ws/src/install/my_lidar/lib/python3.10/site-packages:/home/qkenrrltk2/xycar_ws/src/install/xycar_msgs/local/lib/python3.10/dist-packages:${PYTHONPATH} /usr/bin/python3 -W ignore:setup.py install is deprecated -W ignore:easy_install command is deprecated setup.py egg_info --egg-base ../build/my_lidar build --build-base /home/qkenrrltk2/xycar_ws/src/build/my_lidar/build install --record /home/qkenrrltk2/xycar_ws/src/build/my_lidar/install.log --single-version-externally-managed install_data
[6.584s] Level 1:colcon.colcon_core.environment:checking '/home/qkenrrltk2/xycar_ws/src/install/my_lidar' for CMake config files
[6.585s] Level 1:colcon.colcon_core.environment:checking '/home/qkenrrltk2/xycar_ws/src/install/my_lidar/lib'
[6.585s] Level 1:colcon.colcon_core.environment:checking '/home/qkenrrltk2/xycar_ws/src/install/my_lidar/bin'
[6.585s] Level 1:colcon.colcon_core.environment:checking '/home/qkenrrltk2/xycar_ws/src/install/my_lidar/lib/pkgconfig/my_lidar.pc'
[6.585s] Level 1:colcon.colcon_core.environment:checking '/home/qkenrrltk2/xycar_ws/src/install/my_lidar/lib/python3.10/site-packages'
[6.585s] Level 1:colcon.colcon_core.shell:create_environment_hook('my_lidar', 'pythonpath')
[6.585s] INFO:colcon.colcon_core.shell:Creating environment hook '/home/qkenrrltk2/xycar_ws/src/install/my_lidar/share/my_lidar/hook/pythonpath.ps1'
[6.586s] INFO:colcon.colcon_core.shell:Creating environment descriptor '/home/qkenrrltk2/xycar_ws/src/install/my_lidar/share/my_lidar/hook/pythonpath.dsv'
[6.586s] INFO:colcon.colcon_core.shell:Creating environment hook '/home/qkenrrltk2/xycar_ws/src/install/my_lidar/share/my_lidar/hook/pythonpath.sh'
[6.586s] Level 1:colcon.colcon_core.environment:checking '/home/qkenrrltk2/xycar_ws/src/install/my_lidar/bin'
[6.586s] Level 1:colcon.colcon_core.environment:create_environment_scripts_only(my_lidar)
[6.587s] INFO:colcon.colcon_core.shell:Creating package script '/home/qkenrrltk2/xycar_ws/src/install/my_lidar/share/my_lidar/package.ps1'
[6.587s] INFO:colcon.colcon_core.shell:Creating package descriptor '/home/qkenrrltk2/xycar_ws/src/install/my_lidar/share/my_lidar/package.dsv'
[6.587s] INFO:colcon.colcon_core.shell:Creating package script '/home/qkenrrltk2/xycar_ws/src/install/my_lidar/share/my_lidar/package.sh'
[6.588s] INFO:colcon.colcon_core.shell:Creating package script '/home/qkenrrltk2/xycar_ws/src/install/my_lidar/share/my_lidar/package.bash'
[6.588s] INFO:colcon.colcon_core.shell:Creating package script '/home/qkenrrltk2/xycar_ws/src/install/my_lidar/share/my_lidar/package.zsh'
[6.588s] Level 1:colcon.colcon_core.environment:create_file_with_runtime_dependencies(/home/qkenrrltk2/xycar_ws/src/install/my_lidar/share/colcon-core/packages/my_lidar)
[6.590s] Level 1:colcon.colcon_core.environment:checking '/home/qkenrrltk2/xycar_ws/src/install/kookmin9_viewer' for CMake module files
[6.591s] DEBUG:colcon.colcon_core.event_handler.log_command:Invoked command in '/home/qkenrrltk2/xycar_ws/src/kookmin9_viewer' returned '0': AMENT_PREFIX_PATH=/home/qkenrrltk2/xycar_ws/src/install/xycar_msgs:${AMENT_PREFIX_PATH} CMAKE_PREFIX_PATH=/home/qkenrrltk2/xycar_ws/src/install/xycar_msgs:${CMAKE_PREFIX_PATH} LD_LIBRARY_PATH=/home/qkenrrltk2/xycar_ws/src/install/xycar_msgs/lib:${LD_LIBRARY_PATH} PYTHONPATH=/home/qkenrrltk2/xycar_ws/src/build/kookmin9_viewer/prefix_override:/usr/lib/python3/dist-packages/colcon_core/task/python/colcon_distutils_commands:/home/qkenrrltk2/xycar_ws/src/install/kookmin9_viewer/lib/python3.10/site-packages:/home/qkenrrltk2/xycar_ws/src/install/xycar_msgs/local/lib/python3.10/dist-packages:${PYTHONPATH} /usr/bin/python3 -W ignore:setup.py install is deprecated -W ignore:easy_install command is deprecated setup.py egg_info --egg-base ../build/kookmin9_viewer build --build-base /home/qkenrrltk2/xycar_ws/src/build/kookmin9_viewer/build install --record /home/qkenrrltk2/xycar_ws/src/build/kookmin9_viewer/install.log --single-version-externally-managed install_data
[6.591s] Level 1:colcon.colcon_core.environment:checking '/home/qkenrrltk2/xycar_ws/src/install/kookmin9_viewer' for CMake config files
[6.591s] Level 1:colcon.colcon_core.environment:checking '/home/qkenrrltk2/xycar_ws/src/install/kookmin9_viewer/lib'
[6.592s] Level 1:colcon.colcon_core.environment:checking '/home/qkenrrltk2/xycar_ws/src/install/kookmin9_viewer/bin'
[6.592s] Level 1:colcon.colcon_core.environment:checking '/home/qkenrrltk2/xycar_ws/src/install/kookmin9_viewer/lib/pkgconfig/kookmin9_viewer.pc'
[6.592s] Level 1:colcon.colcon_core.environment:checking '/home/qkenrrltk2/xycar_ws/src/install/kookmin9_viewer/lib/python3.10/site-packages'
[6.592s] Level 1:colcon.colcon_core.shell:create_environment_hook('kookmin9_viewer', 'pythonpath')
[6.592s] INFO:colcon.colcon_core.shell:Creating environment hook '/home/qkenrrltk2/xycar_ws/src/install/kookmin9_viewer/share/kookmin9_viewer/hook/pythonpath.ps1'
[6.592s] INFO:colcon.colcon_core.shell:Creating environment descriptor '/home/qkenrrltk2/xycar_ws/src/install/kookmin9_viewer/share/kookmin9_viewer/hook/pythonpath.dsv'
[6.592s] INFO:colcon.colcon_core.shell:Creating environment hook '/home/qkenrrltk2/xycar_ws/src/install/kookmin9_viewer/share/kookmin9_viewer/hook/pythonpath.sh'
[6.593s] Level 1:colcon.colcon_core.environment:checking '/home/qkenrrltk2/xycar_ws/src/install/kookmin9_viewer/bin'
[6.593s] Level 1:colcon.colcon_core.environment:create_environment_scripts_only(kookmin9_viewer)
[6.593s] INFO:colcon.colcon_core.shell:Creating package script '/home/qkenrrltk2/xycar_ws/src/install/kookmin9_viewer/share/kookmin9_viewer/package.ps1'
[6.594s] INFO:colcon.colcon_core.shell:Creating package descriptor '/home/qkenrrltk2/xycar_ws/src/install/kookmin9_viewer/share/kookmin9_viewer/package.dsv'
[6.594s] INFO:colcon.colcon_core.shell:Creating package script '/home/qkenrrltk2/xycar_ws/src/install/kookmin9_viewer/share/kookmin9_viewer/package.sh'
[6.595s] INFO:colcon.colcon_core.shell:Creating package script '/home/qkenrrltk2/xycar_ws/src/install/kookmin9_viewer/share/kookmin9_viewer/package.bash'
[6.596s] INFO:colcon.colcon_core.shell:Creating package script '/home/qkenrrltk2/xycar_ws/src/install/kookmin9_viewer/share/kookmin9_viewer/package.zsh'
[6.596s] Level 1:colcon.colcon_core.environment:create_file_with_runtime_dependencies(/home/qkenrrltk2/xycar_ws/src/install/kookmin9_viewer/share/colcon-core/packages/kookmin9_viewer)
[6.676s] Level 1:colcon.colcon_core.environment:checking '/home/qkenrrltk2/xycar_ws/src/install/my_cam' for CMake module files
[6.676s] DEBUG:colcon.colcon_core.event_handler.log_command:Invoked command in '/home/qkenrrltk2/xycar_ws/src/my_cam' returned '0': AMENT_PREFIX_PATH=/home/qkenrrltk2/xycar_ws/src/install/xycar_msgs:/home/qkenrrltk2/xycar_ws/src/install/recognition:${AMENT_PREFIX_PATH} CMAKE_PREFIX_PATH=/home/qkenrrltk2/xycar_ws/src/install/xycar_msgs:${CMAKE_PREFIX_PATH} LD_LIBRARY_PATH=/home/qkenrrltk2/xycar_ws/src/install/xycar_msgs/lib:${LD_LIBRARY_PATH} PYTHONPATH=/home/qkenrrltk2/xycar_ws/src/build/my_cam/prefix_override:/usr/lib/python3/dist-packages/colcon_core/task/python/colcon_distutils_commands:/home/qkenrrltk2/xycar_ws/src/install/my_cam/lib/python3.10/site-packages:/home/qkenrrltk2/xycar_ws/src/install/xycar_msgs/local/lib/python3.10/dist-packages:/home/qkenrrltk2/xycar_ws/src/install/recognition/lib/python3.10/site-packages:${PYTHONPATH} /usr/bin/python3 -W ignore:setup.py install is deprecated -W ignore:easy_install command is deprecated setup.py egg_info --egg-base ../build/my_cam build --build-base /home/qkenrrltk2/xycar_ws/src/build/my_cam/build install --record /home/qkenrrltk2/xycar_ws/src/build/my_cam/install.log --single-version-externally-managed install_data
[6.677s] Level 1:colcon.colcon_core.environment:checking '/home/qkenrrltk2/xycar_ws/src/install/my_cam' for CMake config files
[6.677s] Level 1:colcon.colcon_core.environment:checking '/home/qkenrrltk2/xycar_ws/src/install/my_cam/lib'
[6.677s] Level 1:colcon.colcon_core.environment:checking '/home/qkenrrltk2/xycar_ws/src/install/my_cam/bin'
[6.677s] Level 1:colcon.colcon_core.environment:checking '/home/qkenrrltk2/xycar_ws/src/install/my_cam/lib/pkgconfig/my_cam.pc'
[6.677s] Level 1:colcon.colcon_core.environment:checking '/home/qkenrrltk2/xycar_ws/src/install/my_cam/lib/python3.10/site-packages'
[6.677s] Level 1:colcon.colcon_core.shell:create_environment_hook('my_cam', 'pythonpath')
[6.677s] INFO:colcon.colcon_core.shell:Creating environment hook '/home/qkenrrltk2/xycar_ws/src/install/my_cam/share/my_cam/hook/pythonpath.ps1'
[6.678s] INFO:colcon.colcon_core.shell:Creating environment descriptor '/home/qkenrrltk2/xycar_ws/src/install/my_cam/share/my_cam/hook/pythonpath.dsv'
[6.678s] INFO:colcon.colcon_core.shell:Creating environment hook '/home/qkenrrltk2/xycar_ws/src/install/my_cam/share/my_cam/hook/pythonpath.sh'
[6.679s] Level 1:colcon.colcon_core.environment:checking '/home/qkenrrltk2/xycar_ws/src/install/my_cam/bin'
[6.679s] Level 1:colcon.colcon_core.environment:create_environment_scripts_only(my_cam)
[6.679s] INFO:colcon.colcon_core.shell:Creating package script '/home/qkenrrltk2/xycar_ws/src/install/my_cam/share/my_cam/package.ps1'
[6.679s] INFO:colcon.colcon_core.shell:Creating package descriptor '/home/qkenrrltk2/xycar_ws/src/install/my_cam/share/my_cam/package.dsv'
[6.680s] INFO:colcon.colcon_core.shell:Creating package script '/home/qkenrrltk2/xycar_ws/src/install/my_cam/share/my_cam/package.sh'
[6.680s] INFO:colcon.colcon_core.shell:Creating package script '/home/qkenrrltk2/xycar_ws/src/install/my_cam/share/my_cam/package.bash'
[6.680s] INFO:colcon.colcon_core.shell:Creating package script '/home/qkenrrltk2/xycar_ws/src/install/my_cam/share/my_cam/package.zsh'
[6.680s] Level 1:colcon.colcon_core.environment:create_file_with_runtime_dependencies(/home/qkenrrltk2/xycar_ws/src/install/my_cam/share/colcon-core/packages/my_cam)
[6.681s] DEBUG:colcon.colcon_parallel_executor.executor.parallel:closing loop
[6.681s] DEBUG:colcon.colcon_parallel_executor.executor.parallel:loop closed
[6.682s] DEBUG:colcon.colcon_parallel_executor.executor.parallel:run_until_complete finished with '0'
[6.682s] DEBUG:colcon.colcon_core.event_reactor:joining thread
[6.719s] INFO:colcon.colcon_core.plugin_system:Skipping extension 'colcon_notification.desktop_notification.notify_send': Could not find 'notify-send'
[6.719s] INFO:colcon.colcon_core.plugin_system:Skipping extension 'colcon_notification.desktop_notification.terminal_notifier': Not used on non-Darwin systems
[6.719s] INFO:colcon.colcon_core.plugin_system:Skipping extension 'colcon_notification.desktop_notification.win32': Not used on non-Windows systems
[6.719s] INFO:colcon.colcon_notification.desktop_notification:Sending desktop notification using 'notify2'
[6.719s] DEBUG:colcon.colcon_notification.desktop_notification.notify2:Failed to initialize notify2: org.freedesktop.DBus.Error.FileNotFound: Failed to connect to socket /run/user/1000/bus: No such file or directory
[6.719s] DEBUG:colcon.colcon_core.event_reactor:joined thread
[6.720s] INFO:colcon.colcon_core.shell:Creating prefix script '/home/qkenrrltk2/xycar_ws/src/install/local_setup.ps1'
[6.720s] INFO:colcon.colcon_core.shell:Creating prefix util module '/home/qkenrrltk2/xycar_ws/src/install/_local_setup_util_ps1.py'
[6.721s] INFO:colcon.colcon_core.shell:Creating prefix chain script '/home/qkenrrltk2/xycar_ws/src/install/setup.ps1'
[6.723s] INFO:colcon.colcon_core.shell:Creating prefix script '/home/qkenrrltk2/xycar_ws/src/install/local_setup.sh'
[6.723s] INFO:colcon.colcon_core.shell:Creating prefix util module '/home/qkenrrltk2/xycar_ws/src/install/_local_setup_util_sh.py'
[6.724s] INFO:colcon.colcon_core.shell:Creating prefix chain script '/home/qkenrrltk2/xycar_ws/src/install/setup.sh'
[6.725s] INFO:colcon.colcon_core.shell:Creating prefix script '/home/qkenrrltk2/xycar_ws/src/install/local_setup.bash'
[6.725s] INFO:colcon.colcon_core.shell:Creating prefix chain script '/home/qkenrrltk2/xycar_ws/src/install/setup.bash'
[6.726s] INFO:colcon.colcon_core.shell:Creating prefix script '/home/qkenrrltk2/xycar_ws/src/install/local_setup.zsh'
[6.727s] INFO:colcon.colcon_core.shell:Creating prefix chain script '/home/qkenrrltk2/xycar_ws/src/install/setup.zsh'
