[  5%] Built target xycar_msgs__rs
[ 12%] Built target xycar_msgs__rosidl_generator_c
[ 15%] Built target xycar_msgs__cpp
[ 15%] Built target ament_cmake_python_copy_xycar_msgs
[ 40%] Built target xycar_msgs__rosidl_typesupport_fastrtps_cpp
[ 40%] Built target xycar_msgs__rosidl_typesupport_fastrtps_c
[ 45%] Built target xycar_msgs__rosidl_typesupport_cpp
[ 60%] Built target xycar_msgs__rosidl_typesupport_introspection_c
[ 65%] Built target xycar_msgs__rosidl_typesupport_c
[ 75%] Built target xycar_msgs__rosidl_typesupport_introspection_cpp
[ 75%] Built target xycar_msgs
[ 77%] Built target xycar_msgs__py
[ 85%] Built target xycar_msgs__rosidl_generator_py
[ 90%] Built target xycar_msgs__rosidl_typesupport_introspection_c__pyext
[ 95%] Built target xycar_msgs__rosidl_typesupport_c__pyext
[100%] Built target xycar_msgs__rosidl_typesupport_fastrtps_c__pyext
running egg_info
writing xycar_msgs.egg-info/PKG-INFO
writing dependency_links to xycar_msgs.egg-info/dependency_links.txt
writing top-level names to xycar_msgs.egg-info/top_level.txt
reading manifest file 'xycar_msgs.egg-info/SOURCES.txt'
writing manifest file 'xycar_msgs.egg-info/SOURCES.txt'
[100%] Built target ament_cmake_python_build_xycar_msgs_egg
-- Install configuration: ""
-- Up-to-date: /home/qkenrrltk2/xycar_ws/src/install/xycar_msgs/share/ament_index/resource_index/rosidl_interfaces/xycar_msgs
-- Up-to-date: /home/qkenrrltk2/xycar_ws/src/install/xycar_msgs/include/xycar_msgs/xycar_msgs
-- Up-to-date: /home/qkenrrltk2/xycar_ws/src/install/xycar_msgs/include/xycar_msgs/xycar_msgs/msg
-- Up-to-date: /home/qkenrrltk2/xycar_ws/src/install/xycar_msgs/include/xycar_msgs/xycar_msgs/msg/xycar_motor.h
-- Up-to-date: /home/qkenrrltk2/xycar_ws/src/install/xycar_msgs/include/xycar_msgs/xycar_msgs/msg/rosidl_generator_c__visibility_control.h
-- Up-to-date: /home/qkenrrltk2/xycar_ws/src/install/xycar_msgs/include/xycar_msgs/xycar_msgs/msg/detail
-- Up-to-date: /home/qkenrrltk2/xycar_ws/src/install/xycar_msgs/include/xycar_msgs/xycar_msgs/msg/detail/xycar_ultrasonic__functions.c
-- Up-to-date: /home/qkenrrltk2/xycar_ws/src/install/xycar_msgs/include/xycar_msgs/xycar_msgs/msg/detail/xycar_motor__type_support.h
-- Up-to-date: /home/qkenrrltk2/xycar_ws/src/install/xycar_msgs/include/xycar_msgs/xycar_msgs/msg/detail/xycar_motor__functions.c
-- Up-to-date: /home/qkenrrltk2/xycar_ws/src/install/xycar_msgs/include/xycar_msgs/xycar_msgs/msg/detail/xycar_ultrasonic__type_support.h
-- Up-to-date: /home/qkenrrltk2/xycar_ws/src/install/xycar_msgs/include/xycar_msgs/xycar_msgs/msg/detail/xycar_ultrasonic__struct.h
-- Up-to-date: /home/qkenrrltk2/xycar_ws/src/install/xycar_msgs/include/xycar_msgs/xycar_msgs/msg/detail/xycar_motor__struct.h
-- Up-to-date: /home/qkenrrltk2/xycar_ws/src/install/xycar_msgs/include/xycar_msgs/xycar_msgs/msg/detail/xycar_motor__functions.h
-- Up-to-date: /home/qkenrrltk2/xycar_ws/src/install/xycar_msgs/include/xycar_msgs/xycar_msgs/msg/detail/xycar_ultrasonic__functions.h
-- Up-to-date: /home/qkenrrltk2/xycar_ws/src/install/xycar_msgs/include/xycar_msgs/xycar_msgs/msg/xycar_ultrasonic.h
-- Up-to-date: /home/qkenrrltk2/xycar_ws/src/install/xycar_msgs/share/xycar_msgs/environment/library_path.sh
-- Up-to-date: /home/qkenrrltk2/xycar_ws/src/install/xycar_msgs/share/xycar_msgs/environment/library_path.dsv
-- Up-to-date: /home/qkenrrltk2/xycar_ws/src/install/xycar_msgs/lib/libxycar_msgs__rosidl_generator_c.so
-- Up-to-date: /home/qkenrrltk2/xycar_ws/src/install/xycar_msgs/include/xycar_msgs/xycar_msgs
-- Up-to-date: /home/qkenrrltk2/xycar_ws/src/install/xycar_msgs/include/xycar_msgs/xycar_msgs/msg
-- Up-to-date: /home/qkenrrltk2/xycar_ws/src/install/xycar_msgs/include/xycar_msgs/xycar_msgs/msg/detail
-- Up-to-date: /home/qkenrrltk2/xycar_ws/src/install/xycar_msgs/include/xycar_msgs/xycar_msgs/msg/detail/xycar_motor__rosidl_typesupport_fastrtps_c.h
-- Up-to-date: /home/qkenrrltk2/xycar_ws/src/install/xycar_msgs/include/xycar_msgs/xycar_msgs/msg/detail/xycar_ultrasonic__rosidl_typesupport_fastrtps_c.h
-- Up-to-date: /home/qkenrrltk2/xycar_ws/src/install/xycar_msgs/include/xycar_msgs/xycar_msgs/msg/rosidl_typesupport_fastrtps_c__visibility_control.h
-- Up-to-date: /home/qkenrrltk2/xycar_ws/src/install/xycar_msgs/lib/libxycar_msgs__rosidl_typesupport_fastrtps_c.so
-- Up-to-date: /home/qkenrrltk2/xycar_ws/src/install/xycar_msgs/include/xycar_msgs/xycar_msgs
-- Up-to-date: /home/qkenrrltk2/xycar_ws/src/install/xycar_msgs/include/xycar_msgs/xycar_msgs/msg
-- Up-to-date: /home/qkenrrltk2/xycar_ws/src/install/xycar_msgs/include/xycar_msgs/xycar_msgs/msg/rosidl_typesupport_introspection_c__visibility_control.h
-- Up-to-date: /home/qkenrrltk2/xycar_ws/src/install/xycar_msgs/include/xycar_msgs/xycar_msgs/msg/detail
-- Up-to-date: /home/qkenrrltk2/xycar_ws/src/install/xycar_msgs/include/xycar_msgs/xycar_msgs/msg/detail/xycar_ultrasonic__rosidl_typesupport_introspection_c.h
-- Up-to-date: /home/qkenrrltk2/xycar_ws/src/install/xycar_msgs/include/xycar_msgs/xycar_msgs/msg/detail/xycar_motor__rosidl_typesupport_introspection_c.h
-- Up-to-date: /home/qkenrrltk2/xycar_ws/src/install/xycar_msgs/include/xycar_msgs/xycar_msgs/msg/detail/xycar_motor__type_support.c
-- Up-to-date: /home/qkenrrltk2/xycar_ws/src/install/xycar_msgs/include/xycar_msgs/xycar_msgs/msg/detail/xycar_ultrasonic__type_support.c
-- Up-to-date: /home/qkenrrltk2/xycar_ws/src/install/xycar_msgs/lib/libxycar_msgs__rosidl_typesupport_introspection_c.so
-- Up-to-date: /home/qkenrrltk2/xycar_ws/src/install/xycar_msgs/lib/libxycar_msgs__rosidl_typesupport_c.so
-- Up-to-date: /home/qkenrrltk2/xycar_ws/src/install/xycar_msgs/include/xycar_msgs/xycar_msgs
-- Up-to-date: /home/qkenrrltk2/xycar_ws/src/install/xycar_msgs/include/xycar_msgs/xycar_msgs/msg
-- Up-to-date: /home/qkenrrltk2/xycar_ws/src/install/xycar_msgs/include/xycar_msgs/xycar_msgs/msg/rosidl_generator_cpp__visibility_control.hpp
-- Up-to-date: /home/qkenrrltk2/xycar_ws/src/install/xycar_msgs/include/xycar_msgs/xycar_msgs/msg/detail
-- Up-to-date: /home/qkenrrltk2/xycar_ws/src/install/xycar_msgs/include/xycar_msgs/xycar_msgs/msg/detail/xycar_ultrasonic__type_support.hpp
-- Up-to-date: /home/qkenrrltk2/xycar_ws/src/install/xycar_msgs/include/xycar_msgs/xycar_msgs/msg/detail/xycar_ultrasonic__traits.hpp
-- Up-to-date: /home/qkenrrltk2/xycar_ws/src/install/xycar_msgs/include/xycar_msgs/xycar_msgs/msg/detail/xycar_ultrasonic__builder.hpp
-- Up-to-date: /home/qkenrrltk2/xycar_ws/src/install/xycar_msgs/include/xycar_msgs/xycar_msgs/msg/detail/xycar_motor__builder.hpp
-- Up-to-date: /home/qkenrrltk2/xycar_ws/src/install/xycar_msgs/include/xycar_msgs/xycar_msgs/msg/detail/xycar_ultrasonic__struct.hpp
-- Up-to-date: /home/qkenrrltk2/xycar_ws/src/install/xycar_msgs/include/xycar_msgs/xycar_msgs/msg/detail/xycar_motor__type_support.hpp
-- Up-to-date: /home/qkenrrltk2/xycar_ws/src/install/xycar_msgs/include/xycar_msgs/xycar_msgs/msg/detail/xycar_motor__struct.hpp
-- Up-to-date: /home/qkenrrltk2/xycar_ws/src/install/xycar_msgs/include/xycar_msgs/xycar_msgs/msg/detail/xycar_motor__traits.hpp
-- Up-to-date: /home/qkenrrltk2/xycar_ws/src/install/xycar_msgs/include/xycar_msgs/xycar_msgs/msg/xycar_motor.hpp
-- Up-to-date: /home/qkenrrltk2/xycar_ws/src/install/xycar_msgs/include/xycar_msgs/xycar_msgs/msg/xycar_ultrasonic.hpp
-- Up-to-date: /home/qkenrrltk2/xycar_ws/src/install/xycar_msgs/include/xycar_msgs/xycar_msgs
-- Up-to-date: /home/qkenrrltk2/xycar_ws/src/install/xycar_msgs/include/xycar_msgs/xycar_msgs/msg
-- Up-to-date: /home/qkenrrltk2/xycar_ws/src/install/xycar_msgs/include/xycar_msgs/xycar_msgs/msg/rosidl_typesupport_fastrtps_cpp__visibility_control.h
-- Up-to-date: /home/qkenrrltk2/xycar_ws/src/install/xycar_msgs/include/xycar_msgs/xycar_msgs/msg/detail
-- Up-to-date: /home/qkenrrltk2/xycar_ws/src/install/xycar_msgs/include/xycar_msgs/xycar_msgs/msg/detail/dds_fastrtps
-- Up-to-date: /home/qkenrrltk2/xycar_ws/src/install/xycar_msgs/include/xycar_msgs/xycar_msgs/msg/detail/xycar_motor__rosidl_typesupport_fastrtps_cpp.hpp
-- Up-to-date: /home/qkenrrltk2/xycar_ws/src/install/xycar_msgs/include/xycar_msgs/xycar_msgs/msg/detail/xycar_ultrasonic__rosidl_typesupport_fastrtps_cpp.hpp
-- Up-to-date: /home/qkenrrltk2/xycar_ws/src/install/xycar_msgs/lib/libxycar_msgs__rosidl_typesupport_fastrtps_cpp.so
-- Up-to-date: /home/qkenrrltk2/xycar_ws/src/install/xycar_msgs/include/xycar_msgs/xycar_msgs
-- Up-to-date: /home/qkenrrltk2/xycar_ws/src/install/xycar_msgs/include/xycar_msgs/xycar_msgs/msg
-- Up-to-date: /home/qkenrrltk2/xycar_ws/src/install/xycar_msgs/include/xycar_msgs/xycar_msgs/msg/detail
-- Up-to-date: /home/qkenrrltk2/xycar_ws/src/install/xycar_msgs/include/xycar_msgs/xycar_msgs/msg/detail/xycar_motor__type_support.cpp
-- Up-to-date: /home/qkenrrltk2/xycar_ws/src/install/xycar_msgs/include/xycar_msgs/xycar_msgs/msg/detail/xycar_motor__rosidl_typesupport_introspection_cpp.hpp
-- Up-to-date: /home/qkenrrltk2/xycar_ws/src/install/xycar_msgs/include/xycar_msgs/xycar_msgs/msg/detail/xycar_ultrasonic__type_support.cpp
-- Up-to-date: /home/qkenrrltk2/xycar_ws/src/install/xycar_msgs/include/xycar_msgs/xycar_msgs/msg/detail/xycar_ultrasonic__rosidl_typesupport_introspection_cpp.hpp
-- Up-to-date: /home/qkenrrltk2/xycar_ws/src/install/xycar_msgs/lib/libxycar_msgs__rosidl_typesupport_introspection_cpp.so
-- Up-to-date: /home/qkenrrltk2/xycar_ws/src/install/xycar_msgs/lib/libxycar_msgs__rosidl_typesupport_cpp.so
-- Up-to-date: /home/qkenrrltk2/xycar_ws/src/install/xycar_msgs/share/xycar_msgs/environment/pythonpath.sh
-- Up-to-date: /home/qkenrrltk2/xycar_ws/src/install/xycar_msgs/share/xycar_msgs/environment/pythonpath.dsv
-- Up-to-date: /home/qkenrrltk2/xycar_ws/src/install/xycar_msgs/local/lib/python3.10/dist-packages/xycar_msgs-0.0.0-py3.10.egg-info
-- Installing: /home/qkenrrltk2/xycar_ws/src/install/xycar_msgs/local/lib/python3.10/dist-packages/xycar_msgs-0.0.0-py3.10.egg-info/top_level.txt
-- Installing: /home/qkenrrltk2/xycar_ws/src/install/xycar_msgs/local/lib/python3.10/dist-packages/xycar_msgs-0.0.0-py3.10.egg-info/dependency_links.txt
-- Installing: /home/qkenrrltk2/xycar_ws/src/install/xycar_msgs/local/lib/python3.10/dist-packages/xycar_msgs-0.0.0-py3.10.egg-info/SOURCES.txt
-- Installing: /home/qkenrrltk2/xycar_ws/src/install/xycar_msgs/local/lib/python3.10/dist-packages/xycar_msgs-0.0.0-py3.10.egg-info/PKG-INFO
-- Up-to-date: /home/qkenrrltk2/xycar_ws/src/install/xycar_msgs/local/lib/python3.10/dist-packages/xycar_msgs
-- Up-to-date: /home/qkenrrltk2/xycar_ws/src/install/xycar_msgs/local/lib/python3.10/dist-packages/xycar_msgs/xycar_msgs_s__rosidl_typesupport_c.cpython-310-x86_64-linux-gnu.so
-- Up-to-date: /home/qkenrrltk2/xycar_ws/src/install/xycar_msgs/local/lib/python3.10/dist-packages/xycar_msgs/xycar_msgs_s__rosidl_typesupport_fastrtps_c.cpython-310-x86_64-linux-gnu.so
-- Up-to-date: /home/qkenrrltk2/xycar_ws/src/install/xycar_msgs/local/lib/python3.10/dist-packages/xycar_msgs/_xycar_msgs_s.ep.rosidl_typesupport_c.c
-- Up-to-date: /home/qkenrrltk2/xycar_ws/src/install/xycar_msgs/local/lib/python3.10/dist-packages/xycar_msgs/_xycar_msgs_s.ep.rosidl_typesupport_fastrtps_c.c
-- Up-to-date: /home/qkenrrltk2/xycar_ws/src/install/xycar_msgs/local/lib/python3.10/dist-packages/xycar_msgs/libxycar_msgs__rosidl_generator_py.so
-- Up-to-date: /home/qkenrrltk2/xycar_ws/src/install/xycar_msgs/local/lib/python3.10/dist-packages/xycar_msgs/__init__.py
-- Up-to-date: /home/qkenrrltk2/xycar_ws/src/install/xycar_msgs/local/lib/python3.10/dist-packages/xycar_msgs/xycar_msgs_s__rosidl_typesupport_introspection_c.cpython-310-x86_64-linux-gnu.so
-- Up-to-date: /home/qkenrrltk2/xycar_ws/src/install/xycar_msgs/local/lib/python3.10/dist-packages/xycar_msgs/msg
-- Up-to-date: /home/qkenrrltk2/xycar_ws/src/install/xycar_msgs/local/lib/python3.10/dist-packages/xycar_msgs/msg/_xycar_motor.py
-- Up-to-date: /home/qkenrrltk2/xycar_ws/src/install/xycar_msgs/local/lib/python3.10/dist-packages/xycar_msgs/msg/__init__.py
-- Up-to-date: /home/qkenrrltk2/xycar_ws/src/install/xycar_msgs/local/lib/python3.10/dist-packages/xycar_msgs/msg/_xycar_ultrasonic_s.c
-- Up-to-date: /home/qkenrrltk2/xycar_ws/src/install/xycar_msgs/local/lib/python3.10/dist-packages/xycar_msgs/msg/_xycar_motor_s.c
-- Up-to-date: /home/qkenrrltk2/xycar_ws/src/install/xycar_msgs/local/lib/python3.10/dist-packages/xycar_msgs/msg/_xycar_ultrasonic.py
-- Up-to-date: /home/qkenrrltk2/xycar_ws/src/install/xycar_msgs/local/lib/python3.10/dist-packages/xycar_msgs/_xycar_msgs_s.ep.rosidl_typesupport_introspection_c.c
Listing '/home/qkenrrltk2/xycar_ws/src/install/xycar_msgs/local/lib/python3.10/dist-packages/xycar_msgs'...
Listing '/home/qkenrrltk2/xycar_ws/src/install/xycar_msgs/local/lib/python3.10/dist-packages/xycar_msgs/msg'...
-- Up-to-date: /home/qkenrrltk2/xycar_ws/src/install/xycar_msgs/local/lib/python3.10/dist-packages/xycar_msgs/xycar_msgs_s__rosidl_typesupport_fastrtps_c.cpython-310-x86_64-linux-gnu.so
-- Up-to-date: /home/qkenrrltk2/xycar_ws/src/install/xycar_msgs/local/lib/python3.10/dist-packages/xycar_msgs/xycar_msgs_s__rosidl_typesupport_introspection_c.cpython-310-x86_64-linux-gnu.so
-- Up-to-date: /home/qkenrrltk2/xycar_ws/src/install/xycar_msgs/local/lib/python3.10/dist-packages/xycar_msgs/xycar_msgs_s__rosidl_typesupport_c.cpython-310-x86_64-linux-gnu.so
-- Up-to-date: /home/qkenrrltk2/xycar_ws/src/install/xycar_msgs/lib/libxycar_msgs__rosidl_generator_py.so
-- Up-to-date: /home/qkenrrltk2/xycar_ws/src/install/xycar_msgs/share/ament_index/resource_index/rust_packages/xycar_msgs
-- Up-to-date: /home/qkenrrltk2/xycar_ws/src/install/xycar_msgs/share/xycar_msgs/rust
-- Up-to-date: /home/qkenrrltk2/xycar_ws/src/install/xycar_msgs/share/xycar_msgs/rust/build.rs
-- Up-to-date: /home/qkenrrltk2/xycar_ws/src/install/xycar_msgs/share/xycar_msgs/rust/Cargo.toml
-- Up-to-date: /home/qkenrrltk2/xycar_ws/src/install/xycar_msgs/share/xycar_msgs/rust/src
-- Up-to-date: /home/qkenrrltk2/xycar_ws/src/install/xycar_msgs/share/xycar_msgs/rust/src/msg.rs
-- Up-to-date: /home/qkenrrltk2/xycar_ws/src/install/xycar_msgs/share/xycar_msgs/rust/src/lib.rs
-- Up-to-date: /home/qkenrrltk2/xycar_ws/src/install/xycar_msgs/share/xycar_msgs/rust/src/msg
-- Up-to-date: /home/qkenrrltk2/xycar_ws/src/install/xycar_msgs/share/xycar_msgs/rust/src/msg/rmw.rs
-- Up-to-date: /home/qkenrrltk2/xycar_ws/src/install/xycar_msgs/share/xycar_msgs/msg/XycarMotor.idl
-- Up-to-date: /home/qkenrrltk2/xycar_ws/src/install/xycar_msgs/share/xycar_msgs/msg/XycarUltrasonic.idl
-- Up-to-date: /home/qkenrrltk2/xycar_ws/src/install/xycar_msgs/share/xycar_msgs/msg/XycarMotor.msg
-- Up-to-date: /home/qkenrrltk2/xycar_ws/src/install/xycar_msgs/share/xycar_msgs/msg/XycarUltrasonic.msg
-- Up-to-date: /home/qkenrrltk2/xycar_ws/src/install/xycar_msgs/share/ament_index/resource_index/package_run_dependencies/xycar_msgs
-- Up-to-date: /home/qkenrrltk2/xycar_ws/src/install/xycar_msgs/share/ament_index/resource_index/parent_prefix_path/xycar_msgs
-- Up-to-date: /home/qkenrrltk2/xycar_ws/src/install/xycar_msgs/share/xycar_msgs/environment/ament_prefix_path.sh
-- Up-to-date: /home/qkenrrltk2/xycar_ws/src/install/xycar_msgs/share/xycar_msgs/environment/ament_prefix_path.dsv
-- Up-to-date: /home/qkenrrltk2/xycar_ws/src/install/xycar_msgs/share/xycar_msgs/environment/path.sh
-- Up-to-date: /home/qkenrrltk2/xycar_ws/src/install/xycar_msgs/share/xycar_msgs/environment/path.dsv
-- Up-to-date: /home/qkenrrltk2/xycar_ws/src/install/xycar_msgs/share/xycar_msgs/local_setup.bash
-- Up-to-date: /home/qkenrrltk2/xycar_ws/src/install/xycar_msgs/share/xycar_msgs/local_setup.sh
-- Up-to-date: /home/qkenrrltk2/xycar_ws/src/install/xycar_msgs/share/xycar_msgs/local_setup.zsh
-- Up-to-date: /home/qkenrrltk2/xycar_ws/src/install/xycar_msgs/share/xycar_msgs/local_setup.dsv
-- Installing: /home/qkenrrltk2/xycar_ws/src/install/xycar_msgs/share/xycar_msgs/package.dsv
-- Up-to-date: /home/qkenrrltk2/xycar_ws/src/install/xycar_msgs/share/ament_index/resource_index/packages/xycar_msgs
-- Up-to-date: /home/qkenrrltk2/xycar_ws/src/install/xycar_msgs/share/xycar_msgs/cmake/export_xycar_msgs__rosidl_generator_cExport.cmake
-- Up-to-date: /home/qkenrrltk2/xycar_ws/src/install/xycar_msgs/share/xycar_msgs/cmake/export_xycar_msgs__rosidl_generator_cExport-noconfig.cmake
-- Up-to-date: /home/qkenrrltk2/xycar_ws/src/install/xycar_msgs/share/xycar_msgs/cmake/export_xycar_msgs__rosidl_typesupport_fastrtps_cExport.cmake
-- Up-to-date: /home/qkenrrltk2/xycar_ws/src/install/xycar_msgs/share/xycar_msgs/cmake/export_xycar_msgs__rosidl_typesupport_fastrtps_cExport-noconfig.cmake
-- Up-to-date: /home/qkenrrltk2/xycar_ws/src/install/xycar_msgs/share/xycar_msgs/cmake/xycar_msgs__rosidl_typesupport_introspection_cExport.cmake
-- Up-to-date: /home/qkenrrltk2/xycar_ws/src/install/xycar_msgs/share/xycar_msgs/cmake/xycar_msgs__rosidl_typesupport_introspection_cExport-noconfig.cmake
-- Up-to-date: /home/qkenrrltk2/xycar_ws/src/install/xycar_msgs/share/xycar_msgs/cmake/xycar_msgs__rosidl_typesupport_cExport.cmake
-- Up-to-date: /home/qkenrrltk2/xycar_ws/src/install/xycar_msgs/share/xycar_msgs/cmake/xycar_msgs__rosidl_typesupport_cExport-noconfig.cmake
-- Up-to-date: /home/qkenrrltk2/xycar_ws/src/install/xycar_msgs/share/xycar_msgs/cmake/export_xycar_msgs__rosidl_generator_cppExport.cmake
-- Up-to-date: /home/qkenrrltk2/xycar_ws/src/install/xycar_msgs/share/xycar_msgs/cmake/export_xycar_msgs__rosidl_typesupport_fastrtps_cppExport.cmake
-- Up-to-date: /home/qkenrrltk2/xycar_ws/src/install/xycar_msgs/share/xycar_msgs/cmake/export_xycar_msgs__rosidl_typesupport_fastrtps_cppExport-noconfig.cmake
-- Up-to-date: /home/qkenrrltk2/xycar_ws/src/install/xycar_msgs/share/xycar_msgs/cmake/xycar_msgs__rosidl_typesupport_introspection_cppExport.cmake
-- Up-to-date: /home/qkenrrltk2/xycar_ws/src/install/xycar_msgs/share/xycar_msgs/cmake/xycar_msgs__rosidl_typesupport_introspection_cppExport-noconfig.cmake
-- Up-to-date: /home/qkenrrltk2/xycar_ws/src/install/xycar_msgs/share/xycar_msgs/cmake/xycar_msgs__rosidl_typesupport_cppExport.cmake
-- Up-to-date: /home/qkenrrltk2/xycar_ws/src/install/xycar_msgs/share/xycar_msgs/cmake/xycar_msgs__rosidl_typesupport_cppExport-noconfig.cmake
-- Up-to-date: /home/qkenrrltk2/xycar_ws/src/install/xycar_msgs/share/xycar_msgs/cmake/export_xycar_msgs__rosidl_generator_pyExport.cmake
-- Up-to-date: /home/qkenrrltk2/xycar_ws/src/install/xycar_msgs/share/xycar_msgs/cmake/export_xycar_msgs__rosidl_generator_pyExport-noconfig.cmake
-- Up-to-date: /home/qkenrrltk2/xycar_ws/src/install/xycar_msgs/share/xycar_msgs/cmake/rosidl_cmake-extras.cmake
-- Up-to-date: /home/qkenrrltk2/xycar_ws/src/install/xycar_msgs/share/xycar_msgs/cmake/ament_cmake_export_dependencies-extras.cmake
-- Up-to-date: /home/qkenrrltk2/xycar_ws/src/install/xycar_msgs/share/xycar_msgs/cmake/ament_cmake_export_include_directories-extras.cmake
-- Up-to-date: /home/qkenrrltk2/xycar_ws/src/install/xycar_msgs/share/xycar_msgs/cmake/ament_cmake_export_libraries-extras.cmake
-- Up-to-date: /home/qkenrrltk2/xycar_ws/src/install/xycar_msgs/share/xycar_msgs/cmake/ament_cmake_export_targets-extras.cmake
-- Up-to-date: /home/qkenrrltk2/xycar_ws/src/install/xycar_msgs/share/xycar_msgs/cmake/rosidl_cmake_export_typesupport_targets-extras.cmake
-- Up-to-date: /home/qkenrrltk2/xycar_ws/src/install/xycar_msgs/share/xycar_msgs/cmake/rosidl_cmake_export_typesupport_libraries-extras.cmake
-- Up-to-date: /home/qkenrrltk2/xycar_ws/src/install/xycar_msgs/share/xycar_msgs/cmake/xycar_msgsConfig.cmake
-- Up-to-date: /home/qkenrrltk2/xycar_ws/src/install/xycar_msgs/share/xycar_msgs/cmake/xycar_msgsConfig-version.cmake
-- Up-to-date: /home/qkenrrltk2/xycar_ws/src/install/xycar_msgs/share/xycar_msgs/package.xml
