[0.897s] Invoking command in '/home/qkenrrltk2/xycar_ws/src/my_lidar': AMENT_PREFIX_PATH=/home/qkenrrltk2/xycar_ws/src/install/xycar_msgs:${AMENT_PREFIX_PATH} CMAKE_PREFIX_PATH=/home/qkenrrltk2/xycar_ws/src/install/xycar_msgs:${CMAKE_PREFIX_PATH} LD_LIBRARY_PATH=/home/qkenrrltk2/xycar_ws/src/install/xycar_msgs/lib:${LD_LIBRARY_PATH} PYTHONPATH=/home/qkenrrltk2/xycar_ws/src/build/my_lidar/prefix_override:/usr/lib/python3/dist-packages/colcon_core/task/python/colcon_distutils_commands:/home/qkenrrltk2/xycar_ws/src/install/my_lidar/lib/python3.10/site-packages:/home/qkenrrltk2/xycar_ws/src/install/xycar_msgs/local/lib/python3.10/dist-packages:${PYTHONPATH} /usr/bin/python3 -W ignore:setup.py install is deprecated -W ignore:easy_install command is deprecated setup.py egg_info --egg-base ../build/my_lidar build --build-base /home/qkenrrltk2/xycar_ws/src/build/my_lidar/build install --record /home/qkenrrltk2/xycar_ws/src/build/my_lidar/install.log --single-version-externally-managed install_data
[1.083s] running egg_info
[1.083s] creating ../build/my_lidar/my_lidar.egg-info
[1.084s] writing ../build/my_lidar/my_lidar.egg-info/PKG-INFO
[1.084s] writing dependency_links to ../build/my_lidar/my_lidar.egg-info/dependency_links.txt
[1.085s] writing entry points to ../build/my_lidar/my_lidar.egg-info/entry_points.txt
[1.085s] writing requirements to ../build/my_lidar/my_lidar.egg-info/requires.txt
[1.085s] writing top-level names to ../build/my_lidar/my_lidar.egg-info/top_level.txt
[1.086s] writing manifest file '../build/my_lidar/my_lidar.egg-info/SOURCES.txt'
[1.086s] reading manifest file '../build/my_lidar/my_lidar.egg-info/SOURCES.txt'
[1.086s] adding license file 'LICENSE'
[1.086s] writing manifest file '../build/my_lidar/my_lidar.egg-info/SOURCES.txt'
[1.087s] running build
[1.087s] running build_py
[1.087s] creating /home/qkenrrltk2/xycar_ws/src/build/my_lidar/build
[1.087s] creating /home/qkenrrltk2/xycar_ws/src/build/my_lidar/build/lib
[1.087s] creating /home/qkenrrltk2/xycar_ws/src/build/my_lidar/build/lib/my_lidar
[1.087s] copying my_lidar/lidar_scan.py -> /home/qkenrrltk2/xycar_ws/src/build/my_lidar/build/lib/my_lidar
[1.088s] copying my_lidar/__init__.py -> /home/qkenrrltk2/xycar_ws/src/build/my_lidar/build/lib/my_lidar
[1.088s] copying my_lidar/lidar_viewer.py -> /home/qkenrrltk2/xycar_ws/src/build/my_lidar/build/lib/my_lidar
[1.088s] running install
[1.088s] running install_lib
[1.088s] creating /home/qkenrrltk2/xycar_ws/src/install/my_lidar/lib/python3.10/site-packages/my_lidar
[1.088s] copying /home/qkenrrltk2/xycar_ws/src/build/my_lidar/build/lib/my_lidar/lidar_scan.py -> /home/qkenrrltk2/xycar_ws/src/install/my_lidar/lib/python3.10/site-packages/my_lidar
[1.088s] copying /home/qkenrrltk2/xycar_ws/src/build/my_lidar/build/lib/my_lidar/__init__.py -> /home/qkenrrltk2/xycar_ws/src/install/my_lidar/lib/python3.10/site-packages/my_lidar
[1.088s] copying /home/qkenrrltk2/xycar_ws/src/build/my_lidar/build/lib/my_lidar/lidar_viewer.py -> /home/qkenrrltk2/xycar_ws/src/install/my_lidar/lib/python3.10/site-packages/my_lidar
[1.089s] byte-compiling /home/qkenrrltk2/xycar_ws/src/install/my_lidar/lib/python3.10/site-packages/my_lidar/lidar_scan.py to lidar_scan.cpython-310.pyc
[1.089s] byte-compiling /home/qkenrrltk2/xycar_ws/src/install/my_lidar/lib/python3.10/site-packages/my_lidar/__init__.py to __init__.cpython-310.pyc
[1.089s] byte-compiling /home/qkenrrltk2/xycar_ws/src/install/my_lidar/lib/python3.10/site-packages/my_lidar/lidar_viewer.py to lidar_viewer.cpython-310.pyc
[1.090s] running install_data
[1.090s] creating /home/qkenrrltk2/xycar_ws/src/install/my_lidar/share/ament_index
[1.090s] creating /home/qkenrrltk2/xycar_ws/src/install/my_lidar/share/ament_index/resource_index
[1.090s] creating /home/qkenrrltk2/xycar_ws/src/install/my_lidar/share/ament_index/resource_index/packages
[1.091s] copying resource/my_lidar -> /home/qkenrrltk2/xycar_ws/src/install/my_lidar/share/ament_index/resource_index/packages
[1.091s] copying package.xml -> /home/qkenrrltk2/xycar_ws/src/install/my_lidar/share/my_lidar
[1.091s] running install_egg_info
[1.092s] Copying ../build/my_lidar/my_lidar.egg-info to /home/qkenrrltk2/xycar_ws/src/install/my_lidar/lib/python3.10/site-packages/my_lidar-0.0.0-py3.10.egg-info
[1.093s] running install_scripts
[1.107s] Installing lidar_scan script to /home/qkenrrltk2/xycar_ws/src/install/my_lidar/lib/my_lidar
[1.107s] Installing lidar_viewer script to /home/qkenrrltk2/xycar_ws/src/install/my_lidar/lib/my_lidar
[1.107s] writing list of installed files to '/home/qkenrrltk2/xycar_ws/src/build/my_lidar/install.log'
[1.130s] Invoked command in '/home/qkenrrltk2/xycar_ws/src/my_lidar' returned '0': AMENT_PREFIX_PATH=/home/qkenrrltk2/xycar_ws/src/install/xycar_msgs:${AMENT_PREFIX_PATH} CMAKE_PREFIX_PATH=/home/qkenrrltk2/xycar_ws/src/install/xycar_msgs:${CMAKE_PREFIX_PATH} LD_LIBRARY_PATH=/home/qkenrrltk2/xycar_ws/src/install/xycar_msgs/lib:${LD_LIBRARY_PATH} PYTHONPATH=/home/qkenrrltk2/xycar_ws/src/build/my_lidar/prefix_override:/usr/lib/python3/dist-packages/colcon_core/task/python/colcon_distutils_commands:/home/qkenrrltk2/xycar_ws/src/install/my_lidar/lib/python3.10/site-packages:/home/qkenrrltk2/xycar_ws/src/install/xycar_msgs/local/lib/python3.10/dist-packages:${PYTHONPATH} /usr/bin/python3 -W ignore:setup.py install is deprecated -W ignore:easy_install command is deprecated setup.py egg_info --egg-base ../build/my_lidar build --build-base /home/qkenrrltk2/xycar_ws/src/build/my_lidar/build install --record /home/qkenrrltk2/xycar_ws/src/build/my_lidar/install.log --single-version-externally-managed install_data
