running egg_info
writing ../build/kookmin9_viewer/kookmin9_viewer.egg-info/PKG-INFO
writing dependency_links to ../build/kookmin9_viewer/kookmin9_viewer.egg-info/dependency_links.txt
writing entry points to ../build/kookmin9_viewer/kookmin9_viewer.egg-info/entry_points.txt
writing requirements to ../build/kookmin9_viewer/kookmin9_viewer.egg-info/requires.txt
writing top-level names to ../build/kookmin9_viewer/kookmin9_viewer.egg-info/top_level.txt
reading manifest file '../build/kookmin9_viewer/kookmin9_viewer.egg-info/SOURCES.txt'
adding license file 'LICENSE'
writing manifest file '../build/kookmin9_viewer/kookmin9_viewer.egg-info/SOURCES.txt'
running build
running build_py
running install
running install_lib
running install_data
running install_egg_info
removing '/home/qkenrrltk2/xycar_ws/src/install/kookmin9_viewer/lib/python3.10/site-packages/kookmin9_viewer-0.1.0-py3.10.egg-info' (and everything under it)
Copying ../build/kookmin9_viewer/kookmin9_viewer.egg-info to /home/qkenrrltk2/xycar_ws/src/install/kookmin9_viewer/lib/python3.10/site-packages/kookmin9_viewer-0.1.0-py3.10.egg-info
running install_scripts
Installing test_viewer script to /home/qkenrrltk2/xycar_ws/src/install/kookmin9_viewer/lib/kookmin9_viewer
writing list of installed files to '/home/qkenrrltk2/xycar_ws/src/build/kookmin9_viewer/install.log'
