[0.034s] Invoking command in '/home/qkenrrltk2/xycar_ws/src/build/xycar_msgs': CMAKE_PREFIX_PATH=${CMAKE_PREFIX_PATH}:/home/qkenrrltk2/xycar_ws/install/my_lidar:/home/qkenrrltk2/xycar_ws/install/my_cam:/home/qkenrrltk2/xycar_ws/install/kookmin9_viewer:/home/qkenrrltk2/xycar_ws/install/track_drive:/home/qkenrrltk2/xycar_ws/install/ros_tcp_endpoint:/home/qkenrrltk2/xycar_ws/install/my_motor:/home/qkenrrltk2/xycar_ws/install/my_imu:/opt/ros/humble /usr/bin/cmake /home/qkenrrltk2/xycar_ws/src/xycar_msgs -DCMAKE_INSTALL_PREFIX=/home/qkenrrltk2/xycar_ws/src/install/xycar_msgs
[0.818s] -- The C compiler identification is GNU 11.4.0
[0.819s] -- The CXX compiler identification is GNU 11.4.0
[0.865s] -- Detecting C compiler ABI info
[0.973s] -- Detecting C compiler ABI info - done
[0.977s] -- Check for working C compiler: /usr/bin/cc - skipped
[0.978s] -- Detecting C compile features
[0.979s] -- Detecting C compile features - done
[0.982s] -- Detecting CXX compiler ABI info
[1.100s] -- Detecting CXX compiler ABI info - done
[1.104s] -- Check for working CXX compiler: /usr/bin/c++ - skipped
[1.105s] -- Detecting CXX compile features
[1.105s] -- Detecting CXX compile features - done
[1.117s] -- Found ament_cmake: 1.3.14 (/opt/ros/humble/share/ament_cmake/cmake)
[1.252s] -- Found Python3: /usr/bin/python3 (found version "3.10.12") found components: Interpreter 
[1.348s] -- Found rosidl_default_generators: 1.2.1 (/opt/ros/humble/share/rosidl_default_generators/cmake)
[1.357s] -- Using all available rosidl_typesupport_c: rosidl_typesupport_fastrtps_c;rosidl_typesupport_introspection_c
[1.365s] -- Found rosidl_adapter: 3.1.8 (/opt/ros/humble/share/rosidl_adapter/cmake)
[1.524s] -- Using all available rosidl_typesupport_cpp: rosidl_typesupport_fastrtps_cpp;rosidl_typesupport_introspection_cpp
[1.571s] -- Found std_msgs: 4.9.1 (/opt/ros/humble/share/std_msgs/cmake)
[1.609s] -- Found sensor_msgs: 4.9.1 (/opt/ros/humble/share/sensor_msgs/cmake)
[1.886s] -- Found ament_cmake_ros: 0.10.0 (/opt/ros/humble/share/ament_cmake_ros/cmake)
[2.110s] -- Using all available rosidl_typesupport_c: rosidl_typesupport_fastrtps_c;rosidl_typesupport_introspection_c
[2.392s] -- Using all available rosidl_typesupport_cpp: rosidl_typesupport_fastrtps_cpp;rosidl_typesupport_introspection_cpp
[2.490s] -- Found PythonInterp: /usr/bin/python3 (found suitable version "3.10.12", minimum required is "3.6") 
[2.492s] -- Found python_cmake_module: 0.10.0 (/opt/ros/humble/share/python_cmake_module/cmake)
[2.765s] -- Found PythonLibs: /usr/lib/x86_64-linux-gnu/libpython3.10.so (found suitable version "3.10.12", minimum required is "3.5") 
[2.765s] -- Using PYTHON_EXECUTABLE: /usr/bin/python3
[2.765s] -- Using PYTHON_INCLUDE_DIRS: /usr/include/python3.10
[2.765s] -- Using PYTHON_LIBRARIES: /usr/lib/x86_64-linux-gnu/libpython3.10.so
[2.781s] -- Found PythonExtra: .so  
[2.937s] -- Found ament_lint_auto: 0.12.15 (/opt/ros/humble/share/ament_lint_auto/cmake)
[2.965s] -- Added test 'lint_cmake' to check CMake code style
[2.966s] -- Added test 'xmllint' to check XML markup files
[2.969s] -- Configuring done
[3.017s] -- Generating done
[3.029s] -- Build files have been written to: /home/qkenrrltk2/xycar_ws/src/build/xycar_msgs
[3.038s] Invoked command in '/home/qkenrrltk2/xycar_ws/src/build/xycar_msgs' returned '0': CMAKE_PREFIX_PATH=${CMAKE_PREFIX_PATH}:/home/qkenrrltk2/xycar_ws/install/my_lidar:/home/qkenrrltk2/xycar_ws/install/my_cam:/home/qkenrrltk2/xycar_ws/install/kookmin9_viewer:/home/qkenrrltk2/xycar_ws/install/track_drive:/home/qkenrrltk2/xycar_ws/install/ros_tcp_endpoint:/home/qkenrrltk2/xycar_ws/install/my_motor:/home/qkenrrltk2/xycar_ws/install/my_imu:/opt/ros/humble /usr/bin/cmake /home/qkenrrltk2/xycar_ws/src/xycar_msgs -DCMAKE_INSTALL_PREFIX=/home/qkenrrltk2/xycar_ws/src/install/xycar_msgs
[3.040s] Invoking command in '/home/qkenrrltk2/xycar_ws/src/build/xycar_msgs': CMAKE_PREFIX_PATH=${CMAKE_PREFIX_PATH}:/home/qkenrrltk2/xycar_ws/install/my_lidar:/home/qkenrrltk2/xycar_ws/install/my_cam:/home/qkenrrltk2/xycar_ws/install/kookmin9_viewer:/home/qkenrrltk2/xycar_ws/install/track_drive:/home/qkenrrltk2/xycar_ws/install/ros_tcp_endpoint:/home/qkenrrltk2/xycar_ws/install/my_motor:/home/qkenrrltk2/xycar_ws/install/my_imu:/opt/ros/humble /usr/bin/cmake --build /home/qkenrrltk2/xycar_ws/src/build/xycar_msgs -- -j24 -l24
[3.065s] [  2%] [34m[1mGenerating C code for ROS interfaces[0m
[3.071s] [  5%] [34m[1mGenerating C++ code for ROS interfaces[0m
[3.073s] [  7%] [34m[1mGenerating Rust code for ROS interfaces[0m
[3.077s] [  7%] Built target ament_cmake_python_copy_xycar_msgs
[3.245s] [  7%] Built target xycar_msgs__rs
[3.259s] running egg_info
[3.259s] creating xycar_msgs.egg-info
[3.260s] writing xycar_msgs.egg-info/PKG-INFO
[3.260s] writing dependency_links to xycar_msgs.egg-info/dependency_links.txt
[3.260s] writing top-level names to xycar_msgs.egg-info/top_level.txt
[3.261s] writing manifest file 'xycar_msgs.egg-info/SOURCES.txt'
[3.262s] reading manifest file 'xycar_msgs.egg-info/SOURCES.txt'
[3.263s] writing manifest file 'xycar_msgs.egg-info/SOURCES.txt'
[3.289s] [ 10%] [32mBuilding C object CMakeFiles/xycar_msgs__rosidl_generator_c.dir/rosidl_generator_c/xycar_msgs/msg/detail/xycar_motor__functions.c.o[0m
[3.289s] [ 12%] [32mBuilding C object CMakeFiles/xycar_msgs__rosidl_generator_c.dir/rosidl_generator_c/xycar_msgs/msg/detail/xycar_ultrasonic__functions.c.o[0m
[3.289s] [ 12%] Built target xycar_msgs__cpp
[3.289s] [ 12%] Built target ament_cmake_python_build_xycar_msgs_egg
[3.296s] [ 20%] [34m[1mGenerating C++ introspection for ROS interfaces[0m
[3.296s] [ 20%] [34m[1mGenerating C++ type support for eProsima Fast-RTPS[0m
[3.296s] [ 20%] [34m[1mGenerating C++ type support dispatch for ROS interfaces[0m
[3.345s] [ 22%] [32m[1mLinking C shared library libxycar_msgs__rosidl_generator_c.so[0m
[3.425s] [ 22%] Built target xycar_msgs__rosidl_generator_c
[3.432s] [ 27%] [34m[1mGenerating C type support dispatch for ROS interfaces[0m
[3.432s] [ 27%] [34m[1mGenerating C introspection for ROS interfaces[0m
[3.432s] [ 30%] [34m[1mGenerating C type support for eProsima Fast-RTPS[0m
[3.480s] [ 32%] [32mBuilding CXX object CMakeFiles/xycar_msgs__rosidl_typesupport_cpp.dir/rosidl_typesupport_cpp/xycar_msgs/msg/xycar_ultrasonic__type_support.cpp.o[0m
[3.480s] [ 35%] [32mBuilding CXX object CMakeFiles/xycar_msgs__rosidl_typesupport_cpp.dir/rosidl_typesupport_cpp/xycar_msgs/msg/xycar_motor__type_support.cpp.o[0m
[3.497s] [ 37%] [32mBuilding CXX object CMakeFiles/xycar_msgs__rosidl_typesupport_introspection_cpp.dir/rosidl_typesupport_introspection_cpp/xycar_msgs/msg/detail/xycar_ultrasonic__type_support.cpp.o[0m
[3.498s] [ 40%] [32mBuilding CXX object CMakeFiles/xycar_msgs__rosidl_typesupport_introspection_cpp.dir/rosidl_typesupport_introspection_cpp/xycar_msgs/msg/detail/xycar_motor__type_support.cpp.o[0m
[3.513s] [ 42%] [32mBuilding CXX object CMakeFiles/xycar_msgs__rosidl_typesupport_fastrtps_cpp.dir/rosidl_typesupport_fastrtps_cpp/xycar_msgs/msg/detail/dds_fastrtps/xycar_motor__type_support.cpp.o[0m
[3.514s] [ 45%] [32mBuilding CXX object CMakeFiles/xycar_msgs__rosidl_typesupport_fastrtps_cpp.dir/rosidl_typesupport_fastrtps_cpp/xycar_msgs/msg/detail/dds_fastrtps/xycar_ultrasonic__type_support.cpp.o[0m
[3.639s] [ 47%] [32mBuilding CXX object CMakeFiles/xycar_msgs__rosidl_typesupport_c.dir/rosidl_typesupport_c/xycar_msgs/msg/xycar_ultrasonic__type_support.cpp.o[0m
[3.639s] [ 50%] [32mBuilding CXX object CMakeFiles/xycar_msgs__rosidl_typesupport_c.dir/rosidl_typesupport_c/xycar_msgs/msg/xycar_motor__type_support.cpp.o[0m
[3.651s] [ 52%] [32mBuilding C object CMakeFiles/xycar_msgs__rosidl_typesupport_introspection_c.dir/rosidl_typesupport_introspection_c/xycar_msgs/msg/detail/xycar_ultrasonic__type_support.c.o[0m
[3.651s] [ 55%] [32mBuilding C object CMakeFiles/xycar_msgs__rosidl_typesupport_introspection_c.dir/rosidl_typesupport_introspection_c/xycar_msgs/msg/detail/xycar_motor__type_support.c.o[0m
[3.667s] [ 57%] [32m[1mLinking CXX shared library libxycar_msgs__rosidl_typesupport_c.so[0m
[3.674s] [ 62%] [32mBuilding CXX object CMakeFiles/xycar_msgs__rosidl_typesupport_fastrtps_c.dir/rosidl_typesupport_fastrtps_c/xycar_msgs/msg/detail/xycar_ultrasonic__type_support_c.cpp.o[0m
[3.674s] [ 62%] [32mBuilding CXX object CMakeFiles/xycar_msgs__rosidl_typesupport_fastrtps_c.dir/rosidl_typesupport_fastrtps_c/xycar_msgs/msg/detail/xycar_motor__type_support_c.cpp.o[0m
[3.683s] [ 65%] [32m[1mLinking C shared library libxycar_msgs__rosidl_typesupport_introspection_c.so[0m
[3.744s] [ 67%] [32m[1mLinking CXX shared library libxycar_msgs__rosidl_typesupport_cpp.so[0m
[3.770s] [ 67%] Built target xycar_msgs__rosidl_typesupport_c
[3.784s] [ 67%] Built target xycar_msgs__rosidl_typesupport_introspection_c
[3.836s] [ 67%] Built target xycar_msgs__rosidl_typesupport_cpp
[3.876s] [ 70%] [32m[1mLinking CXX shared library libxycar_msgs__rosidl_typesupport_introspection_cpp.so[0m
[3.899s] [ 72%] [32m[1mLinking CXX shared library libxycar_msgs__rosidl_typesupport_fastrtps_cpp.so[0m
[3.934s] [ 75%] [32m[1mLinking CXX shared library libxycar_msgs__rosidl_typesupport_fastrtps_c.so[0m
[3.983s] [ 75%] Built target xycar_msgs__rosidl_typesupport_introspection_cpp
[4.009s] [ 75%] Built target xycar_msgs__rosidl_typesupport_fastrtps_cpp
[4.045s] [ 75%] Built target xycar_msgs__rosidl_typesupport_fastrtps_c
[4.058s] [ 75%] Built target xycar_msgs
[4.072s] [ 77%] [34m[1mGenerating Python code for ROS interfaces[0m
[4.338s] [ 77%] Built target xycar_msgs__py
[4.351s] [ 82%] [32mBuilding C object CMakeFiles/xycar_msgs__rosidl_generator_py.dir/rosidl_generator_py/xycar_msgs/msg/_xycar_motor_s.c.o[0m
[4.351s] [ 82%] [32mBuilding C object CMakeFiles/xycar_msgs__rosidl_generator_py.dir/rosidl_generator_py/xycar_msgs/msg/_xycar_ultrasonic_s.c.o[0m
[4.453s] [ 85%] [32m[1mLinking C shared library rosidl_generator_py/xycar_msgs/libxycar_msgs__rosidl_generator_py.so[0m
[4.537s] [ 85%] Built target xycar_msgs__rosidl_generator_py
[4.549s] [ 92%] [32mBuilding C object CMakeFiles/xycar_msgs__rosidl_typesupport_introspection_c__pyext.dir/rosidl_generator_py/xycar_msgs/_xycar_msgs_s.ep.rosidl_typesupport_introspection_c.c.o[0m
[4.550s] [ 92%] [32mBuilding C object CMakeFiles/xycar_msgs__rosidl_typesupport_c__pyext.dir/rosidl_generator_py/xycar_msgs/_xycar_msgs_s.ep.rosidl_typesupport_c.c.o[0m
[4.550s] [ 92%] [32mBuilding C object CMakeFiles/xycar_msgs__rosidl_typesupport_fastrtps_c__pyext.dir/rosidl_generator_py/xycar_msgs/_xycar_msgs_s.ep.rosidl_typesupport_fastrtps_c.c.o[0m
[4.618s] [ 97%] [32m[1mLinking C shared library rosidl_generator_py/xycar_msgs/xycar_msgs_s__rosidl_typesupport_c.cpython-310-x86_64-linux-gnu.so[0m
[4.618s] [ 97%] [32m[1mLinking C shared library rosidl_generator_py/xycar_msgs/xycar_msgs_s__rosidl_typesupport_fastrtps_c.cpython-310-x86_64-linux-gnu.so[0m
[4.624s] [100%] [32m[1mLinking C shared library rosidl_generator_py/xycar_msgs/xycar_msgs_s__rosidl_typesupport_introspection_c.cpython-310-x86_64-linux-gnu.so[0m
[4.686s] [100%] Built target xycar_msgs__rosidl_typesupport_fastrtps_c__pyext
[4.686s] [100%] Built target xycar_msgs__rosidl_typesupport_introspection_c__pyext
[4.686s] [100%] Built target xycar_msgs__rosidl_typesupport_c__pyext
[4.694s] Invoked command in '/home/qkenrrltk2/xycar_ws/src/build/xycar_msgs' returned '0': CMAKE_PREFIX_PATH=${CMAKE_PREFIX_PATH}:/home/qkenrrltk2/xycar_ws/install/my_lidar:/home/qkenrrltk2/xycar_ws/install/my_cam:/home/qkenrrltk2/xycar_ws/install/kookmin9_viewer:/home/qkenrrltk2/xycar_ws/install/track_drive:/home/qkenrrltk2/xycar_ws/install/ros_tcp_endpoint:/home/qkenrrltk2/xycar_ws/install/my_motor:/home/qkenrrltk2/xycar_ws/install/my_imu:/opt/ros/humble /usr/bin/cmake --build /home/qkenrrltk2/xycar_ws/src/build/xycar_msgs -- -j24 -l24
[4.701s] Invoking command in '/home/qkenrrltk2/xycar_ws/src/build/xycar_msgs': CMAKE_PREFIX_PATH=${CMAKE_PREFIX_PATH}:/home/qkenrrltk2/xycar_ws/install/my_lidar:/home/qkenrrltk2/xycar_ws/install/my_cam:/home/qkenrrltk2/xycar_ws/install/kookmin9_viewer:/home/qkenrrltk2/xycar_ws/install/track_drive:/home/qkenrrltk2/xycar_ws/install/ros_tcp_endpoint:/home/qkenrrltk2/xycar_ws/install/my_motor:/home/qkenrrltk2/xycar_ws/install/my_imu:/opt/ros/humble /usr/bin/cmake --install /home/qkenrrltk2/xycar_ws/src/build/xycar_msgs
[4.706s] -- Install configuration: ""
[4.706s] -- Installing: /home/qkenrrltk2/xycar_ws/src/install/xycar_msgs/share/ament_index/resource_index/rosidl_interfaces/xycar_msgs
[4.706s] -- Installing: /home/qkenrrltk2/xycar_ws/src/install/xycar_msgs/include/xycar_msgs/xycar_msgs
[4.707s] -- Installing: /home/qkenrrltk2/xycar_ws/src/install/xycar_msgs/include/xycar_msgs/xycar_msgs/msg
[4.707s] -- Installing: /home/qkenrrltk2/xycar_ws/src/install/xycar_msgs/include/xycar_msgs/xycar_msgs/msg/xycar_motor.h
[4.707s] -- Installing: /home/qkenrrltk2/xycar_ws/src/install/xycar_msgs/include/xycar_msgs/xycar_msgs/msg/rosidl_generator_c__visibility_control.h
[4.707s] -- Installing: /home/qkenrrltk2/xycar_ws/src/install/xycar_msgs/include/xycar_msgs/xycar_msgs/msg/detail
[4.707s] -- Installing: /home/qkenrrltk2/xycar_ws/src/install/xycar_msgs/include/xycar_msgs/xycar_msgs/msg/detail/xycar_ultrasonic__functions.c
[4.708s] -- Installing: /home/qkenrrltk2/xycar_ws/src/install/xycar_msgs/include/xycar_msgs/xycar_msgs/msg/detail/xycar_motor__type_support.h
[4.708s] -- Installing: /home/qkenrrltk2/xycar_ws/src/install/xycar_msgs/include/xycar_msgs/xycar_msgs/msg/detail/xycar_motor__functions.c
[4.708s] -- Installing: /home/qkenrrltk2/xycar_ws/src/install/xycar_msgs/include/xycar_msgs/xycar_msgs/msg/detail/xycar_ultrasonic__type_support.h
[4.708s] -- Installing: /home/qkenrrltk2/xycar_ws/src/install/xycar_msgs/include/xycar_msgs/xycar_msgs/msg/detail/xycar_ultrasonic__struct.h
[4.708s] -- Installing: /home/qkenrrltk2/xycar_ws/src/install/xycar_msgs/include/xycar_msgs/xycar_msgs/msg/detail/xycar_motor__struct.h
[4.708s] -- Installing: /home/qkenrrltk2/xycar_ws/src/install/xycar_msgs/include/xycar_msgs/xycar_msgs/msg/detail/xycar_motor__functions.h
[4.708s] -- Installing: /home/qkenrrltk2/xycar_ws/src/install/xycar_msgs/include/xycar_msgs/xycar_msgs/msg/detail/xycar_ultrasonic__functions.h
[4.708s] -- Installing: /home/qkenrrltk2/xycar_ws/src/install/xycar_msgs/include/xycar_msgs/xycar_msgs/msg/xycar_ultrasonic.h
[4.708s] -- Installing: /home/qkenrrltk2/xycar_ws/src/install/xycar_msgs/share/xycar_msgs/environment/library_path.sh
[4.708s] -- Installing: /home/qkenrrltk2/xycar_ws/src/install/xycar_msgs/share/xycar_msgs/environment/library_path.dsv
[4.709s] -- Installing: /home/qkenrrltk2/xycar_ws/src/install/xycar_msgs/lib/libxycar_msgs__rosidl_generator_c.so
[4.709s] -- Set runtime path of "/home/qkenrrltk2/xycar_ws/src/install/xycar_msgs/lib/libxycar_msgs__rosidl_generator_c.so" to ""
[4.709s] -- Up-to-date: /home/qkenrrltk2/xycar_ws/src/install/xycar_msgs/include/xycar_msgs/xycar_msgs
[4.709s] -- Up-to-date: /home/qkenrrltk2/xycar_ws/src/install/xycar_msgs/include/xycar_msgs/xycar_msgs/msg
[4.709s] -- Up-to-date: /home/qkenrrltk2/xycar_ws/src/install/xycar_msgs/include/xycar_msgs/xycar_msgs/msg/detail
[4.710s] -- Installing: /home/qkenrrltk2/xycar_ws/src/install/xycar_msgs/include/xycar_msgs/xycar_msgs/msg/detail/xycar_motor__rosidl_typesupport_fastrtps_c.h
[4.710s] -- Installing: /home/qkenrrltk2/xycar_ws/src/install/xycar_msgs/include/xycar_msgs/xycar_msgs/msg/detail/xycar_ultrasonic__rosidl_typesupport_fastrtps_c.h
[4.710s] -- Installing: /home/qkenrrltk2/xycar_ws/src/install/xycar_msgs/include/xycar_msgs/xycar_msgs/msg/rosidl_typesupport_fastrtps_c__visibility_control.h
[4.710s] -- Installing: /home/qkenrrltk2/xycar_ws/src/install/xycar_msgs/lib/libxycar_msgs__rosidl_typesupport_fastrtps_c.so
[4.710s] -- Set runtime path of "/home/qkenrrltk2/xycar_ws/src/install/xycar_msgs/lib/libxycar_msgs__rosidl_typesupport_fastrtps_c.so" to ""
[4.710s] -- Up-to-date: /home/qkenrrltk2/xycar_ws/src/install/xycar_msgs/include/xycar_msgs/xycar_msgs
[4.710s] -- Up-to-date: /home/qkenrrltk2/xycar_ws/src/install/xycar_msgs/include/xycar_msgs/xycar_msgs/msg
[4.710s] -- Installing: /home/qkenrrltk2/xycar_ws/src/install/xycar_msgs/include/xycar_msgs/xycar_msgs/msg/rosidl_typesupport_introspection_c__visibility_control.h
[4.711s] -- Up-to-date: /home/qkenrrltk2/xycar_ws/src/install/xycar_msgs/include/xycar_msgs/xycar_msgs/msg/detail
[4.711s] -- Installing: /home/qkenrrltk2/xycar_ws/src/install/xycar_msgs/include/xycar_msgs/xycar_msgs/msg/detail/xycar_ultrasonic__rosidl_typesupport_introspection_c.h
[4.711s] -- Installing: /home/qkenrrltk2/xycar_ws/src/install/xycar_msgs/include/xycar_msgs/xycar_msgs/msg/detail/xycar_motor__rosidl_typesupport_introspection_c.h
[4.711s] -- Installing: /home/qkenrrltk2/xycar_ws/src/install/xycar_msgs/include/xycar_msgs/xycar_msgs/msg/detail/xycar_motor__type_support.c
[4.711s] -- Installing: /home/qkenrrltk2/xycar_ws/src/install/xycar_msgs/include/xycar_msgs/xycar_msgs/msg/detail/xycar_ultrasonic__type_support.c
[4.711s] -- Installing: /home/qkenrrltk2/xycar_ws/src/install/xycar_msgs/lib/libxycar_msgs__rosidl_typesupport_introspection_c.so
[4.711s] -- Set runtime path of "/home/qkenrrltk2/xycar_ws/src/install/xycar_msgs/lib/libxycar_msgs__rosidl_typesupport_introspection_c.so" to ""
[4.712s] -- Installing: /home/qkenrrltk2/xycar_ws/src/install/xycar_msgs/lib/libxycar_msgs__rosidl_typesupport_c.so
[4.712s] -- Set runtime path of "/home/qkenrrltk2/xycar_ws/src/install/xycar_msgs/lib/libxycar_msgs__rosidl_typesupport_c.so" to ""
[4.712s] -- Up-to-date: /home/qkenrrltk2/xycar_ws/src/install/xycar_msgs/include/xycar_msgs/xycar_msgs
[4.712s] -- Up-to-date: /home/qkenrrltk2/xycar_ws/src/install/xycar_msgs/include/xycar_msgs/xycar_msgs/msg
[4.712s] -- Installing: /home/qkenrrltk2/xycar_ws/src/install/xycar_msgs/include/xycar_msgs/xycar_msgs/msg/rosidl_generator_cpp__visibility_control.hpp
[4.712s] -- Up-to-date: /home/qkenrrltk2/xycar_ws/src/install/xycar_msgs/include/xycar_msgs/xycar_msgs/msg/detail
[4.712s] -- Installing: /home/qkenrrltk2/xycar_ws/src/install/xycar_msgs/include/xycar_msgs/xycar_msgs/msg/detail/xycar_ultrasonic__type_support.hpp
[4.712s] -- Installing: /home/qkenrrltk2/xycar_ws/src/install/xycar_msgs/include/xycar_msgs/xycar_msgs/msg/detail/xycar_ultrasonic__traits.hpp
[4.712s] -- Installing: /home/qkenrrltk2/xycar_ws/src/install/xycar_msgs/include/xycar_msgs/xycar_msgs/msg/detail/xycar_ultrasonic__builder.hpp
[4.712s] -- Installing: /home/qkenrrltk2/xycar_ws/src/install/xycar_msgs/include/xycar_msgs/xycar_msgs/msg/detail/xycar_motor__builder.hpp
[4.712s] -- Installing: /home/qkenrrltk2/xycar_ws/src/install/xycar_msgs/include/xycar_msgs/xycar_msgs/msg/detail/xycar_ultrasonic__struct.hpp
[4.713s] -- Installing: /home/qkenrrltk2/xycar_ws/src/install/xycar_msgs/include/xycar_msgs/xycar_msgs/msg/detail/xycar_motor__type_support.hpp
[4.713s] -- Installing: /home/qkenrrltk2/xycar_ws/src/install/xycar_msgs/include/xycar_msgs/xycar_msgs/msg/detail/xycar_motor__struct.hpp
[4.713s] -- Installing: /home/qkenrrltk2/xycar_ws/src/install/xycar_msgs/include/xycar_msgs/xycar_msgs/msg/detail/xycar_motor__traits.hpp
[4.713s] -- Installing: /home/qkenrrltk2/xycar_ws/src/install/xycar_msgs/include/xycar_msgs/xycar_msgs/msg/xycar_motor.hpp
[4.713s] -- Installing: /home/qkenrrltk2/xycar_ws/src/install/xycar_msgs/include/xycar_msgs/xycar_msgs/msg/xycar_ultrasonic.hpp
[4.713s] -- Up-to-date: /home/qkenrrltk2/xycar_ws/src/install/xycar_msgs/include/xycar_msgs/xycar_msgs
[4.713s] -- Up-to-date: /home/qkenrrltk2/xycar_ws/src/install/xycar_msgs/include/xycar_msgs/xycar_msgs/msg
[4.713s] -- Installing: /home/qkenrrltk2/xycar_ws/src/install/xycar_msgs/include/xycar_msgs/xycar_msgs/msg/rosidl_typesupport_fastrtps_cpp__visibility_control.h
[4.713s] -- Up-to-date: /home/qkenrrltk2/xycar_ws/src/install/xycar_msgs/include/xycar_msgs/xycar_msgs/msg/detail
[4.713s] -- Installing: /home/qkenrrltk2/xycar_ws/src/install/xycar_msgs/include/xycar_msgs/xycar_msgs/msg/detail/dds_fastrtps
[4.713s] -- Installing: /home/qkenrrltk2/xycar_ws/src/install/xycar_msgs/include/xycar_msgs/xycar_msgs/msg/detail/xycar_motor__rosidl_typesupport_fastrtps_cpp.hpp
[4.713s] -- Installing: /home/qkenrrltk2/xycar_ws/src/install/xycar_msgs/include/xycar_msgs/xycar_msgs/msg/detail/xycar_ultrasonic__rosidl_typesupport_fastrtps_cpp.hpp
[4.713s] -- Installing: /home/qkenrrltk2/xycar_ws/src/install/xycar_msgs/lib/libxycar_msgs__rosidl_typesupport_fastrtps_cpp.so
[4.713s] -- Set runtime path of "/home/qkenrrltk2/xycar_ws/src/install/xycar_msgs/lib/libxycar_msgs__rosidl_typesupport_fastrtps_cpp.so" to ""
[4.713s] -- Up-to-date: /home/qkenrrltk2/xycar_ws/src/install/xycar_msgs/include/xycar_msgs/xycar_msgs
[4.713s] -- Up-to-date: /home/qkenrrltk2/xycar_ws/src/install/xycar_msgs/include/xycar_msgs/xycar_msgs/msg
[4.713s] -- Up-to-date: /home/qkenrrltk2/xycar_ws/src/install/xycar_msgs/include/xycar_msgs/xycar_msgs/msg/detail
[4.714s] -- Installing: /home/qkenrrltk2/xycar_ws/src/install/xycar_msgs/include/xycar_msgs/xycar_msgs/msg/detail/xycar_motor__type_support.cpp
[4.714s] -- Installing: /home/qkenrrltk2/xycar_ws/src/install/xycar_msgs/include/xycar_msgs/xycar_msgs/msg/detail/xycar_motor__rosidl_typesupport_introspection_cpp.hpp
[4.714s] -- Installing: /home/qkenrrltk2/xycar_ws/src/install/xycar_msgs/include/xycar_msgs/xycar_msgs/msg/detail/xycar_ultrasonic__type_support.cpp
[4.714s] -- Installing: /home/qkenrrltk2/xycar_ws/src/install/xycar_msgs/include/xycar_msgs/xycar_msgs/msg/detail/xycar_ultrasonic__rosidl_typesupport_introspection_cpp.hpp
[4.714s] -- Installing: /home/qkenrrltk2/xycar_ws/src/install/xycar_msgs/lib/libxycar_msgs__rosidl_typesupport_introspection_cpp.so
[4.714s] -- Set runtime path of "/home/qkenrrltk2/xycar_ws/src/install/xycar_msgs/lib/libxycar_msgs__rosidl_typesupport_introspection_cpp.so" to ""
[4.714s] -- Installing: /home/qkenrrltk2/xycar_ws/src/install/xycar_msgs/lib/libxycar_msgs__rosidl_typesupport_cpp.so
[4.714s] -- Set runtime path of "/home/qkenrrltk2/xycar_ws/src/install/xycar_msgs/lib/libxycar_msgs__rosidl_typesupport_cpp.so" to ""
[4.714s] -- Installing: /home/qkenrrltk2/xycar_ws/src/install/xycar_msgs/share/xycar_msgs/environment/pythonpath.sh
[4.714s] -- Installing: /home/qkenrrltk2/xycar_ws/src/install/xycar_msgs/share/xycar_msgs/environment/pythonpath.dsv
[4.714s] -- Installing: /home/qkenrrltk2/xycar_ws/src/install/xycar_msgs/local/lib/python3.10/dist-packages/xycar_msgs-0.0.0-py3.10.egg-info
[4.714s] -- Installing: /home/qkenrrltk2/xycar_ws/src/install/xycar_msgs/local/lib/python3.10/dist-packages/xycar_msgs-0.0.0-py3.10.egg-info/top_level.txt
[4.714s] -- Installing: /home/qkenrrltk2/xycar_ws/src/install/xycar_msgs/local/lib/python3.10/dist-packages/xycar_msgs-0.0.0-py3.10.egg-info/dependency_links.txt
[4.715s] -- Installing: /home/qkenrrltk2/xycar_ws/src/install/xycar_msgs/local/lib/python3.10/dist-packages/xycar_msgs-0.0.0-py3.10.egg-info/SOURCES.txt
[4.715s] -- Installing: /home/qkenrrltk2/xycar_ws/src/install/xycar_msgs/local/lib/python3.10/dist-packages/xycar_msgs-0.0.0-py3.10.egg-info/PKG-INFO
[4.715s] -- Installing: /home/qkenrrltk2/xycar_ws/src/install/xycar_msgs/local/lib/python3.10/dist-packages/xycar_msgs
[4.715s] -- Installing: /home/qkenrrltk2/xycar_ws/src/install/xycar_msgs/local/lib/python3.10/dist-packages/xycar_msgs/xycar_msgs_s__rosidl_typesupport_c.cpython-310-x86_64-linux-gnu.so
[4.715s] -- Installing: /home/qkenrrltk2/xycar_ws/src/install/xycar_msgs/local/lib/python3.10/dist-packages/xycar_msgs/xycar_msgs_s__rosidl_typesupport_fastrtps_c.cpython-310-x86_64-linux-gnu.so
[4.715s] -- Installing: /home/qkenrrltk2/xycar_ws/src/install/xycar_msgs/local/lib/python3.10/dist-packages/xycar_msgs/_xycar_msgs_s.ep.rosidl_typesupport_c.c
[4.715s] -- Installing: /home/qkenrrltk2/xycar_ws/src/install/xycar_msgs/local/lib/python3.10/dist-packages/xycar_msgs/_xycar_msgs_s.ep.rosidl_typesupport_fastrtps_c.c
[4.715s] -- Installing: /home/qkenrrltk2/xycar_ws/src/install/xycar_msgs/local/lib/python3.10/dist-packages/xycar_msgs/libxycar_msgs__rosidl_generator_py.so
[4.715s] -- Installing: /home/qkenrrltk2/xycar_ws/src/install/xycar_msgs/local/lib/python3.10/dist-packages/xycar_msgs/__init__.py
[4.715s] -- Installing: /home/qkenrrltk2/xycar_ws/src/install/xycar_msgs/local/lib/python3.10/dist-packages/xycar_msgs/xycar_msgs_s__rosidl_typesupport_introspection_c.cpython-310-x86_64-linux-gnu.so
[4.715s] -- Installing: /home/qkenrrltk2/xycar_ws/src/install/xycar_msgs/local/lib/python3.10/dist-packages/xycar_msgs/msg
[4.715s] -- Installing: /home/qkenrrltk2/xycar_ws/src/install/xycar_msgs/local/lib/python3.10/dist-packages/xycar_msgs/msg/_xycar_motor.py
[4.716s] -- Installing: /home/qkenrrltk2/xycar_ws/src/install/xycar_msgs/local/lib/python3.10/dist-packages/xycar_msgs/msg/__init__.py
[4.716s] -- Installing: /home/qkenrrltk2/xycar_ws/src/install/xycar_msgs/local/lib/python3.10/dist-packages/xycar_msgs/msg/_xycar_ultrasonic_s.c
[4.716s] -- Installing: /home/qkenrrltk2/xycar_ws/src/install/xycar_msgs/local/lib/python3.10/dist-packages/xycar_msgs/msg/_xycar_motor_s.c
[4.716s] -- Installing: /home/qkenrrltk2/xycar_ws/src/install/xycar_msgs/local/lib/python3.10/dist-packages/xycar_msgs/msg/_xycar_ultrasonic.py
[4.716s] -- Installing: /home/qkenrrltk2/xycar_ws/src/install/xycar_msgs/local/lib/python3.10/dist-packages/xycar_msgs/_xycar_msgs_s.ep.rosidl_typesupport_introspection_c.c
[4.746s] Listing '/home/qkenrrltk2/xycar_ws/src/install/xycar_msgs/local/lib/python3.10/dist-packages/xycar_msgs'...
[4.746s] Compiling '/home/qkenrrltk2/xycar_ws/src/install/xycar_msgs/local/lib/python3.10/dist-packages/xycar_msgs/__init__.py'...
[4.746s] Listing '/home/qkenrrltk2/xycar_ws/src/install/xycar_msgs/local/lib/python3.10/dist-packages/xycar_msgs/msg'...
[4.747s] Compiling '/home/qkenrrltk2/xycar_ws/src/install/xycar_msgs/local/lib/python3.10/dist-packages/xycar_msgs/msg/__init__.py'...
[4.747s] Compiling '/home/qkenrrltk2/xycar_ws/src/install/xycar_msgs/local/lib/python3.10/dist-packages/xycar_msgs/msg/_xycar_motor.py'...
[4.747s] Compiling '/home/qkenrrltk2/xycar_ws/src/install/xycar_msgs/local/lib/python3.10/dist-packages/xycar_msgs/msg/_xycar_ultrasonic.py'...
[4.750s] -- Installing: /home/qkenrrltk2/xycar_ws/src/install/xycar_msgs/local/lib/python3.10/dist-packages/xycar_msgs/xycar_msgs_s__rosidl_typesupport_fastrtps_c.cpython-310-x86_64-linux-gnu.so
[4.750s] -- Set runtime path of "/home/qkenrrltk2/xycar_ws/src/install/xycar_msgs/local/lib/python3.10/dist-packages/xycar_msgs/xycar_msgs_s__rosidl_typesupport_fastrtps_c.cpython-310-x86_64-linux-gnu.so" to ""
[4.751s] -- Installing: /home/qkenrrltk2/xycar_ws/src/install/xycar_msgs/local/lib/python3.10/dist-packages/xycar_msgs/xycar_msgs_s__rosidl_typesupport_introspection_c.cpython-310-x86_64-linux-gnu.so
[4.751s] -- Set runtime path of "/home/qkenrrltk2/xycar_ws/src/install/xycar_msgs/local/lib/python3.10/dist-packages/xycar_msgs/xycar_msgs_s__rosidl_typesupport_introspection_c.cpython-310-x86_64-linux-gnu.so" to ""
[4.751s] -- Installing: /home/qkenrrltk2/xycar_ws/src/install/xycar_msgs/local/lib/python3.10/dist-packages/xycar_msgs/xycar_msgs_s__rosidl_typesupport_c.cpython-310-x86_64-linux-gnu.so
[4.751s] -- Set runtime path of "/home/qkenrrltk2/xycar_ws/src/install/xycar_msgs/local/lib/python3.10/dist-packages/xycar_msgs/xycar_msgs_s__rosidl_typesupport_c.cpython-310-x86_64-linux-gnu.so" to ""
[4.751s] -- Installing: /home/qkenrrltk2/xycar_ws/src/install/xycar_msgs/lib/libxycar_msgs__rosidl_generator_py.so
[4.751s] -- Set runtime path of "/home/qkenrrltk2/xycar_ws/src/install/xycar_msgs/lib/libxycar_msgs__rosidl_generator_py.so" to ""
[4.751s] -- Installing: /home/qkenrrltk2/xycar_ws/src/install/xycar_msgs/share/ament_index/resource_index/rust_packages/xycar_msgs
[4.751s] -- Installing: /home/qkenrrltk2/xycar_ws/src/install/xycar_msgs/share/xycar_msgs/rust
[4.752s] -- Installing: /home/qkenrrltk2/xycar_ws/src/install/xycar_msgs/share/xycar_msgs/rust/build.rs
[4.752s] -- Installing: /home/qkenrrltk2/xycar_ws/src/install/xycar_msgs/share/xycar_msgs/rust/Cargo.toml
[4.752s] -- Installing: /home/qkenrrltk2/xycar_ws/src/install/xycar_msgs/share/xycar_msgs/rust/src
[4.752s] -- Installing: /home/qkenrrltk2/xycar_ws/src/install/xycar_msgs/share/xycar_msgs/rust/src/msg.rs
[4.752s] -- Installing: /home/qkenrrltk2/xycar_ws/src/install/xycar_msgs/share/xycar_msgs/rust/src/lib.rs
[4.752s] -- Installing: /home/qkenrrltk2/xycar_ws/src/install/xycar_msgs/share/xycar_msgs/rust/src/msg
[4.752s] -- Installing: /home/qkenrrltk2/xycar_ws/src/install/xycar_msgs/share/xycar_msgs/rust/src/msg/rmw.rs
[4.752s] -- Installing: /home/qkenrrltk2/xycar_ws/src/install/xycar_msgs/share/xycar_msgs/msg/XycarMotor.idl
[4.752s] -- Installing: /home/qkenrrltk2/xycar_ws/src/install/xycar_msgs/share/xycar_msgs/msg/XycarUltrasonic.idl
[4.752s] -- Installing: /home/qkenrrltk2/xycar_ws/src/install/xycar_msgs/share/xycar_msgs/msg/XycarMotor.msg
[4.752s] -- Installing: /home/qkenrrltk2/xycar_ws/src/install/xycar_msgs/share/xycar_msgs/msg/XycarUltrasonic.msg
[4.753s] -- Installing: /home/qkenrrltk2/xycar_ws/src/install/xycar_msgs/share/ament_index/resource_index/package_run_dependencies/xycar_msgs
[4.753s] -- Installing: /home/qkenrrltk2/xycar_ws/src/install/xycar_msgs/share/ament_index/resource_index/parent_prefix_path/xycar_msgs
[4.753s] -- Installing: /home/qkenrrltk2/xycar_ws/src/install/xycar_msgs/share/xycar_msgs/environment/ament_prefix_path.sh
[4.753s] -- Installing: /home/qkenrrltk2/xycar_ws/src/install/xycar_msgs/share/xycar_msgs/environment/ament_prefix_path.dsv
[4.753s] -- Installing: /home/qkenrrltk2/xycar_ws/src/install/xycar_msgs/share/xycar_msgs/environment/path.sh
[4.753s] -- Installing: /home/qkenrrltk2/xycar_ws/src/install/xycar_msgs/share/xycar_msgs/environment/path.dsv
[4.753s] -- Installing: /home/qkenrrltk2/xycar_ws/src/install/xycar_msgs/share/xycar_msgs/local_setup.bash
[4.753s] -- Installing: /home/qkenrrltk2/xycar_ws/src/install/xycar_msgs/share/xycar_msgs/local_setup.sh
[4.753s] -- Installing: /home/qkenrrltk2/xycar_ws/src/install/xycar_msgs/share/xycar_msgs/local_setup.zsh
[4.753s] -- Installing: /home/qkenrrltk2/xycar_ws/src/install/xycar_msgs/share/xycar_msgs/local_setup.dsv
[4.753s] -- Installing: /home/qkenrrltk2/xycar_ws/src/install/xycar_msgs/share/xycar_msgs/package.dsv
[4.753s] -- Installing: /home/qkenrrltk2/xycar_ws/src/install/xycar_msgs/share/ament_index/resource_index/packages/xycar_msgs
[4.754s] -- Installing: /home/qkenrrltk2/xycar_ws/src/install/xycar_msgs/share/xycar_msgs/cmake/export_xycar_msgs__rosidl_generator_cExport.cmake
[4.754s] -- Installing: /home/qkenrrltk2/xycar_ws/src/install/xycar_msgs/share/xycar_msgs/cmake/export_xycar_msgs__rosidl_generator_cExport-noconfig.cmake
[4.754s] -- Installing: /home/qkenrrltk2/xycar_ws/src/install/xycar_msgs/share/xycar_msgs/cmake/export_xycar_msgs__rosidl_typesupport_fastrtps_cExport.cmake
[4.754s] -- Installing: /home/qkenrrltk2/xycar_ws/src/install/xycar_msgs/share/xycar_msgs/cmake/export_xycar_msgs__rosidl_typesupport_fastrtps_cExport-noconfig.cmake
[4.754s] -- Installing: /home/qkenrrltk2/xycar_ws/src/install/xycar_msgs/share/xycar_msgs/cmake/xycar_msgs__rosidl_typesupport_introspection_cExport.cmake
[4.754s] -- Installing: /home/qkenrrltk2/xycar_ws/src/install/xycar_msgs/share/xycar_msgs/cmake/xycar_msgs__rosidl_typesupport_introspection_cExport-noconfig.cmake
[4.754s] -- Installing: /home/qkenrrltk2/xycar_ws/src/install/xycar_msgs/share/xycar_msgs/cmake/xycar_msgs__rosidl_typesupport_cExport.cmake
[4.754s] -- Installing: /home/qkenrrltk2/xycar_ws/src/install/xycar_msgs/share/xycar_msgs/cmake/xycar_msgs__rosidl_typesupport_cExport-noconfig.cmake
[4.754s] -- Installing: /home/qkenrrltk2/xycar_ws/src/install/xycar_msgs/share/xycar_msgs/cmake/export_xycar_msgs__rosidl_generator_cppExport.cmake
[4.754s] -- Installing: /home/qkenrrltk2/xycar_ws/src/install/xycar_msgs/share/xycar_msgs/cmake/export_xycar_msgs__rosidl_typesupport_fastrtps_cppExport.cmake
[4.755s] -- Installing: /home/qkenrrltk2/xycar_ws/src/install/xycar_msgs/share/xycar_msgs/cmake/export_xycar_msgs__rosidl_typesupport_fastrtps_cppExport-noconfig.cmake
[4.755s] -- Installing: /home/qkenrrltk2/xycar_ws/src/install/xycar_msgs/share/xycar_msgs/cmake/xycar_msgs__rosidl_typesupport_introspection_cppExport.cmake
[4.755s] -- Installing: /home/qkenrrltk2/xycar_ws/src/install/xycar_msgs/share/xycar_msgs/cmake/xycar_msgs__rosidl_typesupport_introspection_cppExport-noconfig.cmake
[4.755s] -- Installing: /home/qkenrrltk2/xycar_ws/src/install/xycar_msgs/share/xycar_msgs/cmake/xycar_msgs__rosidl_typesupport_cppExport.cmake
[4.755s] -- Installing: /home/qkenrrltk2/xycar_ws/src/install/xycar_msgs/share/xycar_msgs/cmake/xycar_msgs__rosidl_typesupport_cppExport-noconfig.cmake
[4.755s] -- Installing: /home/qkenrrltk2/xycar_ws/src/install/xycar_msgs/share/xycar_msgs/cmake/export_xycar_msgs__rosidl_generator_pyExport.cmake
[4.755s] -- Installing: /home/qkenrrltk2/xycar_ws/src/install/xycar_msgs/share/xycar_msgs/cmake/export_xycar_msgs__rosidl_generator_pyExport-noconfig.cmake
[4.755s] -- Installing: /home/qkenrrltk2/xycar_ws/src/install/xycar_msgs/share/xycar_msgs/cmake/rosidl_cmake-extras.cmake
[4.755s] -- Installing: /home/qkenrrltk2/xycar_ws/src/install/xycar_msgs/share/xycar_msgs/cmake/ament_cmake_export_dependencies-extras.cmake
[4.755s] -- Installing: /home/qkenrrltk2/xycar_ws/src/install/xycar_msgs/share/xycar_msgs/cmake/ament_cmake_export_include_directories-extras.cmake
[4.755s] -- Installing: /home/qkenrrltk2/xycar_ws/src/install/xycar_msgs/share/xycar_msgs/cmake/ament_cmake_export_libraries-extras.cmake
[4.755s] -- Installing: /home/qkenrrltk2/xycar_ws/src/install/xycar_msgs/share/xycar_msgs/cmake/ament_cmake_export_targets-extras.cmake
[4.756s] -- Installing: /home/qkenrrltk2/xycar_ws/src/install/xycar_msgs/share/xycar_msgs/cmake/rosidl_cmake_export_typesupport_targets-extras.cmake
[4.756s] -- Installing: /home/qkenrrltk2/xycar_ws/src/install/xycar_msgs/share/xycar_msgs/cmake/rosidl_cmake_export_typesupport_libraries-extras.cmake
[4.756s] -- Installing: /home/qkenrrltk2/xycar_ws/src/install/xycar_msgs/share/xycar_msgs/cmake/xycar_msgsConfig.cmake
[4.756s] -- Installing: /home/qkenrrltk2/xycar_ws/src/install/xycar_msgs/share/xycar_msgs/cmake/xycar_msgsConfig-version.cmake
[4.756s] -- Installing: /home/qkenrrltk2/xycar_ws/src/install/xycar_msgs/share/xycar_msgs/package.xml
[4.758s] Invoked command in '/home/qkenrrltk2/xycar_ws/src/build/xycar_msgs' returned '0': CMAKE_PREFIX_PATH=${CMAKE_PREFIX_PATH}:/home/qkenrrltk2/xycar_ws/install/my_lidar:/home/qkenrrltk2/xycar_ws/install/my_cam:/home/qkenrrltk2/xycar_ws/install/kookmin9_viewer:/home/qkenrrltk2/xycar_ws/install/track_drive:/home/qkenrrltk2/xycar_ws/install/ros_tcp_endpoint:/home/qkenrrltk2/xycar_ws/install/my_motor:/home/qkenrrltk2/xycar_ws/install/my_imu:/opt/ros/humble /usr/bin/cmake --install /home/qkenrrltk2/xycar_ws/src/build/xycar_msgs
