[1.409s] Invoking command in '/home/qkenrrltk2/xycar_ws/src/my_motor': PYTHONPATH=/home/qkenrrltk2/xycar_ws/src/build/my_motor/prefix_override:/usr/lib/python3/dist-packages/colcon_core/task/python/colcon_distutils_commands:/home/qkenrrltk2/xycar_ws/src/install/my_motor/lib/python3.10/site-packages:${PYTHONPATH} /usr/bin/python3 -W ignore:setup.py install is deprecated -W ignore:easy_install command is deprecated setup.py egg_info --egg-base ../build/my_motor build --build-base /home/qkenrrltk2/xycar_ws/src/build/my_motor/build install --record /home/qkenrrltk2/xycar_ws/src/build/my_motor/install.log --single-version-externally-managed install_data
[1.568s] running egg_info
[1.568s] creating ../build/my_motor/my_motor.egg-info
[1.569s] writing ../build/my_motor/my_motor.egg-info/PKG-INFO
[1.569s] writing dependency_links to ../build/my_motor/my_motor.egg-info/dependency_links.txt
[1.569s] writing entry points to ../build/my_motor/my_motor.egg-info/entry_points.txt
[1.569s] writing requirements to ../build/my_motor/my_motor.egg-info/requires.txt
[1.569s] writing top-level names to ../build/my_motor/my_motor.egg-info/top_level.txt
[1.570s] writing manifest file '../build/my_motor/my_motor.egg-info/SOURCES.txt'
[1.571s] reading manifest file '../build/my_motor/my_motor.egg-info/SOURCES.txt'
[1.571s] adding license file 'LICENSE'
[1.571s] writing manifest file '../build/my_motor/my_motor.egg-info/SOURCES.txt'
[1.571s] running build
[1.571s] running build_py
[1.572s] creating /home/qkenrrltk2/xycar_ws/src/build/my_motor/build
[1.572s] creating /home/qkenrrltk2/xycar_ws/src/build/my_motor/build/lib
[1.572s] creating /home/qkenrrltk2/xycar_ws/src/build/my_motor/build/lib/my_motor
[1.572s] copying my_motor/go_stop.py -> /home/qkenrrltk2/xycar_ws/src/build/my_motor/build/lib/my_motor
[1.572s] copying my_motor/__init__.py -> /home/qkenrrltk2/xycar_ws/src/build/my_motor/build/lib/my_motor
[1.572s] copying my_motor/go.py -> /home/qkenrrltk2/xycar_ws/src/build/my_motor/build/lib/my_motor
[1.573s] running install
[1.573s] running install_lib
[1.574s] creating /home/qkenrrltk2/xycar_ws/src/install/my_motor/lib/python3.10/site-packages/my_motor
[1.574s] copying /home/qkenrrltk2/xycar_ws/src/build/my_motor/build/lib/my_motor/go_stop.py -> /home/qkenrrltk2/xycar_ws/src/install/my_motor/lib/python3.10/site-packages/my_motor
[1.574s] copying /home/qkenrrltk2/xycar_ws/src/build/my_motor/build/lib/my_motor/__init__.py -> /home/qkenrrltk2/xycar_ws/src/install/my_motor/lib/python3.10/site-packages/my_motor
[1.574s] copying /home/qkenrrltk2/xycar_ws/src/build/my_motor/build/lib/my_motor/go.py -> /home/qkenrrltk2/xycar_ws/src/install/my_motor/lib/python3.10/site-packages/my_motor
[1.575s] byte-compiling /home/qkenrrltk2/xycar_ws/src/install/my_motor/lib/python3.10/site-packages/my_motor/go_stop.py to go_stop.cpython-310.pyc
[1.575s] byte-compiling /home/qkenrrltk2/xycar_ws/src/install/my_motor/lib/python3.10/site-packages/my_motor/__init__.py to __init__.cpython-310.pyc
[1.575s] byte-compiling /home/qkenrrltk2/xycar_ws/src/install/my_motor/lib/python3.10/site-packages/my_motor/go.py to go.cpython-310.pyc
[1.575s] running install_data
[1.575s] creating /home/qkenrrltk2/xycar_ws/src/install/my_motor/share/ament_index
[1.575s] creating /home/qkenrrltk2/xycar_ws/src/install/my_motor/share/ament_index/resource_index
[1.575s] creating /home/qkenrrltk2/xycar_ws/src/install/my_motor/share/ament_index/resource_index/packages
[1.575s] copying resource/my_motor -> /home/qkenrrltk2/xycar_ws/src/install/my_motor/share/ament_index/resource_index/packages
[1.575s] copying package.xml -> /home/qkenrrltk2/xycar_ws/src/install/my_motor/share/my_motor
[1.575s] running install_egg_info
[1.576s] Copying ../build/my_motor/my_motor.egg-info to /home/qkenrrltk2/xycar_ws/src/install/my_motor/lib/python3.10/site-packages/my_motor-0.0.0-py3.10.egg-info
[1.578s] running install_scripts
[1.596s] Installing go script to /home/qkenrrltk2/xycar_ws/src/install/my_motor/lib/my_motor
[1.596s] Installing go_stop script to /home/qkenrrltk2/xycar_ws/src/install/my_motor/lib/my_motor
[1.597s] writing list of installed files to '/home/qkenrrltk2/xycar_ws/src/build/my_motor/install.log'
[1.637s] Invoked command in '/home/qkenrrltk2/xycar_ws/src/my_motor' returned '0': PYTHONPATH=/home/qkenrrltk2/xycar_ws/src/build/my_motor/prefix_override:/usr/lib/python3/dist-packages/colcon_core/task/python/colcon_distutils_commands:/home/qkenrrltk2/xycar_ws/src/install/my_motor/lib/python3.10/site-packages:${PYTHONPATH} /usr/bin/python3 -W ignore:setup.py install is deprecated -W ignore:easy_install command is deprecated setup.py egg_info --egg-base ../build/my_motor build --build-base /home/qkenrrltk2/xycar_ws/src/build/my_motor/build install --record /home/qkenrrltk2/xycar_ws/src/build/my_motor/install.log --single-version-externally-managed install_data
