running egg_info
creating ../build/recognition/recognition.egg-info
writing ../build/recognition/recognition.egg-info/PKG-INFO
writing dependency_links to ../build/recognition/recognition.egg-info/dependency_links.txt
writing entry points to ../build/recognition/recognition.egg-info/entry_points.txt
writing requirements to ../build/recognition/recognition.egg-info/requires.txt
writing top-level names to ../build/recognition/recognition.egg-info/top_level.txt
writing manifest file '../build/recognition/recognition.egg-info/SOURCES.txt'
reading manifest file '../build/recognition/recognition.egg-info/SOURCES.txt'
writing manifest file '../build/recognition/recognition.egg-info/SOURCES.txt'
running build
running build_py
creating /home/qkenrrltk2/xycar_ws/src/build/recognition/build
creating /home/qkenrrltk2/xycar_ws/src/build/recognition/build/lib
creating /home/qkenrrltk2/xycar_ws/src/build/recognition/build/lib/recognition
copying recognition/yolo.py -> /home/qkenrrltk2/xycar_ws/src/build/recognition/build/lib/recognition
copying recognition/__init__.py -> /home/qkenrrltk2/xycar_ws/src/build/recognition/build/lib/recognition
running install
running install_lib
creating /home/qkenrrltk2/xycar_ws/src/install/recognition/lib/python3.10/site-packages/recognition
copying /home/qkenrrltk2/xycar_ws/src/build/recognition/build/lib/recognition/yolo.py -> /home/qkenrrltk2/xycar_ws/src/install/recognition/lib/python3.10/site-packages/recognition
copying /home/qkenrrltk2/xycar_ws/src/build/recognition/build/lib/recognition/__init__.py -> /home/qkenrrltk2/xycar_ws/src/install/recognition/lib/python3.10/site-packages/recognition
byte-compiling /home/qkenrrltk2/xycar_ws/src/install/recognition/lib/python3.10/site-packages/recognition/yolo.py to yolo.cpython-310.pyc
byte-compiling /home/qkenrrltk2/xycar_ws/src/install/recognition/lib/python3.10/site-packages/recognition/__init__.py to __init__.cpython-310.pyc
running install_data
creating /home/qkenrrltk2/xycar_ws/src/install/recognition/share/ament_index
creating /home/qkenrrltk2/xycar_ws/src/install/recognition/share/ament_index/resource_index
creating /home/qkenrrltk2/xycar_ws/src/install/recognition/share/ament_index/resource_index/packages
copying resource/recognition -> /home/qkenrrltk2/xycar_ws/src/install/recognition/share/ament_index/resource_index/packages
copying package.xml -> /home/qkenrrltk2/xycar_ws/src/install/recognition/share/recognition
running install_egg_info
Copying ../build/recognition/recognition.egg-info to /home/qkenrrltk2/xycar_ws/src/install/recognition/lib/python3.10/site-packages/recognition-0.0.0-py3.10.egg-info
running install_scripts
writing list of installed files to '/home/qkenrrltk2/xycar_ws/src/build/recognition/install.log'
