[1.624s] Invoking command in '/home/qkenrrltk2/xycar_ws/src/ROS-TCP-Endpoint-main-ros2': PYTHONPATH=/home/qkenrrltk2/xycar_ws/src/build/ros_tcp_endpoint/prefix_override:/usr/lib/python3/dist-packages/colcon_core/task/python/colcon_distutils_commands:/home/qkenrrltk2/xycar_ws/src/install/ros_tcp_endpoint/lib/python3.10/site-packages:${PYTHONPATH} /usr/bin/python3 -W ignore:setup.py install is deprecated -W ignore:easy_install command is deprecated setup.py egg_info --egg-base ../build/ros_tcp_endpoint build --build-base /home/qkenrrltk2/xycar_ws/src/build/ros_tcp_endpoint/build install --record /home/qkenrrltk2/xycar_ws/src/build/ros_tcp_endpoint/install.log --single-version-externally-managed install_data
[1.824s] running egg_info
[1.824s] writing ../build/ros_tcp_endpoint/ros_tcp_endpoint.egg-info/PKG-INFO
[1.825s] writing dependency_links to ../build/ros_tcp_endpoint/ros_tcp_endpoint.egg-info/dependency_links.txt
[1.825s] writing entry points to ../build/ros_tcp_endpoint/ros_tcp_endpoint.egg-info/entry_points.txt
[1.825s] writing requirements to ../build/ros_tcp_endpoint/ros_tcp_endpoint.egg-info/requires.txt
[1.825s] writing top-level names to ../build/ros_tcp_endpoint/ros_tcp_endpoint.egg-info/top_level.txt
[1.827s] reading manifest file '../build/ros_tcp_endpoint/ros_tcp_endpoint.egg-info/SOURCES.txt'
[1.827s] adding license file 'LICENSE'
[1.828s] writing manifest file '../build/ros_tcp_endpoint/ros_tcp_endpoint.egg-info/SOURCES.txt'
[1.828s] running build
[1.828s] running build_py
[1.829s] running install
[1.829s] running install_lib
[1.832s] running install_data
[1.832s] running install_egg_info
[1.834s] removing '/home/qkenrrltk2/xycar_ws/src/install/ros_tcp_endpoint/lib/python3.10/site-packages/ros_tcp_endpoint-0.0.1-py3.10.egg-info' (and everything under it)
[1.835s] Copying ../build/ros_tcp_endpoint/ros_tcp_endpoint.egg-info to /home/qkenrrltk2/xycar_ws/src/install/ros_tcp_endpoint/lib/python3.10/site-packages/ros_tcp_endpoint-0.0.1-py3.10.egg-info
[1.836s] running install_scripts
[1.855s] Installing default_server_endpoint script to /home/qkenrrltk2/xycar_ws/src/install/ros_tcp_endpoint/lib/ros_tcp_endpoint
[1.855s] writing list of installed files to '/home/qkenrrltk2/xycar_ws/src/build/ros_tcp_endpoint/install.log'
[1.914s] Invoked command in '/home/qkenrrltk2/xycar_ws/src/ROS-TCP-Endpoint-main-ros2' returned '0': PYTHONPATH=/home/qkenrrltk2/xycar_ws/src/build/ros_tcp_endpoint/prefix_override:/usr/lib/python3/dist-packages/colcon_core/task/python/colcon_distutils_commands:/home/qkenrrltk2/xycar_ws/src/install/ros_tcp_endpoint/lib/python3.10/site-packages:${PYTHONPATH} /usr/bin/python3 -W ignore:setup.py install is deprecated -W ignore:easy_install command is deprecated setup.py egg_info --egg-base ../build/ros_tcp_endpoint build --build-base /home/qkenrrltk2/xycar_ws/src/build/ros_tcp_endpoint/build install --record /home/qkenrrltk2/xycar_ws/src/build/ros_tcp_endpoint/install.log --single-version-externally-managed install_data
