[1.606s] Invoking command in '/home/qkenrrltk2/xycar_ws/src/track_drive': PYTHONPATH=/home/qkenrrltk2/xycar_ws/src/build/track_drive/prefix_override:/usr/lib/python3/dist-packages/colcon_core/task/python/colcon_distutils_commands:/home/qkenrrltk2/xycar_ws/src/install/track_drive/lib/python3.10/site-packages:${PYTHONPATH} /usr/bin/python3 -W ignore:setup.py install is deprecated -W ignore:easy_install command is deprecated setup.py egg_info --egg-base ../build/track_drive build --build-base /home/qkenrrltk2/xycar_ws/src/build/track_drive/build install --record /home/qkenrrltk2/xycar_ws/src/build/track_drive/install.log --single-version-externally-managed install_data
[1.804s] running egg_info
[1.805s] writing ../build/track_drive/track_drive.egg-info/PKG-INFO
[1.806s] writing dependency_links to ../build/track_drive/track_drive.egg-info/dependency_links.txt
[1.806s] writing entry points to ../build/track_drive/track_drive.egg-info/entry_points.txt
[1.806s] writing requirements to ../build/track_drive/track_drive.egg-info/requires.txt
[1.806s] writing top-level names to ../build/track_drive/track_drive.egg-info/top_level.txt
[1.808s] reading manifest file '../build/track_drive/track_drive.egg-info/SOURCES.txt'
[1.808s] adding license file 'LICENSE'
[1.809s] writing manifest file '../build/track_drive/track_drive.egg-info/SOURCES.txt'
[1.809s] running build
[1.809s] running build_py
[1.809s] running install
[1.810s] running install_lib
[1.811s] running install_data
[1.811s] running install_egg_info
[1.814s] removing '/home/qkenrrltk2/xycar_ws/src/install/track_drive/lib/python3.10/site-packages/track_drive-0.0.0-py3.10.egg-info' (and everything under it)
[1.814s] Copying ../build/track_drive/track_drive.egg-info to /home/qkenrrltk2/xycar_ws/src/install/track_drive/lib/python3.10/site-packages/track_drive-0.0.0-py3.10.egg-info
[1.815s] running install_scripts
[1.836s] Installing track_drive script to /home/qkenrrltk2/xycar_ws/src/install/track_drive/lib/track_drive
[1.836s] writing list of installed files to '/home/qkenrrltk2/xycar_ws/src/build/track_drive/install.log'
[1.890s] Invoked command in '/home/qkenrrltk2/xycar_ws/src/track_drive' returned '0': PYTHONPATH=/home/qkenrrltk2/xycar_ws/src/build/track_drive/prefix_override:/usr/lib/python3/dist-packages/colcon_core/task/python/colcon_distutils_commands:/home/qkenrrltk2/xycar_ws/src/install/track_drive/lib/python3.10/site-packages:${PYTHONPATH} /usr/bin/python3 -W ignore:setup.py install is deprecated -W ignore:easy_install command is deprecated setup.py egg_info --egg-base ../build/track_drive build --build-base /home/qkenrrltk2/xycar_ws/src/build/track_drive/build install --record /home/qkenrrltk2/xycar_ws/src/build/track_drive/install.log --single-version-externally-managed install_data
