[-0.340s] DEBUG:colcon:Command line arguments: ['/usr/bin/colcon', 'build']
[-0.340s] DEBUG:colcon:Parsed command line arguments: Namespace(log_base=None, log_level=None, verb_name='build', build_base='build', install_base='install', merge_install=False, symlink_install=False, test_result_base=None, continue_on_error=False, executor='parallel', parallel_workers=24, event_handlers=None, ignore_user_meta=False, metas=['./colcon.meta'], base_paths=['.'], packages_ignore=None, packages_ignore_regex=None, paths=None, packages_up_to=None, packages_up_to_regex=None, packages_above=None, packages_above_and_dependencies=None, packages_above_depth=None, packages_select_by_dep=None, packages_skip_by_dep=None, packages_skip_up_to=None, packages_select_build_failed=False, packages_skip_build_finished=False, packages_select_test_failures=False, packages_skip_test_passed=False, packages_select=None, packages_skip=None, packages_select_regex=None, packages_skip_regex=None, packages_start=None, packages_end=None, allow_overriding=[], cmake_args=None, cmake_target=None, cmake_target_skip_unavailable=False, cmake_clean_cache=False, cmake_clean_first=False, cmake_force_configure=False, ament_cmake_args=None, catkin_cmake_args=None, catkin_skip_building_tests=False, mixin_files=None, mixin=None, verb_parser=<colcon_mixin.mixin.mixin_argument.MixinArgumentDecorator object at 0x7cf9bf774d60>, verb_extension=<colcon_core.verb.build.BuildVerb object at 0x7cf9bf7748b0>, main=<bound method BuildVerb.main of <colcon_core.verb.build.BuildVerb object at 0x7cf9bf7748b0>>, mixin_verb=('build',))
[-0.057s] Level 1:colcon.colcon_core.package_discovery:discover_packages(colcon_meta) check parameters
[-0.057s] Level 1:colcon.colcon_core.package_discovery:discover_packages(recursive) check parameters
[-0.057s] Level 1:colcon.colcon_core.package_discovery:discover_packages(ignore) check parameters
[-0.057s] Level 1:colcon.colcon_core.package_discovery:discover_packages(path) check parameters
[-0.057s] Level 1:colcon.colcon_core.package_discovery:discover_packages(colcon_meta) discover
[-0.057s] Level 1:colcon.colcon_core.package_discovery:discover_packages(recursive) discover
[-0.057s] INFO:colcon.colcon_core.package_discovery:Crawling recursively for packages in '/home/qkenrrltk2/xycar_ws/src'
[-0.056s] Level 1:colcon.colcon_core.package_identification:_identify(.) by extensions ['ignore', 'ignore_ament_install']
[-0.056s] Level 1:colcon.colcon_core.package_identification:_identify(.) by extension 'ignore'
[-0.056s] Level 1:colcon.colcon_core.package_identification:_identify(.) by extension 'ignore_ament_install'
[-0.056s] Level 1:colcon.colcon_core.package_identification:_identify(.) by extensions ['colcon_pkg']
[-0.056s] Level 1:colcon.colcon_core.package_identification:_identify(.) by extension 'colcon_pkg'
[-0.056s] Level 1:colcon.colcon_core.package_identification:_identify(.) by extensions ['colcon_meta']
[-0.056s] Level 1:colcon.colcon_core.package_identification:_identify(.) by extension 'colcon_meta'
[-0.056s] Level 1:colcon.colcon_core.package_identification:_identify(.) by extensions ['ros']
[-0.056s] Level 1:colcon.colcon_core.package_identification:_identify(.) by extension 'ros'
[-0.046s] Level 1:colcon.colcon_core.package_identification:_identify(.) by extensions ['cmake', 'python']
[-0.045s] Level 1:colcon.colcon_core.package_identification:_identify(.) by extension 'cmake'
[-0.045s] Level 1:colcon.colcon_core.package_identification:_identify(.) by extension 'python'
[-0.045s] Level 1:colcon.colcon_core.package_identification:_identify(.) by extensions ['python_setup_py']
[-0.045s] Level 1:colcon.colcon_core.package_identification:_identify(.) by extension 'python_setup_py'
[-0.045s] Level 1:colcon.colcon_core.package_identification:_identify(ROS-TCP-Endpoint-main-ros2) by extensions ['ignore', 'ignore_ament_install']
[-0.045s] Level 1:colcon.colcon_core.package_identification:_identify(ROS-TCP-Endpoint-main-ros2) by extension 'ignore'
[-0.045s] Level 1:colcon.colcon_core.package_identification:_identify(ROS-TCP-Endpoint-main-ros2) by extension 'ignore_ament_install'
[-0.045s] Level 1:colcon.colcon_core.package_identification:_identify(ROS-TCP-Endpoint-main-ros2) by extensions ['colcon_pkg']
[-0.045s] Level 1:colcon.colcon_core.package_identification:_identify(ROS-TCP-Endpoint-main-ros2) by extension 'colcon_pkg'
[-0.045s] Level 1:colcon.colcon_core.package_identification:_identify(ROS-TCP-Endpoint-main-ros2) by extensions ['colcon_meta']
[-0.045s] Level 1:colcon.colcon_core.package_identification:_identify(ROS-TCP-Endpoint-main-ros2) by extension 'colcon_meta'
[-0.045s] Level 1:colcon.colcon_core.package_identification:_identify(ROS-TCP-Endpoint-main-ros2) by extensions ['ros']
[-0.045s] Level 1:colcon.colcon_core.package_identification:_identify(ROS-TCP-Endpoint-main-ros2) by extension 'ros'
[-0.042s] DEBUG:colcon.colcon_core.package_identification:Package 'ROS-TCP-Endpoint-main-ros2' with type 'ros.ament_python' and name 'ros_tcp_endpoint'
[-0.041s] Level 1:colcon.colcon_core.package_identification:_identify(build) by extensions ['ignore', 'ignore_ament_install']
[-0.041s] Level 1:colcon.colcon_core.package_identification:_identify(build) by extension 'ignore'
[-0.041s] Level 1:colcon.colcon_core.package_identification:_identify(build) ignored
[-0.041s] Level 1:colcon.colcon_core.package_identification:_identify(control) by extensions ['ignore', 'ignore_ament_install']
[-0.041s] Level 1:colcon.colcon_core.package_identification:_identify(control) by extension 'ignore'
[-0.041s] Level 1:colcon.colcon_core.package_identification:_identify(control) by extension 'ignore_ament_install'
[-0.041s] Level 1:colcon.colcon_core.package_identification:_identify(control) by extensions ['colcon_pkg']
[-0.041s] Level 1:colcon.colcon_core.package_identification:_identify(control) by extension 'colcon_pkg'
[-0.041s] Level 1:colcon.colcon_core.package_identification:_identify(control) by extensions ['colcon_meta']
[-0.041s] Level 1:colcon.colcon_core.package_identification:_identify(control) by extension 'colcon_meta'
[-0.041s] Level 1:colcon.colcon_core.package_identification:_identify(control) by extensions ['ros']
[-0.041s] Level 1:colcon.colcon_core.package_identification:_identify(control) by extension 'ros'
[-0.041s] Level 1:colcon.colcon_core.package_identification:_identify(control) by extensions ['cmake', 'python']
[-0.040s] Level 1:colcon.colcon_core.package_identification:_identify(control) by extension 'cmake'
[-0.040s] Level 1:colcon.colcon_core.package_identification:_identify(control) by extension 'python'
[-0.040s] Level 1:colcon.colcon_core.package_identification:_identify(control) by extensions ['python_setup_py']
[-0.040s] Level 1:colcon.colcon_core.package_identification:_identify(control) by extension 'python_setup_py'
[-0.040s] Level 1:colcon.colcon_core.package_identification:_identify(install) by extensions ['ignore', 'ignore_ament_install']
[-0.040s] Level 1:colcon.colcon_core.package_identification:_identify(install) by extension 'ignore'
[-0.040s] Level 1:colcon.colcon_core.package_identification:_identify(install) ignored
[-0.040s] Level 1:colcon.colcon_core.package_identification:_identify(judgement) by extensions ['ignore', 'ignore_ament_install']
[-0.040s] Level 1:colcon.colcon_core.package_identification:_identify(judgement) by extension 'ignore'
[-0.040s] Level 1:colcon.colcon_core.package_identification:_identify(judgement) by extension 'ignore_ament_install'
[-0.040s] Level 1:colcon.colcon_core.package_identification:_identify(judgement) by extensions ['colcon_pkg']
[-0.040s] Level 1:colcon.colcon_core.package_identification:_identify(judgement) by extension 'colcon_pkg'
[-0.039s] Level 1:colcon.colcon_core.package_identification:_identify(judgement) by extensions ['colcon_meta']
[-0.039s] Level 1:colcon.colcon_core.package_identification:_identify(judgement) by extension 'colcon_meta'
[-0.039s] Level 1:colcon.colcon_core.package_identification:_identify(judgement) by extensions ['ros']
[-0.039s] Level 1:colcon.colcon_core.package_identification:_identify(judgement) by extension 'ros'
[-0.039s] Level 1:colcon.colcon_core.package_identification:_identify(judgement) by extensions ['cmake', 'python']
[-0.039s] Level 1:colcon.colcon_core.package_identification:_identify(judgement) by extension 'cmake'
[-0.039s] Level 1:colcon.colcon_core.package_identification:_identify(judgement) by extension 'python'
[-0.039s] Level 1:colcon.colcon_core.package_identification:_identify(judgement) by extensions ['python_setup_py']
[-0.039s] Level 1:colcon.colcon_core.package_identification:_identify(judgement) by extension 'python_setup_py'
[-0.039s] Level 1:colcon.colcon_core.package_identification:_identify(kookmin9_viewer) by extensions ['ignore', 'ignore_ament_install']
[-0.039s] Level 1:colcon.colcon_core.package_identification:_identify(kookmin9_viewer) by extension 'ignore'
[-0.039s] Level 1:colcon.colcon_core.package_identification:_identify(kookmin9_viewer) by extension 'ignore_ament_install'
[-0.039s] Level 1:colcon.colcon_core.package_identification:_identify(kookmin9_viewer) by extensions ['colcon_pkg']
[-0.039s] Level 1:colcon.colcon_core.package_identification:_identify(kookmin9_viewer) by extension 'colcon_pkg'
[-0.038s] Level 1:colcon.colcon_core.package_identification:_identify(kookmin9_viewer) by extensions ['colcon_meta']
[-0.038s] Level 1:colcon.colcon_core.package_identification:_identify(kookmin9_viewer) by extension 'colcon_meta'
[-0.038s] Level 1:colcon.colcon_core.package_identification:_identify(kookmin9_viewer) by extensions ['ros']
[-0.038s] Level 1:colcon.colcon_core.package_identification:_identify(kookmin9_viewer) by extension 'ros'
[-0.038s] DEBUG:colcon.colcon_core.package_identification:Package 'kookmin9_viewer' with type 'ros.ament_python' and name 'kookmin9_viewer'
[-0.038s] Level 1:colcon.colcon_core.package_identification:_identify(log) by extensions ['ignore', 'ignore_ament_install']
[-0.037s] Level 1:colcon.colcon_core.package_identification:_identify(log) by extension 'ignore'
[-0.037s] Level 1:colcon.colcon_core.package_identification:_identify(log) ignored
[-0.037s] Level 1:colcon.colcon_core.package_identification:_identify(my_cam) by extensions ['ignore', 'ignore_ament_install']
[-0.037s] Level 1:colcon.colcon_core.package_identification:_identify(my_cam) by extension 'ignore'
[-0.037s] Level 1:colcon.colcon_core.package_identification:_identify(my_cam) by extension 'ignore_ament_install'
[-0.037s] Level 1:colcon.colcon_core.package_identification:_identify(my_cam) by extensions ['colcon_pkg']
[-0.037s] Level 1:colcon.colcon_core.package_identification:_identify(my_cam) by extension 'colcon_pkg'
[-0.037s] Level 1:colcon.colcon_core.package_identification:_identify(my_cam) by extensions ['colcon_meta']
[-0.037s] Level 1:colcon.colcon_core.package_identification:_identify(my_cam) by extension 'colcon_meta'
[-0.037s] Level 1:colcon.colcon_core.package_identification:_identify(my_cam) by extensions ['ros']
[-0.037s] Level 1:colcon.colcon_core.package_identification:_identify(my_cam) by extension 'ros'
[-0.036s] DEBUG:colcon.colcon_core.package_identification:Package 'my_cam' with type 'ros.ament_python' and name 'my_cam'
[-0.035s] Level 1:colcon.colcon_core.package_identification:_identify(my_imu) by extensions ['ignore', 'ignore_ament_install']
[-0.035s] Level 1:colcon.colcon_core.package_identification:_identify(my_imu) by extension 'ignore'
[-0.035s] Level 1:colcon.colcon_core.package_identification:_identify(my_imu) by extension 'ignore_ament_install'
[-0.035s] Level 1:colcon.colcon_core.package_identification:_identify(my_imu) by extensions ['colcon_pkg']
[-0.035s] Level 1:colcon.colcon_core.package_identification:_identify(my_imu) by extension 'colcon_pkg'
[-0.035s] Level 1:colcon.colcon_core.package_identification:_identify(my_imu) by extensions ['colcon_meta']
[-0.035s] Level 1:colcon.colcon_core.package_identification:_identify(my_imu) by extension 'colcon_meta'
[-0.035s] Level 1:colcon.colcon_core.package_identification:_identify(my_imu) by extensions ['ros']
[-0.035s] Level 1:colcon.colcon_core.package_identification:_identify(my_imu) by extension 'ros'
[-0.034s] DEBUG:colcon.colcon_core.package_identification:Package 'my_imu' with type 'ros.ament_python' and name 'my_imu'
[-0.034s] Level 1:colcon.colcon_core.package_identification:_identify(my_lidar) by extensions ['ignore', 'ignore_ament_install']
[-0.034s] Level 1:colcon.colcon_core.package_identification:_identify(my_lidar) by extension 'ignore'
[-0.034s] Level 1:colcon.colcon_core.package_identification:_identify(my_lidar) by extension 'ignore_ament_install'
[-0.034s] Level 1:colcon.colcon_core.package_identification:_identify(my_lidar) by extensions ['colcon_pkg']
[-0.034s] Level 1:colcon.colcon_core.package_identification:_identify(my_lidar) by extension 'colcon_pkg'
[-0.034s] Level 1:colcon.colcon_core.package_identification:_identify(my_lidar) by extensions ['colcon_meta']
[-0.034s] Level 1:colcon.colcon_core.package_identification:_identify(my_lidar) by extension 'colcon_meta'
[-0.033s] Level 1:colcon.colcon_core.package_identification:_identify(my_lidar) by extensions ['ros']
[-0.033s] Level 1:colcon.colcon_core.package_identification:_identify(my_lidar) by extension 'ros'
[-0.033s] DEBUG:colcon.colcon_core.package_identification:Package 'my_lidar' with type 'ros.ament_python' and name 'my_lidar'
[-0.032s] Level 1:colcon.colcon_core.package_identification:_identify(my_motor) by extensions ['ignore', 'ignore_ament_install']
[-0.032s] Level 1:colcon.colcon_core.package_identification:_identify(my_motor) by extension 'ignore'
[-0.032s] Level 1:colcon.colcon_core.package_identification:_identify(my_motor) by extension 'ignore_ament_install'
[-0.032s] Level 1:colcon.colcon_core.package_identification:_identify(my_motor) by extensions ['colcon_pkg']
[-0.032s] Level 1:colcon.colcon_core.package_identification:_identify(my_motor) by extension 'colcon_pkg'
[-0.032s] Level 1:colcon.colcon_core.package_identification:_identify(my_motor) by extensions ['colcon_meta']
[-0.032s] Level 1:colcon.colcon_core.package_identification:_identify(my_motor) by extension 'colcon_meta'
[-0.032s] Level 1:colcon.colcon_core.package_identification:_identify(my_motor) by extensions ['ros']
[-0.032s] Level 1:colcon.colcon_core.package_identification:_identify(my_motor) by extension 'ros'
[-0.031s] DEBUG:colcon.colcon_core.package_identification:Package 'my_motor' with type 'ros.ament_python' and name 'my_motor'
[-0.031s] Level 1:colcon.colcon_core.package_identification:_identify(recognition) by extensions ['ignore', 'ignore_ament_install']
[-0.030s] Level 1:colcon.colcon_core.package_identification:_identify(recognition) by extension 'ignore'
[-0.030s] Level 1:colcon.colcon_core.package_identification:_identify(recognition) by extension 'ignore_ament_install'
[-0.030s] Level 1:colcon.colcon_core.package_identification:_identify(recognition) by extensions ['colcon_pkg']
[-0.030s] Level 1:colcon.colcon_core.package_identification:_identify(recognition) by extension 'colcon_pkg'
[-0.030s] Level 1:colcon.colcon_core.package_identification:_identify(recognition) by extensions ['colcon_meta']
[-0.030s] Level 1:colcon.colcon_core.package_identification:_identify(recognition) by extension 'colcon_meta'
[-0.030s] Level 1:colcon.colcon_core.package_identification:_identify(recognition) by extensions ['ros']
[-0.030s] Level 1:colcon.colcon_core.package_identification:_identify(recognition) by extension 'ros'
[-0.029s] DEBUG:colcon.colcon_core.package_identification:Package 'recognition' with type 'ros.ament_python' and name 'recognition'
[-0.029s] Level 1:colcon.colcon_core.package_identification:_identify(track_drive) by extensions ['ignore', 'ignore_ament_install']
[-0.028s] Level 1:colcon.colcon_core.package_identification:_identify(track_drive) by extension 'ignore'
[-0.028s] Level 1:colcon.colcon_core.package_identification:_identify(track_drive) by extension 'ignore_ament_install'
[-0.028s] Level 1:colcon.colcon_core.package_identification:_identify(track_drive) by extensions ['colcon_pkg']
[-0.028s] Level 1:colcon.colcon_core.package_identification:_identify(track_drive) by extension 'colcon_pkg'
[-0.028s] Level 1:colcon.colcon_core.package_identification:_identify(track_drive) by extensions ['colcon_meta']
[-0.028s] Level 1:colcon.colcon_core.package_identification:_identify(track_drive) by extension 'colcon_meta'
[-0.028s] Level 1:colcon.colcon_core.package_identification:_identify(track_drive) by extensions ['ros']
[-0.028s] Level 1:colcon.colcon_core.package_identification:_identify(track_drive) by extension 'ros'
[-0.027s] DEBUG:colcon.colcon_core.package_identification:Package 'track_drive' with type 'ros.ament_python' and name 'track_drive'
[-0.027s] Level 1:colcon.colcon_core.package_identification:_identify(xycar_msgs) by extensions ['ignore', 'ignore_ament_install']
[-0.027s] Level 1:colcon.colcon_core.package_identification:_identify(xycar_msgs) by extension 'ignore'
[-0.027s] Level 1:colcon.colcon_core.package_identification:_identify(xycar_msgs) by extension 'ignore_ament_install'
[-0.027s] Level 1:colcon.colcon_core.package_identification:_identify(xycar_msgs) by extensions ['colcon_pkg']
[-0.027s] Level 1:colcon.colcon_core.package_identification:_identify(xycar_msgs) by extension 'colcon_pkg'
[-0.027s] Level 1:colcon.colcon_core.package_identification:_identify(xycar_msgs) by extensions ['colcon_meta']
[-0.027s] Level 1:colcon.colcon_core.package_identification:_identify(xycar_msgs) by extension 'colcon_meta'
[-0.027s] Level 1:colcon.colcon_core.package_identification:_identify(xycar_msgs) by extensions ['ros']
[-0.027s] Level 1:colcon.colcon_core.package_identification:_identify(xycar_msgs) by extension 'ros'
[-0.025s] DEBUG:colcon.colcon_core.package_identification:Package 'xycar_msgs' with type 'ros.ament_cmake' and name 'xycar_msgs'
[-0.025s] Level 1:colcon.colcon_core.package_discovery:discover_packages(recursive) using defaults
[-0.025s] Level 1:colcon.colcon_core.package_discovery:discover_packages(ignore) discover
[-0.025s] Level 1:colcon.colcon_core.package_discovery:discover_packages(ignore) using defaults
[-0.025s] Level 1:colcon.colcon_core.package_discovery:discover_packages(path) discover
[-0.025s] Level 1:colcon.colcon_core.package_discovery:discover_packages(path) using defaults
[0.021s] Level 1:colcon.colcon_core.package_discovery:discover_packages(prefix_path) check parameters
[0.021s] Level 1:colcon.colcon_core.package_discovery:discover_packages(prefix_path) discover
[0.027s] DEBUG:colcon.colcon_installed_package_information.package_discovery:Found 9 installed packages in /home/qkenrrltk2/xycar_ws/src/install
[0.027s] DEBUG:colcon.colcon_installed_package_information.package_discovery:Found 8 installed packages in /home/qkenrrltk2/xycar_ws/install
[0.029s] DEBUG:colcon.colcon_installed_package_information.package_discovery:Found 273 installed packages in /opt/ros/humble
[0.030s] Level 1:colcon.colcon_core.package_discovery:discover_packages(prefix_path) using defaults
[0.099s] Level 5:colcon.colcon_core.verb:set package 'my_imu' build argument 'cmake_args' from command line to 'None'
[0.100s] Level 5:colcon.colcon_core.verb:set package 'my_imu' build argument 'cmake_target' from command line to 'None'
[0.100s] Level 5:colcon.colcon_core.verb:set package 'my_imu' build argument 'cmake_target_skip_unavailable' from command line to 'False'
[0.100s] Level 5:colcon.colcon_core.verb:set package 'my_imu' build argument 'cmake_clean_cache' from command line to 'False'
[0.100s] Level 5:colcon.colcon_core.verb:set package 'my_imu' build argument 'cmake_clean_first' from command line to 'False'
[0.100s] Level 5:colcon.colcon_core.verb:set package 'my_imu' build argument 'cmake_force_configure' from command line to 'False'
[0.100s] Level 5:colcon.colcon_core.verb:set package 'my_imu' build argument 'ament_cmake_args' from command line to 'None'
[0.100s] Level 5:colcon.colcon_core.verb:set package 'my_imu' build argument 'catkin_cmake_args' from command line to 'None'
[0.100s] Level 5:colcon.colcon_core.verb:set package 'my_imu' build argument 'catkin_skip_building_tests' from command line to 'False'
[0.100s] DEBUG:colcon.colcon_core.verb:Building package 'my_imu' with the following arguments: {'ament_cmake_args': None, 'build_base': '/home/qkenrrltk2/xycar_ws/src/build/my_imu', 'catkin_cmake_args': None, 'catkin_skip_building_tests': False, 'cmake_args': None, 'cmake_clean_cache': False, 'cmake_clean_first': False, 'cmake_force_configure': False, 'cmake_target': None, 'cmake_target_skip_unavailable': False, 'install_base': '/home/qkenrrltk2/xycar_ws/src/install/my_imu', 'merge_install': False, 'path': '/home/qkenrrltk2/xycar_ws/src/my_imu', 'symlink_install': False, 'test_result_base': None}
[0.100s] Level 5:colcon.colcon_core.verb:set package 'my_motor' build argument 'cmake_args' from command line to 'None'
[0.100s] Level 5:colcon.colcon_core.verb:set package 'my_motor' build argument 'cmake_target' from command line to 'None'
[0.100s] Level 5:colcon.colcon_core.verb:set package 'my_motor' build argument 'cmake_target_skip_unavailable' from command line to 'False'
[0.100s] Level 5:colcon.colcon_core.verb:set package 'my_motor' build argument 'cmake_clean_cache' from command line to 'False'
[0.100s] Level 5:colcon.colcon_core.verb:set package 'my_motor' build argument 'cmake_clean_first' from command line to 'False'
[0.100s] Level 5:colcon.colcon_core.verb:set package 'my_motor' build argument 'cmake_force_configure' from command line to 'False'
[0.100s] Level 5:colcon.colcon_core.verb:set package 'my_motor' build argument 'ament_cmake_args' from command line to 'None'
[0.100s] Level 5:colcon.colcon_core.verb:set package 'my_motor' build argument 'catkin_cmake_args' from command line to 'None'
[0.100s] Level 5:colcon.colcon_core.verb:set package 'my_motor' build argument 'catkin_skip_building_tests' from command line to 'False'
[0.100s] DEBUG:colcon.colcon_core.verb:Building package 'my_motor' with the following arguments: {'ament_cmake_args': None, 'build_base': '/home/qkenrrltk2/xycar_ws/src/build/my_motor', 'catkin_cmake_args': None, 'catkin_skip_building_tests': False, 'cmake_args': None, 'cmake_clean_cache': False, 'cmake_clean_first': False, 'cmake_force_configure': False, 'cmake_target': None, 'cmake_target_skip_unavailable': False, 'install_base': '/home/qkenrrltk2/xycar_ws/src/install/my_motor', 'merge_install': False, 'path': '/home/qkenrrltk2/xycar_ws/src/my_motor', 'symlink_install': False, 'test_result_base': None}
[0.100s] Level 5:colcon.colcon_core.verb:set package 'recognition' build argument 'cmake_args' from command line to 'None'
[0.100s] Level 5:colcon.colcon_core.verb:set package 'recognition' build argument 'cmake_target' from command line to 'None'
[0.100s] Level 5:colcon.colcon_core.verb:set package 'recognition' build argument 'cmake_target_skip_unavailable' from command line to 'False'
[0.100s] Level 5:colcon.colcon_core.verb:set package 'recognition' build argument 'cmake_clean_cache' from command line to 'False'
[0.100s] Level 5:colcon.colcon_core.verb:set package 'recognition' build argument 'cmake_clean_first' from command line to 'False'
[0.100s] Level 5:colcon.colcon_core.verb:set package 'recognition' build argument 'cmake_force_configure' from command line to 'False'
[0.100s] Level 5:colcon.colcon_core.verb:set package 'recognition' build argument 'ament_cmake_args' from command line to 'None'
[0.100s] Level 5:colcon.colcon_core.verb:set package 'recognition' build argument 'catkin_cmake_args' from command line to 'None'
[0.100s] Level 5:colcon.colcon_core.verb:set package 'recognition' build argument 'catkin_skip_building_tests' from command line to 'False'
[0.100s] DEBUG:colcon.colcon_core.verb:Building package 'recognition' with the following arguments: {'ament_cmake_args': None, 'build_base': '/home/qkenrrltk2/xycar_ws/src/build/recognition', 'catkin_cmake_args': None, 'catkin_skip_building_tests': False, 'cmake_args': None, 'cmake_clean_cache': False, 'cmake_clean_first': False, 'cmake_force_configure': False, 'cmake_target': None, 'cmake_target_skip_unavailable': False, 'install_base': '/home/qkenrrltk2/xycar_ws/src/install/recognition', 'merge_install': False, 'path': '/home/qkenrrltk2/xycar_ws/src/recognition', 'symlink_install': False, 'test_result_base': None}
[0.101s] Level 5:colcon.colcon_core.verb:set package 'ros_tcp_endpoint' build argument 'cmake_args' from command line to 'None'
[0.101s] Level 5:colcon.colcon_core.verb:set package 'ros_tcp_endpoint' build argument 'cmake_target' from command line to 'None'
[0.101s] Level 5:colcon.colcon_core.verb:set package 'ros_tcp_endpoint' build argument 'cmake_target_skip_unavailable' from command line to 'False'
[0.101s] Level 5:colcon.colcon_core.verb:set package 'ros_tcp_endpoint' build argument 'cmake_clean_cache' from command line to 'False'
[0.101s] Level 5:colcon.colcon_core.verb:set package 'ros_tcp_endpoint' build argument 'cmake_clean_first' from command line to 'False'
[0.101s] Level 5:colcon.colcon_core.verb:set package 'ros_tcp_endpoint' build argument 'cmake_force_configure' from command line to 'False'
[0.101s] Level 5:colcon.colcon_core.verb:set package 'ros_tcp_endpoint' build argument 'ament_cmake_args' from command line to 'None'
[0.101s] Level 5:colcon.colcon_core.verb:set package 'ros_tcp_endpoint' build argument 'catkin_cmake_args' from command line to 'None'
[0.101s] Level 5:colcon.colcon_core.verb:set package 'ros_tcp_endpoint' build argument 'catkin_skip_building_tests' from command line to 'False'
[0.101s] DEBUG:colcon.colcon_core.verb:Building package 'ros_tcp_endpoint' with the following arguments: {'ament_cmake_args': None, 'build_base': '/home/qkenrrltk2/xycar_ws/src/build/ros_tcp_endpoint', 'catkin_cmake_args': None, 'catkin_skip_building_tests': False, 'cmake_args': None, 'cmake_clean_cache': False, 'cmake_clean_first': False, 'cmake_force_configure': False, 'cmake_target': None, 'cmake_target_skip_unavailable': False, 'install_base': '/home/qkenrrltk2/xycar_ws/src/install/ros_tcp_endpoint', 'merge_install': False, 'path': '/home/qkenrrltk2/xycar_ws/src/ROS-TCP-Endpoint-main-ros2', 'symlink_install': False, 'test_result_base': None}
[0.101s] Level 5:colcon.colcon_core.verb:set package 'track_drive' build argument 'cmake_args' from command line to 'None'
[0.101s] Level 5:colcon.colcon_core.verb:set package 'track_drive' build argument 'cmake_target' from command line to 'None'
[0.101s] Level 5:colcon.colcon_core.verb:set package 'track_drive' build argument 'cmake_target_skip_unavailable' from command line to 'False'
[0.101s] Level 5:colcon.colcon_core.verb:set package 'track_drive' build argument 'cmake_clean_cache' from command line to 'False'
[0.101s] Level 5:colcon.colcon_core.verb:set package 'track_drive' build argument 'cmake_clean_first' from command line to 'False'
[0.101s] Level 5:colcon.colcon_core.verb:set package 'track_drive' build argument 'cmake_force_configure' from command line to 'False'
[0.101s] Level 5:colcon.colcon_core.verb:set package 'track_drive' build argument 'ament_cmake_args' from command line to 'None'
[0.101s] Level 5:colcon.colcon_core.verb:set package 'track_drive' build argument 'catkin_cmake_args' from command line to 'None'
[0.101s] Level 5:colcon.colcon_core.verb:set package 'track_drive' build argument 'catkin_skip_building_tests' from command line to 'False'
[0.101s] DEBUG:colcon.colcon_core.verb:Building package 'track_drive' with the following arguments: {'ament_cmake_args': None, 'build_base': '/home/qkenrrltk2/xycar_ws/src/build/track_drive', 'catkin_cmake_args': None, 'catkin_skip_building_tests': False, 'cmake_args': None, 'cmake_clean_cache': False, 'cmake_clean_first': False, 'cmake_force_configure': False, 'cmake_target': None, 'cmake_target_skip_unavailable': False, 'install_base': '/home/qkenrrltk2/xycar_ws/src/install/track_drive', 'merge_install': False, 'path': '/home/qkenrrltk2/xycar_ws/src/track_drive', 'symlink_install': False, 'test_result_base': None}
[0.101s] Level 5:colcon.colcon_core.verb:set package 'xycar_msgs' build argument 'cmake_args' from command line to 'None'
[0.101s] Level 5:colcon.colcon_core.verb:set package 'xycar_msgs' build argument 'cmake_target' from command line to 'None'
[0.101s] Level 5:colcon.colcon_core.verb:set package 'xycar_msgs' build argument 'cmake_target_skip_unavailable' from command line to 'False'
[0.101s] Level 5:colcon.colcon_core.verb:set package 'xycar_msgs' build argument 'cmake_clean_cache' from command line to 'False'
[0.101s] Level 5:colcon.colcon_core.verb:set package 'xycar_msgs' build argument 'cmake_clean_first' from command line to 'False'
[0.101s] Level 5:colcon.colcon_core.verb:set package 'xycar_msgs' build argument 'cmake_force_configure' from command line to 'False'
[0.101s] Level 5:colcon.colcon_core.verb:set package 'xycar_msgs' build argument 'ament_cmake_args' from command line to 'None'
[0.102s] Level 5:colcon.colcon_core.verb:set package 'xycar_msgs' build argument 'catkin_cmake_args' from command line to 'None'
[0.102s] Level 5:colcon.colcon_core.verb:set package 'xycar_msgs' build argument 'catkin_skip_building_tests' from command line to 'False'
[0.102s] DEBUG:colcon.colcon_core.verb:Building package 'xycar_msgs' with the following arguments: {'ament_cmake_args': None, 'build_base': '/home/qkenrrltk2/xycar_ws/src/build/xycar_msgs', 'catkin_cmake_args': None, 'catkin_skip_building_tests': False, 'cmake_args': None, 'cmake_clean_cache': False, 'cmake_clean_first': False, 'cmake_force_configure': False, 'cmake_target': None, 'cmake_target_skip_unavailable': False, 'install_base': '/home/qkenrrltk2/xycar_ws/src/install/xycar_msgs', 'merge_install': False, 'path': '/home/qkenrrltk2/xycar_ws/src/xycar_msgs', 'symlink_install': False, 'test_result_base': None}
[0.102s] Level 5:colcon.colcon_core.verb:set package 'kookmin9_viewer' build argument 'cmake_args' from command line to 'None'
[0.102s] Level 5:colcon.colcon_core.verb:set package 'kookmin9_viewer' build argument 'cmake_target' from command line to 'None'
[0.102s] Level 5:colcon.colcon_core.verb:set package 'kookmin9_viewer' build argument 'cmake_target_skip_unavailable' from command line to 'False'
[0.102s] Level 5:colcon.colcon_core.verb:set package 'kookmin9_viewer' build argument 'cmake_clean_cache' from command line to 'False'
[0.102s] Level 5:colcon.colcon_core.verb:set package 'kookmin9_viewer' build argument 'cmake_clean_first' from command line to 'False'
[0.102s] Level 5:colcon.colcon_core.verb:set package 'kookmin9_viewer' build argument 'cmake_force_configure' from command line to 'False'
[0.102s] Level 5:colcon.colcon_core.verb:set package 'kookmin9_viewer' build argument 'ament_cmake_args' from command line to 'None'
[0.102s] Level 5:colcon.colcon_core.verb:set package 'kookmin9_viewer' build argument 'catkin_cmake_args' from command line to 'None'
[0.102s] Level 5:colcon.colcon_core.verb:set package 'kookmin9_viewer' build argument 'catkin_skip_building_tests' from command line to 'False'
[0.102s] DEBUG:colcon.colcon_core.verb:Building package 'kookmin9_viewer' with the following arguments: {'ament_cmake_args': None, 'build_base': '/home/qkenrrltk2/xycar_ws/src/build/kookmin9_viewer', 'catkin_cmake_args': None, 'catkin_skip_building_tests': False, 'cmake_args': None, 'cmake_clean_cache': False, 'cmake_clean_first': False, 'cmake_force_configure': False, 'cmake_target': None, 'cmake_target_skip_unavailable': False, 'install_base': '/home/qkenrrltk2/xycar_ws/src/install/kookmin9_viewer', 'merge_install': False, 'path': '/home/qkenrrltk2/xycar_ws/src/kookmin9_viewer', 'symlink_install': False, 'test_result_base': None}
[0.102s] Level 5:colcon.colcon_core.verb:set package 'my_cam' build argument 'cmake_args' from command line to 'None'
[0.102s] Level 5:colcon.colcon_core.verb:set package 'my_cam' build argument 'cmake_target' from command line to 'None'
[0.102s] Level 5:colcon.colcon_core.verb:set package 'my_cam' build argument 'cmake_target_skip_unavailable' from command line to 'False'
[0.102s] Level 5:colcon.colcon_core.verb:set package 'my_cam' build argument 'cmake_clean_cache' from command line to 'False'
[0.102s] Level 5:colcon.colcon_core.verb:set package 'my_cam' build argument 'cmake_clean_first' from command line to 'False'
[0.102s] Level 5:colcon.colcon_core.verb:set package 'my_cam' build argument 'cmake_force_configure' from command line to 'False'
[0.102s] Level 5:colcon.colcon_core.verb:set package 'my_cam' build argument 'ament_cmake_args' from command line to 'None'
[0.102s] Level 5:colcon.colcon_core.verb:set package 'my_cam' build argument 'catkin_cmake_args' from command line to 'None'
[0.102s] Level 5:colcon.colcon_core.verb:set package 'my_cam' build argument 'catkin_skip_building_tests' from command line to 'False'
[0.102s] DEBUG:colcon.colcon_core.verb:Building package 'my_cam' with the following arguments: {'ament_cmake_args': None, 'build_base': '/home/qkenrrltk2/xycar_ws/src/build/my_cam', 'catkin_cmake_args': None, 'catkin_skip_building_tests': False, 'cmake_args': None, 'cmake_clean_cache': False, 'cmake_clean_first': False, 'cmake_force_configure': False, 'cmake_target': None, 'cmake_target_skip_unavailable': False, 'install_base': '/home/qkenrrltk2/xycar_ws/src/install/my_cam', 'merge_install': False, 'path': '/home/qkenrrltk2/xycar_ws/src/my_cam', 'symlink_install': False, 'test_result_base': None}
[0.102s] Level 5:colcon.colcon_core.verb:set package 'my_lidar' build argument 'cmake_args' from command line to 'None'
[0.102s] Level 5:colcon.colcon_core.verb:set package 'my_lidar' build argument 'cmake_target' from command line to 'None'
[0.102s] Level 5:colcon.colcon_core.verb:set package 'my_lidar' build argument 'cmake_target_skip_unavailable' from command line to 'False'
[0.102s] Level 5:colcon.colcon_core.verb:set package 'my_lidar' build argument 'cmake_clean_cache' from command line to 'False'
[0.102s] Level 5:colcon.colcon_core.verb:set package 'my_lidar' build argument 'cmake_clean_first' from command line to 'False'
[0.102s] Level 5:colcon.colcon_core.verb:set package 'my_lidar' build argument 'cmake_force_configure' from command line to 'False'
[0.102s] Level 5:colcon.colcon_core.verb:set package 'my_lidar' build argument 'ament_cmake_args' from command line to 'None'
[0.102s] Level 5:colcon.colcon_core.verb:set package 'my_lidar' build argument 'catkin_cmake_args' from command line to 'None'
[0.102s] Level 5:colcon.colcon_core.verb:set package 'my_lidar' build argument 'catkin_skip_building_tests' from command line to 'False'
[0.103s] DEBUG:colcon.colcon_core.verb:Building package 'my_lidar' with the following arguments: {'ament_cmake_args': None, 'build_base': '/home/qkenrrltk2/xycar_ws/src/build/my_lidar', 'catkin_cmake_args': None, 'catkin_skip_building_tests': False, 'cmake_args': None, 'cmake_clean_cache': False, 'cmake_clean_first': False, 'cmake_force_configure': False, 'cmake_target': None, 'cmake_target_skip_unavailable': False, 'install_base': '/home/qkenrrltk2/xycar_ws/src/install/my_lidar', 'merge_install': False, 'path': '/home/qkenrrltk2/xycar_ws/src/my_lidar', 'symlink_install': False, 'test_result_base': None}
[0.103s] INFO:colcon.colcon_core.executor:Executing jobs using 'parallel' executor
[0.104s] DEBUG:colcon.colcon_parallel_executor.executor.parallel:run_until_complete
[0.104s] INFO:colcon.colcon_ros.task.ament_cmake.build:Building ROS package in '/home/qkenrrltk2/xycar_ws/src/xycar_msgs' with build type 'ament_cmake'
[0.104s] INFO:colcon.colcon_cmake.task.cmake.build:Building CMake package in '/home/qkenrrltk2/xycar_ws/src/xycar_msgs'
[0.110s] INFO:colcon.colcon_core.plugin_system:Skipping extension 'colcon_core.shell.bat': Not used on non-Windows systems
[0.110s] INFO:colcon.colcon_core.shell:Skip shell extension 'powershell' for command environment: Not usable outside of PowerShell
[0.111s] DEBUG:colcon.colcon_core.shell:Skip shell extension 'dsv' for command environment
[0.114s] INFO:colcon.colcon_ros.task.ament_python.build:Building ROS package in '/home/qkenrrltk2/xycar_ws/src/recognition' with build type 'ament_python'
[0.115s] Level 1:colcon.colcon_core.shell:create_environment_hook('recognition', 'ament_prefix_path')
[0.115s] INFO:colcon.colcon_core.shell:Creating environment hook '/home/qkenrrltk2/xycar_ws/src/install/recognition/share/recognition/hook/ament_prefix_path.ps1'
[0.116s] INFO:colcon.colcon_core.shell:Creating environment descriptor '/home/qkenrrltk2/xycar_ws/src/install/recognition/share/recognition/hook/ament_prefix_path.dsv'
[0.116s] INFO:colcon.colcon_core.shell:Creating environment hook '/home/qkenrrltk2/xycar_ws/src/install/recognition/share/recognition/hook/ament_prefix_path.sh'
[0.117s] INFO:colcon.colcon_core.shell:Skip shell extension 'powershell' for command environment: Not usable outside of PowerShell
[0.117s] DEBUG:colcon.colcon_core.shell:Skip shell extension 'dsv' for command environment
[0.119s] INFO:colcon.colcon_ros.task.ament_python.build:Building ROS package in '/home/qkenrrltk2/xycar_ws/src/my_imu' with build type 'ament_python'
[0.120s] Level 1:colcon.colcon_core.shell:create_environment_hook('my_imu', 'ament_prefix_path')
[0.120s] INFO:colcon.colcon_core.shell:Creating environment hook '/home/qkenrrltk2/xycar_ws/src/install/my_imu/share/my_imu/hook/ament_prefix_path.ps1'
[0.121s] INFO:colcon.colcon_core.shell:Creating environment descriptor '/home/qkenrrltk2/xycar_ws/src/install/my_imu/share/my_imu/hook/ament_prefix_path.dsv'
[0.121s] INFO:colcon.colcon_core.shell:Creating environment hook '/home/qkenrrltk2/xycar_ws/src/install/my_imu/share/my_imu/hook/ament_prefix_path.sh'
[0.121s] INFO:colcon.colcon_core.shell:Skip shell extension 'powershell' for command environment: Not usable outside of PowerShell
[0.121s] DEBUG:colcon.colcon_core.shell:Skip shell extension 'dsv' for command environment
[0.125s] INFO:colcon.colcon_ros.task.ament_python.build:Building ROS package in '/home/qkenrrltk2/xycar_ws/src/my_motor' with build type 'ament_python'
[0.125s] Level 1:colcon.colcon_core.shell:create_environment_hook('my_motor', 'ament_prefix_path')
[0.125s] INFO:colcon.colcon_core.shell:Creating environment hook '/home/qkenrrltk2/xycar_ws/src/install/my_motor/share/my_motor/hook/ament_prefix_path.ps1'
[0.126s] INFO:colcon.colcon_core.shell:Creating environment descriptor '/home/qkenrrltk2/xycar_ws/src/install/my_motor/share/my_motor/hook/ament_prefix_path.dsv'
[0.126s] INFO:colcon.colcon_core.shell:Creating environment hook '/home/qkenrrltk2/xycar_ws/src/install/my_motor/share/my_motor/hook/ament_prefix_path.sh'
[0.127s] INFO:colcon.colcon_core.shell:Skip shell extension 'powershell' for command environment: Not usable outside of PowerShell
[0.127s] DEBUG:colcon.colcon_core.shell:Skip shell extension 'dsv' for command environment
[0.131s] INFO:colcon.colcon_ros.task.ament_python.build:Building ROS package in '/home/qkenrrltk2/xycar_ws/src/ROS-TCP-Endpoint-main-ros2' with build type 'ament_python'
[0.132s] Level 1:colcon.colcon_core.shell:create_environment_hook('ros_tcp_endpoint', 'ament_prefix_path')
[0.132s] INFO:colcon.colcon_core.shell:Creating environment hook '/home/qkenrrltk2/xycar_ws/src/install/ros_tcp_endpoint/share/ros_tcp_endpoint/hook/ament_prefix_path.ps1'
[0.132s] INFO:colcon.colcon_core.shell:Creating environment descriptor '/home/qkenrrltk2/xycar_ws/src/install/ros_tcp_endpoint/share/ros_tcp_endpoint/hook/ament_prefix_path.dsv'
[0.133s] INFO:colcon.colcon_core.shell:Creating environment hook '/home/qkenrrltk2/xycar_ws/src/install/ros_tcp_endpoint/share/ros_tcp_endpoint/hook/ament_prefix_path.sh'
[0.133s] INFO:colcon.colcon_core.shell:Skip shell extension 'powershell' for command environment: Not usable outside of PowerShell
[0.133s] DEBUG:colcon.colcon_core.shell:Skip shell extension 'dsv' for command environment
[0.136s] INFO:colcon.colcon_ros.task.ament_python.build:Building ROS package in '/home/qkenrrltk2/xycar_ws/src/track_drive' with build type 'ament_python'
[0.136s] Level 1:colcon.colcon_core.shell:create_environment_hook('track_drive', 'ament_prefix_path')
[0.136s] INFO:colcon.colcon_core.shell:Creating environment hook '/home/qkenrrltk2/xycar_ws/src/install/track_drive/share/track_drive/hook/ament_prefix_path.ps1'
[0.137s] INFO:colcon.colcon_core.shell:Creating environment descriptor '/home/qkenrrltk2/xycar_ws/src/install/track_drive/share/track_drive/hook/ament_prefix_path.dsv'
[0.137s] INFO:colcon.colcon_core.shell:Creating environment hook '/home/qkenrrltk2/xycar_ws/src/install/track_drive/share/track_drive/hook/ament_prefix_path.sh'
[0.137s] INFO:colcon.colcon_core.shell:Skip shell extension 'powershell' for command environment: Not usable outside of PowerShell
[0.137s] DEBUG:colcon.colcon_core.shell:Skip shell extension 'dsv' for command environment
[0.145s] DEBUG:colcon.colcon_core.event_handler.log_command:Invoking command in '/home/qkenrrltk2/xycar_ws/src/build/xycar_msgs': CMAKE_PREFIX_PATH=${CMAKE_PREFIX_PATH}:/home/qkenrrltk2/xycar_ws/src/install/my_lidar:/home/qkenrrltk2/xycar_ws/src/install/my_cam:/home/qkenrrltk2/xycar_ws/src/install/kookmin9_viewer:/home/qkenrrltk2/xycar_ws/src/install/track_drive:/home/qkenrrltk2/xycar_ws/src/install/ros_tcp_endpoint:/home/qkenrrltk2/xycar_ws/src/install/recognition:/home/qkenrrltk2/xycar_ws/src/install/my_motor:/home/qkenrrltk2/xycar_ws/src/install/my_imu:/home/qkenrrltk2/xycar_ws/install/my_lidar:/home/qkenrrltk2/xycar_ws/install/my_cam:/home/qkenrrltk2/xycar_ws/install/kookmin9_viewer:/home/qkenrrltk2/xycar_ws/install/track_drive:/home/qkenrrltk2/xycar_ws/install/ros_tcp_endpoint:/home/qkenrrltk2/xycar_ws/install/my_motor:/home/qkenrrltk2/xycar_ws/install/my_imu:/opt/ros/humble /usr/bin/cmake --build /home/qkenrrltk2/xycar_ws/src/build/xycar_msgs -- -j24 -l24
[0.357s] INFO:colcon.colcon_core.task.python.build:Building Python package in '/home/qkenrrltk2/xycar_ws/src/recognition'
[0.358s] INFO:colcon.colcon_core.shell:Skip shell extension 'powershell' for command environment: Not usable outside of PowerShell
[0.358s] DEBUG:colcon.colcon_core.shell:Skip shell extension 'dsv' for command environment
[0.565s] INFO:colcon.colcon_core.task.python.build:Building Python package in '/home/qkenrrltk2/xycar_ws/src/my_imu'
[0.566s] INFO:colcon.colcon_core.shell:Skip shell extension 'powershell' for command environment: Not usable outside of PowerShell
[0.566s] DEBUG:colcon.colcon_core.shell:Skip shell extension 'dsv' for command environment
[0.765s] INFO:colcon.colcon_core.task.python.build:Building Python package in '/home/qkenrrltk2/xycar_ws/src/my_motor'
[0.765s] INFO:colcon.colcon_core.shell:Skip shell extension 'powershell' for command environment: Not usable outside of PowerShell
[0.765s] DEBUG:colcon.colcon_core.shell:Skip shell extension 'dsv' for command environment
[0.971s] INFO:colcon.colcon_core.task.python.build:Building Python package in '/home/qkenrrltk2/xycar_ws/src/ROS-TCP-Endpoint-main-ros2'
[0.971s] INFO:colcon.colcon_core.shell:Skip shell extension 'powershell' for command environment: Not usable outside of PowerShell
[0.971s] DEBUG:colcon.colcon_core.shell:Skip shell extension 'dsv' for command environment
[1.172s] INFO:colcon.colcon_core.task.python.build:Building Python package in '/home/qkenrrltk2/xycar_ws/src/track_drive'
[1.172s] INFO:colcon.colcon_core.shell:Skip shell extension 'powershell' for command environment: Not usable outside of PowerShell
[1.172s] DEBUG:colcon.colcon_core.shell:Skip shell extension 'dsv' for command environment
[1.177s] DEBUG:colcon.colcon_core.event_handler.log_command:Invoked command in '/home/qkenrrltk2/xycar_ws/src/build/xycar_msgs' returned '0': CMAKE_PREFIX_PATH=${CMAKE_PREFIX_PATH}:/home/qkenrrltk2/xycar_ws/src/install/my_lidar:/home/qkenrrltk2/xycar_ws/src/install/my_cam:/home/qkenrrltk2/xycar_ws/src/install/kookmin9_viewer:/home/qkenrrltk2/xycar_ws/src/install/track_drive:/home/qkenrrltk2/xycar_ws/src/install/ros_tcp_endpoint:/home/qkenrrltk2/xycar_ws/src/install/recognition:/home/qkenrrltk2/xycar_ws/src/install/my_motor:/home/qkenrrltk2/xycar_ws/src/install/my_imu:/home/qkenrrltk2/xycar_ws/install/my_lidar:/home/qkenrrltk2/xycar_ws/install/my_cam:/home/qkenrrltk2/xycar_ws/install/kookmin9_viewer:/home/qkenrrltk2/xycar_ws/install/track_drive:/home/qkenrrltk2/xycar_ws/install/ros_tcp_endpoint:/home/qkenrrltk2/xycar_ws/install/my_motor:/home/qkenrrltk2/xycar_ws/install/my_imu:/opt/ros/humble /usr/bin/cmake --build /home/qkenrrltk2/xycar_ws/src/build/xycar_msgs -- -j24 -l24
[1.185s] DEBUG:colcon.colcon_core.event_handler.log_command:Invoking command in '/home/qkenrrltk2/xycar_ws/src/build/xycar_msgs': CMAKE_PREFIX_PATH=${CMAKE_PREFIX_PATH}:/home/qkenrrltk2/xycar_ws/src/install/my_lidar:/home/qkenrrltk2/xycar_ws/src/install/my_cam:/home/qkenrrltk2/xycar_ws/src/install/kookmin9_viewer:/home/qkenrrltk2/xycar_ws/src/install/track_drive:/home/qkenrrltk2/xycar_ws/src/install/ros_tcp_endpoint:/home/qkenrrltk2/xycar_ws/src/install/recognition:/home/qkenrrltk2/xycar_ws/src/install/my_motor:/home/qkenrrltk2/xycar_ws/src/install/my_imu:/home/qkenrrltk2/xycar_ws/install/my_lidar:/home/qkenrrltk2/xycar_ws/install/my_cam:/home/qkenrrltk2/xycar_ws/install/kookmin9_viewer:/home/qkenrrltk2/xycar_ws/install/track_drive:/home/qkenrrltk2/xycar_ws/install/ros_tcp_endpoint:/home/qkenrrltk2/xycar_ws/install/my_motor:/home/qkenrrltk2/xycar_ws/install/my_imu:/opt/ros/humble /usr/bin/cmake --install /home/qkenrrltk2/xycar_ws/src/build/xycar_msgs
[1.246s] Level 1:colcon.colcon_core.environment:create_environment_scripts_only(xycar_msgs)
[1.246s] DEBUG:colcon.colcon_core.event_handler.log_command:Invoked command in '/home/qkenrrltk2/xycar_ws/src/build/xycar_msgs' returned '0': CMAKE_PREFIX_PATH=${CMAKE_PREFIX_PATH}:/home/qkenrrltk2/xycar_ws/src/install/my_lidar:/home/qkenrrltk2/xycar_ws/src/install/my_cam:/home/qkenrrltk2/xycar_ws/src/install/kookmin9_viewer:/home/qkenrrltk2/xycar_ws/src/install/track_drive:/home/qkenrrltk2/xycar_ws/src/install/ros_tcp_endpoint:/home/qkenrrltk2/xycar_ws/src/install/recognition:/home/qkenrrltk2/xycar_ws/src/install/my_motor:/home/qkenrrltk2/xycar_ws/src/install/my_imu:/home/qkenrrltk2/xycar_ws/install/my_lidar:/home/qkenrrltk2/xycar_ws/install/my_cam:/home/qkenrrltk2/xycar_ws/install/kookmin9_viewer:/home/qkenrrltk2/xycar_ws/install/track_drive:/home/qkenrrltk2/xycar_ws/install/ros_tcp_endpoint:/home/qkenrrltk2/xycar_ws/install/my_motor:/home/qkenrrltk2/xycar_ws/install/my_imu:/opt/ros/humble /usr/bin/cmake --install /home/qkenrrltk2/xycar_ws/src/build/xycar_msgs
[1.252s] Level 1:colcon.colcon_core.environment:checking '/home/qkenrrltk2/xycar_ws/src/install/xycar_msgs' for CMake module files
[1.252s] Level 1:colcon.colcon_core.environment:checking '/home/qkenrrltk2/xycar_ws/src/install/xycar_msgs' for CMake config files
[1.257s] Level 1:colcon.colcon_core.shell:create_environment_hook('xycar_msgs', 'cmake_prefix_path')
[1.257s] INFO:colcon.colcon_core.shell:Creating environment hook '/home/qkenrrltk2/xycar_ws/src/install/xycar_msgs/share/xycar_msgs/hook/cmake_prefix_path.ps1'
[1.258s] INFO:colcon.colcon_core.shell:Creating environment descriptor '/home/qkenrrltk2/xycar_ws/src/install/xycar_msgs/share/xycar_msgs/hook/cmake_prefix_path.dsv'
[1.258s] INFO:colcon.colcon_core.shell:Creating environment hook '/home/qkenrrltk2/xycar_ws/src/install/xycar_msgs/share/xycar_msgs/hook/cmake_prefix_path.sh'
[1.259s] Level 1:colcon.colcon_core.environment:checking '/home/qkenrrltk2/xycar_ws/src/install/xycar_msgs/lib'
[1.260s] Level 1:colcon.colcon_core.shell:create_environment_hook('xycar_msgs', 'ld_library_path_lib')
[1.260s] INFO:colcon.colcon_core.shell:Creating environment hook '/home/qkenrrltk2/xycar_ws/src/install/xycar_msgs/share/xycar_msgs/hook/ld_library_path_lib.ps1'
[1.261s] INFO:colcon.colcon_core.shell:Creating environment descriptor '/home/qkenrrltk2/xycar_ws/src/install/xycar_msgs/share/xycar_msgs/hook/ld_library_path_lib.dsv'
[1.261s] INFO:colcon.colcon_core.shell:Creating environment hook '/home/qkenrrltk2/xycar_ws/src/install/xycar_msgs/share/xycar_msgs/hook/ld_library_path_lib.sh'
[1.261s] Level 1:colcon.colcon_core.environment:checking '/home/qkenrrltk2/xycar_ws/src/install/xycar_msgs/bin'
[1.262s] Level 1:colcon.colcon_core.environment:checking '/home/qkenrrltk2/xycar_ws/src/install/xycar_msgs/lib/pkgconfig/xycar_msgs.pc'
[1.262s] Level 1:colcon.colcon_core.environment:checking '/home/qkenrrltk2/xycar_ws/src/install/xycar_msgs/lib/python3.10/site-packages'
[1.262s] Level 1:colcon.colcon_core.environment:checking '/home/qkenrrltk2/xycar_ws/src/install/xycar_msgs/bin'
[1.263s] INFO:colcon.colcon_core.shell:Creating package script '/home/qkenrrltk2/xycar_ws/src/install/xycar_msgs/share/xycar_msgs/package.ps1'
[1.264s] INFO:colcon.colcon_core.shell:Creating package descriptor '/home/qkenrrltk2/xycar_ws/src/install/xycar_msgs/share/xycar_msgs/package.dsv'
[1.264s] INFO:colcon.colcon_core.shell:Creating package script '/home/qkenrrltk2/xycar_ws/src/install/xycar_msgs/share/xycar_msgs/package.sh'
[1.265s] INFO:colcon.colcon_core.shell:Creating package script '/home/qkenrrltk2/xycar_ws/src/install/xycar_msgs/share/xycar_msgs/package.bash'
[1.266s] INFO:colcon.colcon_core.shell:Creating package script '/home/qkenrrltk2/xycar_ws/src/install/xycar_msgs/share/xycar_msgs/package.zsh'
[1.267s] Level 1:colcon.colcon_core.environment:create_file_with_runtime_dependencies(/home/qkenrrltk2/xycar_ws/src/install/xycar_msgs/share/colcon-core/packages/xycar_msgs)
[1.267s] Level 1:colcon.colcon_core.environment:create_environment_scripts_only(xycar_msgs)
[1.268s] Level 1:colcon.colcon_core.environment:checking '/home/qkenrrltk2/xycar_ws/src/install/xycar_msgs' for CMake module files
[1.268s] Level 1:colcon.colcon_core.environment:checking '/home/qkenrrltk2/xycar_ws/src/install/xycar_msgs' for CMake config files
[1.268s] Level 1:colcon.colcon_core.shell:create_environment_hook('xycar_msgs', 'cmake_prefix_path')
[1.268s] INFO:colcon.colcon_core.shell:Creating environment hook '/home/qkenrrltk2/xycar_ws/src/install/xycar_msgs/share/xycar_msgs/hook/cmake_prefix_path.ps1'
[1.269s] INFO:colcon.colcon_core.shell:Creating environment descriptor '/home/qkenrrltk2/xycar_ws/src/install/xycar_msgs/share/xycar_msgs/hook/cmake_prefix_path.dsv'
[1.269s] INFO:colcon.colcon_core.shell:Creating environment hook '/home/qkenrrltk2/xycar_ws/src/install/xycar_msgs/share/xycar_msgs/hook/cmake_prefix_path.sh'
[1.269s] Level 1:colcon.colcon_core.environment:checking '/home/qkenrrltk2/xycar_ws/src/install/xycar_msgs/lib'
[1.269s] Level 1:colcon.colcon_core.shell:create_environment_hook('xycar_msgs', 'ld_library_path_lib')
[1.270s] INFO:colcon.colcon_core.shell:Creating environment hook '/home/qkenrrltk2/xycar_ws/src/install/xycar_msgs/share/xycar_msgs/hook/ld_library_path_lib.ps1'
[1.270s] INFO:colcon.colcon_core.shell:Creating environment descriptor '/home/qkenrrltk2/xycar_ws/src/install/xycar_msgs/share/xycar_msgs/hook/ld_library_path_lib.dsv'
[1.270s] INFO:colcon.colcon_core.shell:Creating environment hook '/home/qkenrrltk2/xycar_ws/src/install/xycar_msgs/share/xycar_msgs/hook/ld_library_path_lib.sh'
[1.270s] Level 1:colcon.colcon_core.environment:checking '/home/qkenrrltk2/xycar_ws/src/install/xycar_msgs/bin'
[1.270s] Level 1:colcon.colcon_core.environment:checking '/home/qkenrrltk2/xycar_ws/src/install/xycar_msgs/lib/pkgconfig/xycar_msgs.pc'
[1.270s] Level 1:colcon.colcon_core.environment:checking '/home/qkenrrltk2/xycar_ws/src/install/xycar_msgs/lib/python3.10/site-packages'
[1.271s] Level 1:colcon.colcon_core.environment:checking '/home/qkenrrltk2/xycar_ws/src/install/xycar_msgs/bin'
[1.271s] INFO:colcon.colcon_core.shell:Creating package script '/home/qkenrrltk2/xycar_ws/src/install/xycar_msgs/share/xycar_msgs/package.ps1'
[1.271s] INFO:colcon.colcon_core.shell:Creating package descriptor '/home/qkenrrltk2/xycar_ws/src/install/xycar_msgs/share/xycar_msgs/package.dsv'
[1.272s] INFO:colcon.colcon_core.shell:Creating package script '/home/qkenrrltk2/xycar_ws/src/install/xycar_msgs/share/xycar_msgs/package.sh'
[1.272s] INFO:colcon.colcon_core.shell:Creating package script '/home/qkenrrltk2/xycar_ws/src/install/xycar_msgs/share/xycar_msgs/package.bash'
[1.273s] INFO:colcon.colcon_core.shell:Creating package script '/home/qkenrrltk2/xycar_ws/src/install/xycar_msgs/share/xycar_msgs/package.zsh'
[1.273s] Level 1:colcon.colcon_core.environment:create_file_with_runtime_dependencies(/home/qkenrrltk2/xycar_ws/src/install/xycar_msgs/share/colcon-core/packages/xycar_msgs)
[1.273s] INFO:colcon.colcon_ros.task.ament_python.build:Building ROS package in '/home/qkenrrltk2/xycar_ws/src/kookmin9_viewer' with build type 'ament_python'
[1.274s] Level 1:colcon.colcon_core.shell:create_environment_hook('kookmin9_viewer', 'ament_prefix_path')
[1.274s] INFO:colcon.colcon_core.shell:Creating environment hook '/home/qkenrrltk2/xycar_ws/src/install/kookmin9_viewer/share/kookmin9_viewer/hook/ament_prefix_path.ps1'
[1.275s] INFO:colcon.colcon_core.shell:Creating environment descriptor '/home/qkenrrltk2/xycar_ws/src/install/kookmin9_viewer/share/kookmin9_viewer/hook/ament_prefix_path.dsv'
[1.275s] INFO:colcon.colcon_core.shell:Creating environment hook '/home/qkenrrltk2/xycar_ws/src/install/kookmin9_viewer/share/kookmin9_viewer/hook/ament_prefix_path.sh'
[1.276s] INFO:colcon.colcon_core.shell:Skip shell extension 'powershell' for command environment: Not usable outside of PowerShell
[1.276s] DEBUG:colcon.colcon_core.shell:Skip shell extension 'dsv' for command environment
[1.281s] INFO:colcon.colcon_ros.task.ament_python.build:Building ROS package in '/home/qkenrrltk2/xycar_ws/src/my_lidar' with build type 'ament_python'
[1.281s] Level 1:colcon.colcon_core.shell:create_environment_hook('my_lidar', 'ament_prefix_path')
[1.281s] INFO:colcon.colcon_core.shell:Creating environment hook '/home/qkenrrltk2/xycar_ws/src/install/my_lidar/share/my_lidar/hook/ament_prefix_path.ps1'
[1.282s] INFO:colcon.colcon_core.shell:Creating environment descriptor '/home/qkenrrltk2/xycar_ws/src/install/my_lidar/share/my_lidar/hook/ament_prefix_path.dsv'
[1.282s] INFO:colcon.colcon_core.shell:Creating environment hook '/home/qkenrrltk2/xycar_ws/src/install/my_lidar/share/my_lidar/hook/ament_prefix_path.sh'
[1.282s] INFO:colcon.colcon_core.shell:Skip shell extension 'powershell' for command environment: Not usable outside of PowerShell
[1.282s] DEBUG:colcon.colcon_core.shell:Skip shell extension 'dsv' for command environment
[1.530s] INFO:colcon.colcon_core.task.python.build:Building Python package in '/home/qkenrrltk2/xycar_ws/src/my_lidar'
[1.530s] INFO:colcon.colcon_core.shell:Skip shell extension 'powershell' for command environment: Not usable outside of PowerShell
[1.530s] DEBUG:colcon.colcon_core.shell:Skip shell extension 'dsv' for command environment
[1.736s] INFO:colcon.colcon_core.task.python.build:Building Python package in '/home/qkenrrltk2/xycar_ws/src/kookmin9_viewer'
[1.736s] INFO:colcon.colcon_core.shell:Skip shell extension 'powershell' for command environment: Not usable outside of PowerShell
[1.736s] DEBUG:colcon.colcon_core.shell:Skip shell extension 'dsv' for command environment
[1.742s] DEBUG:colcon.colcon_core.event_handler.log_command:Invoking command in '/home/qkenrrltk2/xycar_ws/src/track_drive': PYTHONPATH=/home/qkenrrltk2/xycar_ws/src/build/track_drive/prefix_override:/usr/lib/python3/dist-packages/colcon_core/task/python/colcon_distutils_commands:/home/qkenrrltk2/xycar_ws/src/install/track_drive/lib/python3.10/site-packages:${PYTHONPATH} /usr/bin/python3 -W ignore:setup.py install is deprecated -W ignore:easy_install command is deprecated setup.py egg_info --egg-base ../build/track_drive build --build-base /home/qkenrrltk2/xycar_ws/src/build/track_drive/build install --record /home/qkenrrltk2/xycar_ws/src/build/track_drive/install.log --single-version-externally-managed install_data
[1.747s] DEBUG:colcon.colcon_core.event_handler.log_command:Invoking command in '/home/qkenrrltk2/xycar_ws/src/my_motor': PYTHONPATH=/home/qkenrrltk2/xycar_ws/src/build/my_motor/prefix_override:/usr/lib/python3/dist-packages/colcon_core/task/python/colcon_distutils_commands:/home/qkenrrltk2/xycar_ws/src/install/my_motor/lib/python3.10/site-packages:${PYTHONPATH} /usr/bin/python3 -W ignore:setup.py install is deprecated -W ignore:easy_install command is deprecated setup.py egg_info --egg-base ../build/my_motor build --build-base /home/qkenrrltk2/xycar_ws/src/build/my_motor/build install --record /home/qkenrrltk2/xycar_ws/src/build/my_motor/install.log --single-version-externally-managed install_data
[1.753s] DEBUG:colcon.colcon_core.event_handler.log_command:Invoking command in '/home/qkenrrltk2/xycar_ws/src/recognition': PYTHONPATH=/home/qkenrrltk2/xycar_ws/src/build/recognition/prefix_override:/usr/lib/python3/dist-packages/colcon_core/task/python/colcon_distutils_commands:/home/qkenrrltk2/xycar_ws/src/install/recognition/lib/python3.10/site-packages:${PYTHONPATH} /usr/bin/python3 -W ignore:setup.py install is deprecated -W ignore:easy_install command is deprecated setup.py egg_info --egg-base ../build/recognition build --build-base /home/qkenrrltk2/xycar_ws/src/build/recognition/build install --record /home/qkenrrltk2/xycar_ws/src/build/recognition/install.log --single-version-externally-managed install_data
[1.756s] DEBUG:colcon.colcon_core.event_handler.log_command:Invoking command in '/home/qkenrrltk2/xycar_ws/src/ROS-TCP-Endpoint-main-ros2': PYTHONPATH=/home/qkenrrltk2/xycar_ws/src/build/ros_tcp_endpoint/prefix_override:/usr/lib/python3/dist-packages/colcon_core/task/python/colcon_distutils_commands:/home/qkenrrltk2/xycar_ws/src/install/ros_tcp_endpoint/lib/python3.10/site-packages:${PYTHONPATH} /usr/bin/python3 -W ignore:setup.py install is deprecated -W ignore:easy_install command is deprecated setup.py egg_info --egg-base ../build/ros_tcp_endpoint build --build-base /home/qkenrrltk2/xycar_ws/src/build/ros_tcp_endpoint/build install --record /home/qkenrrltk2/xycar_ws/src/build/ros_tcp_endpoint/install.log --single-version-externally-managed install_data
[1.756s] DEBUG:colcon.colcon_core.event_handler.log_command:Invoking command in '/home/qkenrrltk2/xycar_ws/src/my_imu': PYTHONPATH=/home/qkenrrltk2/xycar_ws/src/build/my_imu/prefix_override:/usr/lib/python3/dist-packages/colcon_core/task/python/colcon_distutils_commands:/home/qkenrrltk2/xycar_ws/src/install/my_imu/lib/python3.10/site-packages:${PYTHONPATH} /usr/bin/python3 -W ignore:setup.py install is deprecated -W ignore:easy_install command is deprecated setup.py egg_info --egg-base ../build/my_imu build --build-base /home/qkenrrltk2/xycar_ws/src/build/my_imu/build install --record /home/qkenrrltk2/xycar_ws/src/build/my_imu/install.log --single-version-externally-managed install_data
[2.000s] Level 1:colcon.colcon_core.environment:checking '/home/qkenrrltk2/xycar_ws/src/install/recognition' for CMake module files
[2.000s] DEBUG:colcon.colcon_core.event_handler.log_command:Invoked command in '/home/qkenrrltk2/xycar_ws/src/recognition' returned '0': PYTHONPATH=/home/qkenrrltk2/xycar_ws/src/build/recognition/prefix_override:/usr/lib/python3/dist-packages/colcon_core/task/python/colcon_distutils_commands:/home/qkenrrltk2/xycar_ws/src/install/recognition/lib/python3.10/site-packages:${PYTHONPATH} /usr/bin/python3 -W ignore:setup.py install is deprecated -W ignore:easy_install command is deprecated setup.py egg_info --egg-base ../build/recognition build --build-base /home/qkenrrltk2/xycar_ws/src/build/recognition/build install --record /home/qkenrrltk2/xycar_ws/src/build/recognition/install.log --single-version-externally-managed install_data
[2.001s] Level 1:colcon.colcon_core.environment:checking '/home/qkenrrltk2/xycar_ws/src/install/recognition' for CMake config files
[2.003s] Level 1:colcon.colcon_core.environment:checking '/home/qkenrrltk2/xycar_ws/src/install/recognition/lib'
[2.004s] Level 1:colcon.colcon_core.environment:checking '/home/qkenrrltk2/xycar_ws/src/install/recognition/bin'
[2.004s] Level 1:colcon.colcon_core.environment:checking '/home/qkenrrltk2/xycar_ws/src/install/recognition/lib/pkgconfig/recognition.pc'
[2.004s] Level 1:colcon.colcon_core.environment:checking '/home/qkenrrltk2/xycar_ws/src/install/recognition/lib/python3.10/site-packages'
[2.004s] Level 1:colcon.colcon_core.shell:create_environment_hook('recognition', 'pythonpath')
[2.004s] INFO:colcon.colcon_core.shell:Creating environment hook '/home/qkenrrltk2/xycar_ws/src/install/recognition/share/recognition/hook/pythonpath.ps1'
[2.005s] INFO:colcon.colcon_core.shell:Creating environment descriptor '/home/qkenrrltk2/xycar_ws/src/install/recognition/share/recognition/hook/pythonpath.dsv'
[2.005s] INFO:colcon.colcon_core.shell:Creating environment hook '/home/qkenrrltk2/xycar_ws/src/install/recognition/share/recognition/hook/pythonpath.sh'
[2.006s] Level 1:colcon.colcon_core.environment:checking '/home/qkenrrltk2/xycar_ws/src/install/recognition/bin'
[2.006s] Level 1:colcon.colcon_core.environment:create_environment_scripts_only(recognition)
[2.006s] INFO:colcon.colcon_core.shell:Creating package script '/home/qkenrrltk2/xycar_ws/src/install/recognition/share/recognition/package.ps1'
[2.007s] INFO:colcon.colcon_core.shell:Creating package descriptor '/home/qkenrrltk2/xycar_ws/src/install/recognition/share/recognition/package.dsv'
[2.007s] INFO:colcon.colcon_core.shell:Creating package script '/home/qkenrrltk2/xycar_ws/src/install/recognition/share/recognition/package.sh'
[2.007s] INFO:colcon.colcon_core.shell:Creating package script '/home/qkenrrltk2/xycar_ws/src/install/recognition/share/recognition/package.bash'
[2.008s] INFO:colcon.colcon_core.shell:Creating package script '/home/qkenrrltk2/xycar_ws/src/install/recognition/share/recognition/package.zsh'
[2.008s] Level 1:colcon.colcon_core.environment:create_file_with_runtime_dependencies(/home/qkenrrltk2/xycar_ws/src/install/recognition/share/colcon-core/packages/recognition)
[2.008s] Level 1:colcon.colcon_core.environment:checking '/home/qkenrrltk2/xycar_ws/src/install/my_imu' for CMake module files
[2.009s] DEBUG:colcon.colcon_core.event_handler.log_command:Invoked command in '/home/qkenrrltk2/xycar_ws/src/my_imu' returned '0': PYTHONPATH=/home/qkenrrltk2/xycar_ws/src/build/my_imu/prefix_override:/usr/lib/python3/dist-packages/colcon_core/task/python/colcon_distutils_commands:/home/qkenrrltk2/xycar_ws/src/install/my_imu/lib/python3.10/site-packages:${PYTHONPATH} /usr/bin/python3 -W ignore:setup.py install is deprecated -W ignore:easy_install command is deprecated setup.py egg_info --egg-base ../build/my_imu build --build-base /home/qkenrrltk2/xycar_ws/src/build/my_imu/build install --record /home/qkenrrltk2/xycar_ws/src/build/my_imu/install.log --single-version-externally-managed install_data
[2.009s] Level 1:colcon.colcon_core.environment:checking '/home/qkenrrltk2/xycar_ws/src/install/my_imu' for CMake config files
[2.012s] Level 1:colcon.colcon_core.environment:checking '/home/qkenrrltk2/xycar_ws/src/install/my_imu/lib'
[2.012s] Level 1:colcon.colcon_core.environment:checking '/home/qkenrrltk2/xycar_ws/src/install/my_imu/bin'
[2.012s] Level 1:colcon.colcon_core.environment:checking '/home/qkenrrltk2/xycar_ws/src/install/my_imu/lib/pkgconfig/my_imu.pc'
[2.012s] Level 1:colcon.colcon_core.environment:checking '/home/qkenrrltk2/xycar_ws/src/install/my_imu/lib/python3.10/site-packages'
[2.012s] Level 1:colcon.colcon_core.shell:create_environment_hook('my_imu', 'pythonpath')
[2.012s] INFO:colcon.colcon_core.shell:Creating environment hook '/home/qkenrrltk2/xycar_ws/src/install/my_imu/share/my_imu/hook/pythonpath.ps1'
[2.013s] INFO:colcon.colcon_core.shell:Creating environment descriptor '/home/qkenrrltk2/xycar_ws/src/install/my_imu/share/my_imu/hook/pythonpath.dsv'
[2.014s] INFO:colcon.colcon_core.shell:Creating environment hook '/home/qkenrrltk2/xycar_ws/src/install/my_imu/share/my_imu/hook/pythonpath.sh'
[2.015s] Level 1:colcon.colcon_core.environment:checking '/home/qkenrrltk2/xycar_ws/src/install/my_imu/bin'
[2.015s] Level 1:colcon.colcon_core.environment:create_environment_scripts_only(my_imu)
[2.015s] INFO:colcon.colcon_core.shell:Creating package script '/home/qkenrrltk2/xycar_ws/src/install/my_imu/share/my_imu/package.ps1'
[2.016s] INFO:colcon.colcon_core.shell:Creating package descriptor '/home/qkenrrltk2/xycar_ws/src/install/my_imu/share/my_imu/package.dsv'
[2.017s] INFO:colcon.colcon_core.shell:Creating package script '/home/qkenrrltk2/xycar_ws/src/install/my_imu/share/my_imu/package.sh'
[2.017s] INFO:colcon.colcon_core.shell:Creating package script '/home/qkenrrltk2/xycar_ws/src/install/my_imu/share/my_imu/package.bash'
[2.018s] INFO:colcon.colcon_core.shell:Creating package script '/home/qkenrrltk2/xycar_ws/src/install/my_imu/share/my_imu/package.zsh'
[2.018s] Level 1:colcon.colcon_core.environment:create_file_with_runtime_dependencies(/home/qkenrrltk2/xycar_ws/src/install/my_imu/share/colcon-core/packages/my_imu)
[2.019s] INFO:colcon.colcon_ros.task.ament_python.build:Building ROS package in '/home/qkenrrltk2/xycar_ws/src/my_cam' with build type 'ament_python'
[2.019s] Level 1:colcon.colcon_core.shell:create_environment_hook('my_cam', 'ament_prefix_path')
[2.020s] INFO:colcon.colcon_core.shell:Creating environment hook '/home/qkenrrltk2/xycar_ws/src/install/my_cam/share/my_cam/hook/ament_prefix_path.ps1'
[2.020s] INFO:colcon.colcon_core.shell:Creating environment descriptor '/home/qkenrrltk2/xycar_ws/src/install/my_cam/share/my_cam/hook/ament_prefix_path.dsv'
[2.021s] INFO:colcon.colcon_core.shell:Creating environment hook '/home/qkenrrltk2/xycar_ws/src/install/my_cam/share/my_cam/hook/ament_prefix_path.sh'
[2.022s] INFO:colcon.colcon_core.shell:Skip shell extension 'powershell' for command environment: Not usable outside of PowerShell
[2.022s] DEBUG:colcon.colcon_core.shell:Skip shell extension 'dsv' for command environment
[2.026s] Level 1:colcon.colcon_core.environment:checking '/home/qkenrrltk2/xycar_ws/src/install/track_drive' for CMake module files
[2.026s] DEBUG:colcon.colcon_core.event_handler.log_command:Invoked command in '/home/qkenrrltk2/xycar_ws/src/track_drive' returned '0': PYTHONPATH=/home/qkenrrltk2/xycar_ws/src/build/track_drive/prefix_override:/usr/lib/python3/dist-packages/colcon_core/task/python/colcon_distutils_commands:/home/qkenrrltk2/xycar_ws/src/install/track_drive/lib/python3.10/site-packages:${PYTHONPATH} /usr/bin/python3 -W ignore:setup.py install is deprecated -W ignore:easy_install command is deprecated setup.py egg_info --egg-base ../build/track_drive build --build-base /home/qkenrrltk2/xycar_ws/src/build/track_drive/build install --record /home/qkenrrltk2/xycar_ws/src/build/track_drive/install.log --single-version-externally-managed install_data
[2.027s] Level 1:colcon.colcon_core.environment:checking '/home/qkenrrltk2/xycar_ws/src/install/track_drive' for CMake config files
[2.030s] Level 1:colcon.colcon_core.environment:checking '/home/qkenrrltk2/xycar_ws/src/install/track_drive/lib'
[2.030s] Level 1:colcon.colcon_core.environment:checking '/home/qkenrrltk2/xycar_ws/src/install/track_drive/bin'
[2.030s] Level 1:colcon.colcon_core.environment:checking '/home/qkenrrltk2/xycar_ws/src/install/track_drive/lib/pkgconfig/track_drive.pc'
[2.030s] Level 1:colcon.colcon_core.environment:checking '/home/qkenrrltk2/xycar_ws/src/install/track_drive/lib/python3.10/site-packages'
[2.030s] Level 1:colcon.colcon_core.shell:create_environment_hook('track_drive', 'pythonpath')
[2.031s] INFO:colcon.colcon_core.shell:Creating environment hook '/home/qkenrrltk2/xycar_ws/src/install/track_drive/share/track_drive/hook/pythonpath.ps1'
[2.031s] INFO:colcon.colcon_core.shell:Creating environment descriptor '/home/qkenrrltk2/xycar_ws/src/install/track_drive/share/track_drive/hook/pythonpath.dsv'
[2.032s] INFO:colcon.colcon_core.shell:Creating environment hook '/home/qkenrrltk2/xycar_ws/src/install/track_drive/share/track_drive/hook/pythonpath.sh'
[2.032s] Level 1:colcon.colcon_core.environment:checking '/home/qkenrrltk2/xycar_ws/src/install/track_drive/bin'
[2.032s] Level 1:colcon.colcon_core.environment:create_environment_scripts_only(track_drive)
[2.033s] INFO:colcon.colcon_core.shell:Creating package script '/home/qkenrrltk2/xycar_ws/src/install/track_drive/share/track_drive/package.ps1'
[2.033s] INFO:colcon.colcon_core.shell:Creating package descriptor '/home/qkenrrltk2/xycar_ws/src/install/track_drive/share/track_drive/package.dsv'
[2.033s] INFO:colcon.colcon_core.shell:Creating package script '/home/qkenrrltk2/xycar_ws/src/install/track_drive/share/track_drive/package.sh'
[2.034s] INFO:colcon.colcon_core.shell:Creating package script '/home/qkenrrltk2/xycar_ws/src/install/track_drive/share/track_drive/package.bash'
[2.034s] INFO:colcon.colcon_core.shell:Creating package script '/home/qkenrrltk2/xycar_ws/src/install/track_drive/share/track_drive/package.zsh'
[2.034s] Level 1:colcon.colcon_core.environment:create_file_with_runtime_dependencies(/home/qkenrrltk2/xycar_ws/src/install/track_drive/share/colcon-core/packages/track_drive)
[2.035s] Level 1:colcon.colcon_core.environment:checking '/home/qkenrrltk2/xycar_ws/src/install/my_motor' for CMake module files
[2.036s] DEBUG:colcon.colcon_core.event_handler.log_command:Invoked command in '/home/qkenrrltk2/xycar_ws/src/my_motor' returned '0': PYTHONPATH=/home/qkenrrltk2/xycar_ws/src/build/my_motor/prefix_override:/usr/lib/python3/dist-packages/colcon_core/task/python/colcon_distutils_commands:/home/qkenrrltk2/xycar_ws/src/install/my_motor/lib/python3.10/site-packages:${PYTHONPATH} /usr/bin/python3 -W ignore:setup.py install is deprecated -W ignore:easy_install command is deprecated setup.py egg_info --egg-base ../build/my_motor build --build-base /home/qkenrrltk2/xycar_ws/src/build/my_motor/build install --record /home/qkenrrltk2/xycar_ws/src/build/my_motor/install.log --single-version-externally-managed install_data
[2.036s] Level 1:colcon.colcon_core.environment:checking '/home/qkenrrltk2/xycar_ws/src/install/my_motor' for CMake config files
[2.039s] Level 1:colcon.colcon_core.environment:checking '/home/qkenrrltk2/xycar_ws/src/install/my_motor/lib'
[2.039s] Level 1:colcon.colcon_core.environment:checking '/home/qkenrrltk2/xycar_ws/src/install/my_motor/bin'
[2.039s] Level 1:colcon.colcon_core.environment:checking '/home/qkenrrltk2/xycar_ws/src/install/my_motor/lib/pkgconfig/my_motor.pc'
[2.039s] Level 1:colcon.colcon_core.environment:checking '/home/qkenrrltk2/xycar_ws/src/install/my_motor/lib/python3.10/site-packages'
[2.039s] Level 1:colcon.colcon_core.shell:create_environment_hook('my_motor', 'pythonpath')
[2.039s] INFO:colcon.colcon_core.shell:Creating environment hook '/home/qkenrrltk2/xycar_ws/src/install/my_motor/share/my_motor/hook/pythonpath.ps1'
[2.040s] INFO:colcon.colcon_core.shell:Creating environment descriptor '/home/qkenrrltk2/xycar_ws/src/install/my_motor/share/my_motor/hook/pythonpath.dsv'
[2.041s] INFO:colcon.colcon_core.shell:Creating environment hook '/home/qkenrrltk2/xycar_ws/src/install/my_motor/share/my_motor/hook/pythonpath.sh'
[2.041s] Level 1:colcon.colcon_core.environment:checking '/home/qkenrrltk2/xycar_ws/src/install/my_motor/bin'
[2.041s] Level 1:colcon.colcon_core.environment:create_environment_scripts_only(my_motor)
[2.042s] INFO:colcon.colcon_core.shell:Creating package script '/home/qkenrrltk2/xycar_ws/src/install/my_motor/share/my_motor/package.ps1'
[2.042s] INFO:colcon.colcon_core.shell:Creating package descriptor '/home/qkenrrltk2/xycar_ws/src/install/my_motor/share/my_motor/package.dsv'
[2.043s] INFO:colcon.colcon_core.shell:Creating package script '/home/qkenrrltk2/xycar_ws/src/install/my_motor/share/my_motor/package.sh'
[2.043s] INFO:colcon.colcon_core.shell:Creating package script '/home/qkenrrltk2/xycar_ws/src/install/my_motor/share/my_motor/package.bash'
[2.043s] INFO:colcon.colcon_core.shell:Creating package script '/home/qkenrrltk2/xycar_ws/src/install/my_motor/share/my_motor/package.zsh'
[2.044s] Level 1:colcon.colcon_core.environment:create_file_with_runtime_dependencies(/home/qkenrrltk2/xycar_ws/src/install/my_motor/share/colcon-core/packages/my_motor)
[2.045s] Level 1:colcon.colcon_core.environment:checking '/home/qkenrrltk2/xycar_ws/src/install/ros_tcp_endpoint' for CMake module files
[2.045s] DEBUG:colcon.colcon_core.event_handler.log_command:Invoked command in '/home/qkenrrltk2/xycar_ws/src/ROS-TCP-Endpoint-main-ros2' returned '0': PYTHONPATH=/home/qkenrrltk2/xycar_ws/src/build/ros_tcp_endpoint/prefix_override:/usr/lib/python3/dist-packages/colcon_core/task/python/colcon_distutils_commands:/home/qkenrrltk2/xycar_ws/src/install/ros_tcp_endpoint/lib/python3.10/site-packages:${PYTHONPATH} /usr/bin/python3 -W ignore:setup.py install is deprecated -W ignore:easy_install command is deprecated setup.py egg_info --egg-base ../build/ros_tcp_endpoint build --build-base /home/qkenrrltk2/xycar_ws/src/build/ros_tcp_endpoint/build install --record /home/qkenrrltk2/xycar_ws/src/build/ros_tcp_endpoint/install.log --single-version-externally-managed install_data
[2.046s] Level 1:colcon.colcon_core.environment:checking '/home/qkenrrltk2/xycar_ws/src/install/ros_tcp_endpoint' for CMake config files
[2.048s] Level 1:colcon.colcon_core.environment:checking '/home/qkenrrltk2/xycar_ws/src/install/ros_tcp_endpoint/lib'
[2.049s] Level 1:colcon.colcon_core.environment:checking '/home/qkenrrltk2/xycar_ws/src/install/ros_tcp_endpoint/bin'
[2.049s] Level 1:colcon.colcon_core.environment:checking '/home/qkenrrltk2/xycar_ws/src/install/ros_tcp_endpoint/lib/pkgconfig/ros_tcp_endpoint.pc'
[2.049s] Level 1:colcon.colcon_core.environment:checking '/home/qkenrrltk2/xycar_ws/src/install/ros_tcp_endpoint/lib/python3.10/site-packages'
[2.049s] Level 1:colcon.colcon_core.shell:create_environment_hook('ros_tcp_endpoint', 'pythonpath')
[2.049s] INFO:colcon.colcon_core.shell:Creating environment hook '/home/qkenrrltk2/xycar_ws/src/install/ros_tcp_endpoint/share/ros_tcp_endpoint/hook/pythonpath.ps1'
[2.050s] INFO:colcon.colcon_core.shell:Creating environment descriptor '/home/qkenrrltk2/xycar_ws/src/install/ros_tcp_endpoint/share/ros_tcp_endpoint/hook/pythonpath.dsv'
[2.050s] INFO:colcon.colcon_core.shell:Creating environment hook '/home/qkenrrltk2/xycar_ws/src/install/ros_tcp_endpoint/share/ros_tcp_endpoint/hook/pythonpath.sh'
[2.051s] Level 1:colcon.colcon_core.environment:checking '/home/qkenrrltk2/xycar_ws/src/install/ros_tcp_endpoint/bin'
[2.051s] Level 1:colcon.colcon_core.environment:create_environment_scripts_only(ros_tcp_endpoint)
[2.051s] INFO:colcon.colcon_core.shell:Creating package script '/home/qkenrrltk2/xycar_ws/src/install/ros_tcp_endpoint/share/ros_tcp_endpoint/package.ps1'
[2.051s] INFO:colcon.colcon_core.shell:Creating package descriptor '/home/qkenrrltk2/xycar_ws/src/install/ros_tcp_endpoint/share/ros_tcp_endpoint/package.dsv'
[2.051s] INFO:colcon.colcon_core.shell:Creating package script '/home/qkenrrltk2/xycar_ws/src/install/ros_tcp_endpoint/share/ros_tcp_endpoint/package.sh'
[2.052s] INFO:colcon.colcon_core.shell:Creating package script '/home/qkenrrltk2/xycar_ws/src/install/ros_tcp_endpoint/share/ros_tcp_endpoint/package.bash'
[2.052s] INFO:colcon.colcon_core.shell:Creating package script '/home/qkenrrltk2/xycar_ws/src/install/ros_tcp_endpoint/share/ros_tcp_endpoint/package.zsh'
[2.052s] Level 1:colcon.colcon_core.environment:create_file_with_runtime_dependencies(/home/qkenrrltk2/xycar_ws/src/install/ros_tcp_endpoint/share/colcon-core/packages/ros_tcp_endpoint)
[2.063s] DEBUG:colcon.colcon_core.event_handler.log_command:Invoking command in '/home/qkenrrltk2/xycar_ws/src/my_lidar': PYTHONPATH=/home/qkenrrltk2/xycar_ws/src/build/my_lidar/prefix_override:/usr/lib/python3/dist-packages/colcon_core/task/python/colcon_distutils_commands:/home/qkenrrltk2/xycar_ws/src/install/my_lidar/lib/python3.10/site-packages:${PYTHONPATH} /usr/bin/python3 -W ignore:setup.py install is deprecated -W ignore:easy_install command is deprecated setup.py egg_info --egg-base ../build/my_lidar build --build-base /home/qkenrrltk2/xycar_ws/src/build/my_lidar/build install --record /home/qkenrrltk2/xycar_ws/src/build/my_lidar/install.log --single-version-externally-managed install_data
[2.100s] DEBUG:colcon.colcon_core.event_handler.log_command:Invoking command in '/home/qkenrrltk2/xycar_ws/src/kookmin9_viewer': PYTHONPATH=/home/qkenrrltk2/xycar_ws/src/build/kookmin9_viewer/prefix_override:/usr/lib/python3/dist-packages/colcon_core/task/python/colcon_distutils_commands:/home/qkenrrltk2/xycar_ws/src/install/kookmin9_viewer/lib/python3.10/site-packages:${PYTHONPATH} /usr/bin/python3 -W ignore:setup.py install is deprecated -W ignore:easy_install command is deprecated setup.py egg_info --egg-base ../build/kookmin9_viewer build --build-base /home/qkenrrltk2/xycar_ws/src/build/kookmin9_viewer/build install --record /home/qkenrrltk2/xycar_ws/src/build/kookmin9_viewer/install.log --single-version-externally-managed install_data
[2.330s] INFO:colcon.colcon_core.task.python.build:Building Python package in '/home/qkenrrltk2/xycar_ws/src/my_cam'
[2.331s] INFO:colcon.colcon_core.shell:Skip shell extension 'powershell' for command environment: Not usable outside of PowerShell
[2.331s] DEBUG:colcon.colcon_core.shell:Skip shell extension 'dsv' for command environment
[2.335s] Level 1:colcon.colcon_core.environment:checking '/home/qkenrrltk2/xycar_ws/src/install/kookmin9_viewer' for CMake module files
[2.335s] DEBUG:colcon.colcon_core.event_handler.log_command:Invoked command in '/home/qkenrrltk2/xycar_ws/src/kookmin9_viewer' returned '0': PYTHONPATH=/home/qkenrrltk2/xycar_ws/src/build/kookmin9_viewer/prefix_override:/usr/lib/python3/dist-packages/colcon_core/task/python/colcon_distutils_commands:/home/qkenrrltk2/xycar_ws/src/install/kookmin9_viewer/lib/python3.10/site-packages:${PYTHONPATH} /usr/bin/python3 -W ignore:setup.py install is deprecated -W ignore:easy_install command is deprecated setup.py egg_info --egg-base ../build/kookmin9_viewer build --build-base /home/qkenrrltk2/xycar_ws/src/build/kookmin9_viewer/build install --record /home/qkenrrltk2/xycar_ws/src/build/kookmin9_viewer/install.log --single-version-externally-managed install_data
[2.336s] Level 1:colcon.colcon_core.environment:checking '/home/qkenrrltk2/xycar_ws/src/install/kookmin9_viewer' for CMake config files
[2.338s] Level 1:colcon.colcon_core.environment:checking '/home/qkenrrltk2/xycar_ws/src/install/kookmin9_viewer/lib'
[2.338s] Level 1:colcon.colcon_core.environment:checking '/home/qkenrrltk2/xycar_ws/src/install/kookmin9_viewer/bin'
[2.338s] Level 1:colcon.colcon_core.environment:checking '/home/qkenrrltk2/xycar_ws/src/install/kookmin9_viewer/lib/pkgconfig/kookmin9_viewer.pc'
[2.339s] Level 1:colcon.colcon_core.environment:checking '/home/qkenrrltk2/xycar_ws/src/install/kookmin9_viewer/lib/python3.10/site-packages'
[2.339s] Level 1:colcon.colcon_core.shell:create_environment_hook('kookmin9_viewer', 'pythonpath')
[2.339s] INFO:colcon.colcon_core.shell:Creating environment hook '/home/qkenrrltk2/xycar_ws/src/install/kookmin9_viewer/share/kookmin9_viewer/hook/pythonpath.ps1'
[2.339s] INFO:colcon.colcon_core.shell:Creating environment descriptor '/home/qkenrrltk2/xycar_ws/src/install/kookmin9_viewer/share/kookmin9_viewer/hook/pythonpath.dsv'
[2.339s] INFO:colcon.colcon_core.shell:Creating environment hook '/home/qkenrrltk2/xycar_ws/src/install/kookmin9_viewer/share/kookmin9_viewer/hook/pythonpath.sh'
[2.340s] Level 1:colcon.colcon_core.environment:checking '/home/qkenrrltk2/xycar_ws/src/install/kookmin9_viewer/bin'
[2.340s] Level 1:colcon.colcon_core.environment:create_environment_scripts_only(kookmin9_viewer)
[2.340s] INFO:colcon.colcon_core.shell:Creating package script '/home/qkenrrltk2/xycar_ws/src/install/kookmin9_viewer/share/kookmin9_viewer/package.ps1'
[2.341s] INFO:colcon.colcon_core.shell:Creating package descriptor '/home/qkenrrltk2/xycar_ws/src/install/kookmin9_viewer/share/kookmin9_viewer/package.dsv'
[2.341s] INFO:colcon.colcon_core.shell:Creating package script '/home/qkenrrltk2/xycar_ws/src/install/kookmin9_viewer/share/kookmin9_viewer/package.sh'
[2.341s] INFO:colcon.colcon_core.shell:Creating package script '/home/qkenrrltk2/xycar_ws/src/install/kookmin9_viewer/share/kookmin9_viewer/package.bash'
[2.341s] INFO:colcon.colcon_core.shell:Creating package script '/home/qkenrrltk2/xycar_ws/src/install/kookmin9_viewer/share/kookmin9_viewer/package.zsh'
[2.342s] Level 1:colcon.colcon_core.environment:create_file_with_runtime_dependencies(/home/qkenrrltk2/xycar_ws/src/install/kookmin9_viewer/share/colcon-core/packages/kookmin9_viewer)
[2.342s] Level 1:colcon.colcon_core.environment:checking '/home/qkenrrltk2/xycar_ws/src/install/my_lidar' for CMake module files
[2.343s] DEBUG:colcon.colcon_core.event_handler.log_command:Invoked command in '/home/qkenrrltk2/xycar_ws/src/my_lidar' returned '0': PYTHONPATH=/home/qkenrrltk2/xycar_ws/src/build/my_lidar/prefix_override:/usr/lib/python3/dist-packages/colcon_core/task/python/colcon_distutils_commands:/home/qkenrrltk2/xycar_ws/src/install/my_lidar/lib/python3.10/site-packages:${PYTHONPATH} /usr/bin/python3 -W ignore:setup.py install is deprecated -W ignore:easy_install command is deprecated setup.py egg_info --egg-base ../build/my_lidar build --build-base /home/qkenrrltk2/xycar_ws/src/build/my_lidar/build install --record /home/qkenrrltk2/xycar_ws/src/build/my_lidar/install.log --single-version-externally-managed install_data
[2.343s] Level 1:colcon.colcon_core.environment:checking '/home/qkenrrltk2/xycar_ws/src/install/my_lidar' for CMake config files
[2.346s] Level 1:colcon.colcon_core.environment:checking '/home/qkenrrltk2/xycar_ws/src/install/my_lidar/lib'
[2.346s] Level 1:colcon.colcon_core.environment:checking '/home/qkenrrltk2/xycar_ws/src/install/my_lidar/bin'
[2.346s] Level 1:colcon.colcon_core.environment:checking '/home/qkenrrltk2/xycar_ws/src/install/my_lidar/lib/pkgconfig/my_lidar.pc'
[2.346s] Level 1:colcon.colcon_core.environment:checking '/home/qkenrrltk2/xycar_ws/src/install/my_lidar/lib/python3.10/site-packages'
[2.346s] Level 1:colcon.colcon_core.shell:create_environment_hook('my_lidar', 'pythonpath')
[2.346s] INFO:colcon.colcon_core.shell:Creating environment hook '/home/qkenrrltk2/xycar_ws/src/install/my_lidar/share/my_lidar/hook/pythonpath.ps1'
[2.347s] INFO:colcon.colcon_core.shell:Creating environment descriptor '/home/qkenrrltk2/xycar_ws/src/install/my_lidar/share/my_lidar/hook/pythonpath.dsv'
[2.347s] INFO:colcon.colcon_core.shell:Creating environment hook '/home/qkenrrltk2/xycar_ws/src/install/my_lidar/share/my_lidar/hook/pythonpath.sh'
[2.347s] Level 1:colcon.colcon_core.environment:checking '/home/qkenrrltk2/xycar_ws/src/install/my_lidar/bin'
[2.347s] Level 1:colcon.colcon_core.environment:create_environment_scripts_only(my_lidar)
[2.348s] INFO:colcon.colcon_core.shell:Creating package script '/home/qkenrrltk2/xycar_ws/src/install/my_lidar/share/my_lidar/package.ps1'
[2.348s] INFO:colcon.colcon_core.shell:Creating package descriptor '/home/qkenrrltk2/xycar_ws/src/install/my_lidar/share/my_lidar/package.dsv'
[2.348s] INFO:colcon.colcon_core.shell:Creating package script '/home/qkenrrltk2/xycar_ws/src/install/my_lidar/share/my_lidar/package.sh'
[2.349s] INFO:colcon.colcon_core.shell:Creating package script '/home/qkenrrltk2/xycar_ws/src/install/my_lidar/share/my_lidar/package.bash'
[2.349s] INFO:colcon.colcon_core.shell:Creating package script '/home/qkenrrltk2/xycar_ws/src/install/my_lidar/share/my_lidar/package.zsh'
[2.349s] Level 1:colcon.colcon_core.environment:create_file_with_runtime_dependencies(/home/qkenrrltk2/xycar_ws/src/install/my_lidar/share/colcon-core/packages/my_lidar)
[2.711s] DEBUG:colcon.colcon_core.event_handler.log_command:Invoking command in '/home/qkenrrltk2/xycar_ws/src/my_cam': AMENT_PREFIX_PATH=/home/qkenrrltk2/xycar_ws/src/install/recognition:/home/qkenrrltk2/xycar_ws/src/install/my_lidar:/home/qkenrrltk2/xycar_ws/src/install/my_cam:/home/qkenrrltk2/xycar_ws/src/install/kookmin9_viewer:/home/qkenrrltk2/xycar_ws/src/install/xycar_msgs:/home/qkenrrltk2/xycar_ws/src/install/track_drive:/home/qkenrrltk2/xycar_ws/src/install/ros_tcp_endpoint:/home/qkenrrltk2/xycar_ws/src/install/my_motor:/home/qkenrrltk2/xycar_ws/src/install/my_imu:/home/qkenrrltk2/xycar_ws/install/my_lidar:/home/qkenrrltk2/xycar_ws/install/my_cam:/home/qkenrrltk2/xycar_ws/install/kookmin9_viewer:/home/qkenrrltk2/xycar_ws/install/xycar_msgs:/home/qkenrrltk2/xycar_ws/install/track_drive:/home/qkenrrltk2/xycar_ws/install/ros_tcp_endpoint:/home/qkenrrltk2/xycar_ws/install/my_motor:/home/qkenrrltk2/xycar_ws/install/my_imu:/opt/ros/humble PYTHONPATH=/home/qkenrrltk2/xycar_ws/src/build/my_cam/prefix_override:/usr/lib/python3/dist-packages/colcon_core/task/python/colcon_distutils_commands:/home/qkenrrltk2/xycar_ws/src/install/my_cam/lib/python3.10/site-packages:/home/qkenrrltk2/xycar_ws/src/install/recognition/lib/python3.10/site-packages:/home/qkenrrltk2/xycar_ws/src/install/my_lidar/lib/python3.10/site-packages:/home/qkenrrltk2/xycar_ws/src/install/my_cam/lib/python3.10/site-packages:/home/qkenrrltk2/xycar_ws/src/install/kookmin9_viewer/lib/python3.10/site-packages:/home/qkenrrltk2/xycar_ws/src/install/xycar_msgs/local/lib/python3.10/dist-packages:/home/qkenrrltk2/xycar_ws/src/install/track_drive/lib/python3.10/site-packages:/home/qkenrrltk2/xycar_ws/src/install/ros_tcp_endpoint/lib/python3.10/site-packages:/home/qkenrrltk2/xycar_ws/src/install/my_motor/lib/python3.10/site-packages:/home/qkenrrltk2/xycar_ws/src/install/my_imu/lib/python3.10/site-packages:/home/qkenrrltk2/xycar_ws/install/my_lidar/lib/python3.10/site-packages:/home/qkenrrltk2/xycar_ws/install/my_cam/lib/python3.10/site-packages:/home/qkenrrltk2/xycar_ws/install/kookmin9_viewer/lib/python3.10/site-packages:/home/qkenrrltk2/xycar_ws/install/xycar_msgs/local/lib/python3.10/dist-packages:/home/qkenrrltk2/xycar_ws/install/track_drive/lib/python3.10/site-packages:/home/qkenrrltk2/xycar_ws/install/ros_tcp_endpoint/lib/python3.10/site-packages:/home/qkenrrltk2/xycar_ws/install/my_motor/lib/python3.10/site-packages:/home/qkenrrltk2/xycar_ws/install/my_imu/lib/python3.10/site-packages:/opt/ros/humble/lib/python3.10/site-packages:/opt/ros/humble/local/lib/python3.10/dist-packages /usr/bin/python3 -W ignore:setup.py install is deprecated -W ignore:easy_install command is deprecated setup.py egg_info --egg-base ../build/my_cam build --build-base /home/qkenrrltk2/xycar_ws/src/build/my_cam/build install --record /home/qkenrrltk2/xycar_ws/src/build/my_cam/install.log --single-version-externally-managed install_data
[2.938s] Level 1:colcon.colcon_core.environment:checking '/home/qkenrrltk2/xycar_ws/src/install/my_cam' for CMake module files
[2.939s] DEBUG:colcon.colcon_core.event_handler.log_command:Invoked command in '/home/qkenrrltk2/xycar_ws/src/my_cam' returned '0': AMENT_PREFIX_PATH=/home/qkenrrltk2/xycar_ws/src/install/recognition:/home/qkenrrltk2/xycar_ws/src/install/my_lidar:/home/qkenrrltk2/xycar_ws/src/install/my_cam:/home/qkenrrltk2/xycar_ws/src/install/kookmin9_viewer:/home/qkenrrltk2/xycar_ws/src/install/xycar_msgs:/home/qkenrrltk2/xycar_ws/src/install/track_drive:/home/qkenrrltk2/xycar_ws/src/install/ros_tcp_endpoint:/home/qkenrrltk2/xycar_ws/src/install/my_motor:/home/qkenrrltk2/xycar_ws/src/install/my_imu:/home/qkenrrltk2/xycar_ws/install/my_lidar:/home/qkenrrltk2/xycar_ws/install/my_cam:/home/qkenrrltk2/xycar_ws/install/kookmin9_viewer:/home/qkenrrltk2/xycar_ws/install/xycar_msgs:/home/qkenrrltk2/xycar_ws/install/track_drive:/home/qkenrrltk2/xycar_ws/install/ros_tcp_endpoint:/home/qkenrrltk2/xycar_ws/install/my_motor:/home/qkenrrltk2/xycar_ws/install/my_imu:/opt/ros/humble PYTHONPATH=/home/qkenrrltk2/xycar_ws/src/build/my_cam/prefix_override:/usr/lib/python3/dist-packages/colcon_core/task/python/colcon_distutils_commands:/home/qkenrrltk2/xycar_ws/src/install/my_cam/lib/python3.10/site-packages:/home/qkenrrltk2/xycar_ws/src/install/recognition/lib/python3.10/site-packages:/home/qkenrrltk2/xycar_ws/src/install/my_lidar/lib/python3.10/site-packages:/home/qkenrrltk2/xycar_ws/src/install/my_cam/lib/python3.10/site-packages:/home/qkenrrltk2/xycar_ws/src/install/kookmin9_viewer/lib/python3.10/site-packages:/home/qkenrrltk2/xycar_ws/src/install/xycar_msgs/local/lib/python3.10/dist-packages:/home/qkenrrltk2/xycar_ws/src/install/track_drive/lib/python3.10/site-packages:/home/qkenrrltk2/xycar_ws/src/install/ros_tcp_endpoint/lib/python3.10/site-packages:/home/qkenrrltk2/xycar_ws/src/install/my_motor/lib/python3.10/site-packages:/home/qkenrrltk2/xycar_ws/src/install/my_imu/lib/python3.10/site-packages:/home/qkenrrltk2/xycar_ws/install/my_lidar/lib/python3.10/site-packages:/home/qkenrrltk2/xycar_ws/install/my_cam/lib/python3.10/site-packages:/home/qkenrrltk2/xycar_ws/install/kookmin9_viewer/lib/python3.10/site-packages:/home/qkenrrltk2/xycar_ws/install/xycar_msgs/local/lib/python3.10/dist-packages:/home/qkenrrltk2/xycar_ws/install/track_drive/lib/python3.10/site-packages:/home/qkenrrltk2/xycar_ws/install/ros_tcp_endpoint/lib/python3.10/site-packages:/home/qkenrrltk2/xycar_ws/install/my_motor/lib/python3.10/site-packages:/home/qkenrrltk2/xycar_ws/install/my_imu/lib/python3.10/site-packages:/opt/ros/humble/lib/python3.10/site-packages:/opt/ros/humble/local/lib/python3.10/dist-packages /usr/bin/python3 -W ignore:setup.py install is deprecated -W ignore:easy_install command is deprecated setup.py egg_info --egg-base ../build/my_cam build --build-base /home/qkenrrltk2/xycar_ws/src/build/my_cam/build install --record /home/qkenrrltk2/xycar_ws/src/build/my_cam/install.log --single-version-externally-managed install_data
[2.940s] Level 1:colcon.colcon_core.environment:checking '/home/qkenrrltk2/xycar_ws/src/install/my_cam' for CMake config files
[2.942s] Level 1:colcon.colcon_core.environment:checking '/home/qkenrrltk2/xycar_ws/src/install/my_cam/lib'
[2.942s] Level 1:colcon.colcon_core.environment:checking '/home/qkenrrltk2/xycar_ws/src/install/my_cam/bin'
[2.942s] Level 1:colcon.colcon_core.environment:checking '/home/qkenrrltk2/xycar_ws/src/install/my_cam/lib/pkgconfig/my_cam.pc'
[2.942s] Level 1:colcon.colcon_core.environment:checking '/home/qkenrrltk2/xycar_ws/src/install/my_cam/lib/python3.10/site-packages'
[2.942s] Level 1:colcon.colcon_core.shell:create_environment_hook('my_cam', 'pythonpath')
[2.943s] INFO:colcon.colcon_core.shell:Creating environment hook '/home/qkenrrltk2/xycar_ws/src/install/my_cam/share/my_cam/hook/pythonpath.ps1'
[2.943s] INFO:colcon.colcon_core.shell:Creating environment descriptor '/home/qkenrrltk2/xycar_ws/src/install/my_cam/share/my_cam/hook/pythonpath.dsv'
[2.943s] INFO:colcon.colcon_core.shell:Creating environment hook '/home/qkenrrltk2/xycar_ws/src/install/my_cam/share/my_cam/hook/pythonpath.sh'
[2.944s] Level 1:colcon.colcon_core.environment:checking '/home/qkenrrltk2/xycar_ws/src/install/my_cam/bin'
[2.944s] Level 1:colcon.colcon_core.environment:create_environment_scripts_only(my_cam)
[2.944s] INFO:colcon.colcon_core.shell:Creating package script '/home/qkenrrltk2/xycar_ws/src/install/my_cam/share/my_cam/package.ps1'
[2.944s] INFO:colcon.colcon_core.shell:Creating package descriptor '/home/qkenrrltk2/xycar_ws/src/install/my_cam/share/my_cam/package.dsv'
[2.945s] INFO:colcon.colcon_core.shell:Creating package script '/home/qkenrrltk2/xycar_ws/src/install/my_cam/share/my_cam/package.sh'
[2.945s] INFO:colcon.colcon_core.shell:Creating package script '/home/qkenrrltk2/xycar_ws/src/install/my_cam/share/my_cam/package.bash'
[2.945s] INFO:colcon.colcon_core.shell:Creating package script '/home/qkenrrltk2/xycar_ws/src/install/my_cam/share/my_cam/package.zsh'
[2.945s] Level 1:colcon.colcon_core.environment:create_file_with_runtime_dependencies(/home/qkenrrltk2/xycar_ws/src/install/my_cam/share/colcon-core/packages/my_cam)
[2.946s] DEBUG:colcon.colcon_parallel_executor.executor.parallel:closing loop
[2.946s] DEBUG:colcon.colcon_parallel_executor.executor.parallel:loop closed
[2.947s] DEBUG:colcon.colcon_parallel_executor.executor.parallel:run_until_complete finished with '0'
[2.947s] DEBUG:colcon.colcon_core.event_reactor:joining thread
[2.980s] INFO:colcon.colcon_core.plugin_system:Skipping extension 'colcon_notification.desktop_notification.notify_send': Could not find 'notify-send'
[2.981s] INFO:colcon.colcon_core.plugin_system:Skipping extension 'colcon_notification.desktop_notification.terminal_notifier': Not used on non-Darwin systems
[2.981s] INFO:colcon.colcon_core.plugin_system:Skipping extension 'colcon_notification.desktop_notification.win32': Not used on non-Windows systems
[2.981s] INFO:colcon.colcon_notification.desktop_notification:Sending desktop notification using 'notify2'
[2.981s] DEBUG:colcon.colcon_notification.desktop_notification.notify2:Failed to initialize notify2: org.freedesktop.DBus.Error.FileNotFound: Failed to connect to socket /run/user/1000/bus: No such file or directory
[2.981s] DEBUG:colcon.colcon_core.event_reactor:joined thread
[2.981s] INFO:colcon.colcon_core.shell:Creating prefix script '/home/qkenrrltk2/xycar_ws/src/install/local_setup.ps1'
[2.982s] INFO:colcon.colcon_core.shell:Creating prefix util module '/home/qkenrrltk2/xycar_ws/src/install/_local_setup_util_ps1.py'
[2.983s] INFO:colcon.colcon_core.shell:Creating prefix chain script '/home/qkenrrltk2/xycar_ws/src/install/setup.ps1'
[2.985s] INFO:colcon.colcon_core.shell:Creating prefix script '/home/qkenrrltk2/xycar_ws/src/install/local_setup.sh'
[2.985s] INFO:colcon.colcon_core.shell:Creating prefix util module '/home/qkenrrltk2/xycar_ws/src/install/_local_setup_util_sh.py'
[2.985s] INFO:colcon.colcon_core.shell:Creating prefix chain script '/home/qkenrrltk2/xycar_ws/src/install/setup.sh'
[2.987s] INFO:colcon.colcon_core.shell:Creating prefix script '/home/qkenrrltk2/xycar_ws/src/install/local_setup.bash'
[2.987s] INFO:colcon.colcon_core.shell:Creating prefix chain script '/home/qkenrrltk2/xycar_ws/src/install/setup.bash'
[2.988s] INFO:colcon.colcon_core.shell:Creating prefix script '/home/qkenrrltk2/xycar_ws/src/install/local_setup.zsh'
[2.989s] INFO:colcon.colcon_core.shell:Creating prefix chain script '/home/qkenrrltk2/xycar_ws/src/install/setup.zsh'
