running egg_info
writing ../build/track_drive/track_drive.egg-info/PKG-INFO
writing dependency_links to ../build/track_drive/track_drive.egg-info/dependency_links.txt
writing entry points to ../build/track_drive/track_drive.egg-info/entry_points.txt
writing requirements to ../build/track_drive/track_drive.egg-info/requires.txt
writing top-level names to ../build/track_drive/track_drive.egg-info/top_level.txt
reading manifest file '../build/track_drive/track_drive.egg-info/SOURCES.txt'
adding license file 'LICENSE'
writing manifest file '../build/track_drive/track_drive.egg-info/SOURCES.txt'
running build
running build_py
running install
running install_lib
running install_data
running install_egg_info
removing '/home/qkenrrltk2/xycar_ws/src/install/track_drive/lib/python3.10/site-packages/track_drive-0.0.0-py3.10.egg-info' (and everything under it)
Copying ../build/track_drive/track_drive.egg-info to /home/qkenrrltk2/xycar_ws/src/install/track_drive/lib/python3.10/site-packages/track_drive-0.0.0-py3.10.egg-info
running install_scripts
Installing track_drive script to /home/qkenrrltk2/xycar_ws/src/install/track_drive/lib/track_drive
writing list of installed files to '/home/qkenrrltk2/xycar_ws/src/build/track_drive/install.log'
