[1.713s] Invoking command in '/home/qkenrrltk2/xycar_ws/src/track_drive': PYTHONPATH=/home/qkenrrltk2/xycar_ws/src/build/track_drive/prefix_override:/usr/lib/python3/dist-packages/colcon_core/task/python/colcon_distutils_commands:/home/qkenrrltk2/xycar_ws/src/install/track_drive/lib/python3.10/site-packages:${PYTHONPATH} /usr/bin/python3 -W ignore:setup.py install is deprecated -W ignore:easy_install command is deprecated setup.py egg_info --egg-base ../build/track_drive build --build-base /home/qkenrrltk2/xycar_ws/src/build/track_drive/build install --record /home/qkenrrltk2/xycar_ws/src/build/track_drive/install.log --single-version-externally-managed install_data
[1.916s] running egg_info
[1.916s] writing ../build/track_drive/track_drive.egg-info/PKG-INFO
[1.916s] writing dependency_links to ../build/track_drive/track_drive.egg-info/dependency_links.txt
[1.917s] writing entry points to ../build/track_drive/track_drive.egg-info/entry_points.txt
[1.917s] writing requirements to ../build/track_drive/track_drive.egg-info/requires.txt
[1.917s] writing top-level names to ../build/track_drive/track_drive.egg-info/top_level.txt
[1.918s] reading manifest file '../build/track_drive/track_drive.egg-info/SOURCES.txt'
[1.919s] adding license file 'LICENSE'
[1.920s] writing manifest file '../build/track_drive/track_drive.egg-info/SOURCES.txt'
[1.920s] running build
[1.920s] running build_py
[1.920s] running install
[1.920s] running install_lib
[1.922s] running install_data
[1.922s] running install_egg_info
[1.924s] removing '/home/qkenrrltk2/xycar_ws/src/install/track_drive/lib/python3.10/site-packages/track_drive-0.0.0-py3.10.egg-info' (and everything under it)
[1.924s] Copying ../build/track_drive/track_drive.egg-info to /home/qkenrrltk2/xycar_ws/src/install/track_drive/lib/python3.10/site-packages/track_drive-0.0.0-py3.10.egg-info
[1.926s] running install_scripts
[1.945s] Installing track_drive script to /home/qkenrrltk2/xycar_ws/src/install/track_drive/lib/track_drive
[1.945s] writing list of installed files to '/home/qkenrrltk2/xycar_ws/src/build/track_drive/install.log'
[1.990s] Invoked command in '/home/qkenrrltk2/xycar_ws/src/track_drive' returned '0': PYTHONPATH=/home/qkenrrltk2/xycar_ws/src/build/track_drive/prefix_override:/usr/lib/python3/dist-packages/colcon_core/task/python/colcon_distutils_commands:/home/qkenrrltk2/xycar_ws/src/install/track_drive/lib/python3.10/site-packages:${PYTHONPATH} /usr/bin/python3 -W ignore:setup.py install is deprecated -W ignore:easy_install command is deprecated setup.py egg_info --egg-base ../build/track_drive build --build-base /home/qkenrrltk2/xycar_ws/src/build/track_drive/build install --record /home/qkenrrltk2/xycar_ws/src/build/track_drive/install.log --single-version-externally-managed install_data
